 ConEmuLn.x64

 Timestamp is 55dadb88 (Mon Aug 24 11:53:28 2015)

 Preferred load address is 0000000180000000

 Start         Length     Name                   Class
 0001:00000000 00004481H .text                   CODE
 0001:00004490 0000005eH .text$00                CODE
 0001:000044ee 00000000H .text$x                 CODE
 0002:00000000 00000128H .idata$5                DATA
 0002:00000130 00000431H .rdata                  DATA
 0002:00000568 0000023cH .xdata                  DATA
 0002:000007a4 00000064H .idata$2                DATA
 0002:00000808 00000014H .idata$3                DATA
 0002:00000820 00000128H .idata$4                DATA
 0002:00000948 00000226H .idata$6                DATA
 0002:00000b70 0000018fH .edata                  DATA
 0003:00000000 00000140H .data                   DATA
 0003:00000140 000087d0H .bss                    DATA
 0004:00000000 0000036cH .pdata                  DATA
 0005:00000000 00000058H .rsrc$01                DATA
 0005:00000060 000002e8H .rsrc$02                DATA

  Address         Publics by Value              Rva+Base               Lib:Object

 0000:00000000       ___safe_se_handler_count   0000000000000000     <absolute>
 0000:00000000       ___safe_se_handler_table   0000000000000000     <absolute>
 0000:00000000       __ImageBase                0000000180000000     <linker-defined>
 0001:000001bc       GetMinFarVersionW          00000001800011bc f   ConEmuLn.obj
 0001:000001c4       ?GetPluginInfoWcmn@@YAXPEAX@Z 00000001800011c4 f   ConEmuLn.obj
 0001:00000358       ?LoadFarVersion@@YAHXZ     0000000180001358 f   ConEmuLn.obj
 0001:00000470       ?PaintConEmuBackground@@YAHPEAUPaintBackgroundArg@@@Z 0000000180001470 f   ConEmuLn.obj
 0001:000006f8       ?SettingsLoad@@YAXXZ       00000001800016f8 f   ConEmuLn.obj
 0001:0000074c       ?SettingsLoadReg@@YAXPEB_W@Z 000000018000174c f   ConEmuLn.obj
 0001:0000085c       ?SettingsSave@@YAXXZ       000000018000185c f   ConEmuLn.obj
 0001:000008a8       ?SettingsSaveReg@@YAXPEB_W@Z 00000001800018a8 f   ConEmuLn.obj
 0001:0000096c       ?StartPlugin@@YAXH@Z       000000018000196c f   ConEmuLn.obj
 0001:00000a90       ?ExitPlugin@@YAXXZ         0000000180001a90 f   ConEmuLn.obj
 0001:00000ae4       ExitFARW                   0000000180001ae4 f   ConEmuLn.obj
 0001:00000ae4       ?ExitFARW3@@YAXPEAX@Z      0000000180001ae4 f   ConEmuLn.obj
 0001:00000b20       ?GetMsgW@@YAPEB_WH@Z       0000000180001b20 f   ConEmuLn.obj
 0001:00000b6c       ConfigureW                 0000000180001b6c f   ConEmuLn.obj
 0001:00000bb4       ?ConfigureW3@@YAHPEAX@Z    0000000180001bb4 f   ConEmuLn.obj
 0001:00000bfc       ?OpenPluginWcmn@@YAPEAXH_J@Z 0000000180001bfc f   ConEmuLn.obj
 0001:00000c34       ?OpenW@@YAPEAXPEBX@Z       0000000180001c34 f   ConEmuLn.obj
 0001:00000c64       DllMain                    0000000180001c64 f   ConEmuLn.obj
 0001:00000cbc       _DllMainCRTStartup         0000000180001cbc f   ConEmuLn.obj
 0001:00000cd0       SetStartupInfoW            0000000180001cd0 f   ConEmuLn.obj
 0001:00000d34       ?OnConEmuLoaded@@YAXPEAUConEmuLoadedArg@@@Z 0000000180001d34 f   ConEmuLn.obj
 0001:00000d68       ?GetPluginInfoW995@@YAXPEAX@Z 0000000180001d68 f   ConEmuLn995.obj
 0001:00000dd4       ?SetStartupInfoW995@@YAXPEAX@Z 0000000180001dd4 f   ConEmuLn995.obj
 0001:00000f74       OpenPluginW                0000000180001f74 f   ConEmuLn995.obj
 0001:00000f94       ?ExitFARW995@@YAXXZ        0000000180001f94 f   ConEmuLn995.obj
 0001:00000fe8       ?GetMsgW995@@YAPEB_WH@Z    0000000180001fe8 f   ConEmuLn995.obj
 0001:000017fc       ?ConfigureW995@@YAHH@Z     00000001800027fc f   ConEmuLn995.obj
 0001:00001818       ?SettingsLoadW995@@YAXXZ   0000000180002818 f   ConEmuLn995.obj
 0001:00001824       ?SettingsSaveW995@@YAXXZ   0000000180002824 f   ConEmuLn995.obj
 0001:00001830       ?GetPluginInfoW1900@@YAXPEAX@Z 0000000180002830 f   ConEmuLn1900.obj
 0001:000018a0       ?SetStartupInfoW1900@@YAXPEAX@Z 00000001800028a0 f   ConEmuLn1900.obj
 0001:000019dc       ?ExitFARW1900@@YAXXZ       00000001800029dc f   ConEmuLn1900.obj
 0001:00001a18       ?GetMsgW1900@@YAPEB_WH@Z   0000000180002a18 f   ConEmuLn1900.obj
 0001:000022f8       ?ConfigureW1900@@YAHH@Z    00000001800032f8 f   ConEmuLn1900.obj
 0001:00002314       ?SettingsLoadW1900@@YAXXZ  0000000180003314 f   ConEmuLn1900.obj
 0001:00002458       ?SettingsSaveW1900@@YAXXZ  0000000180003458 f   ConEmuLn1900.obj
 0001:0000257c       GetGlobalInfoW             000000018000357c f   ConEmuLn2800.obj
 0001:00002634       ?GetPluginInfoW2800@@YAXPEAX@Z 0000000180003634 f   ConEmuLn2800.obj
 0001:000026a4       ?SetStartupInfoW2800@@YAXPEAX@Z 00000001800036a4 f   ConEmuLn2800.obj
 0001:000027e0       ?OpenW1900@@YAPEAXPEBX@Z   00000001800037e0 f   ConEmuLn1900.obj
 0001:000027e0       ?OpenW2800@@YAPEAXPEBX@Z   00000001800037e0 f   ConEmuLn2800.obj
 0001:00002804       ?ExitFARW2800@@YAXXZ       0000000180003804 f   ConEmuLn2800.obj
 0001:00002840       ?GetMsgW2800@@YAPEB_WH@Z   0000000180003840 f   ConEmuLn2800.obj
 0001:000030ec       ?ConfigureW2800@@YAHH@Z    00000001800040ec f   ConEmuLn2800.obj
 0001:00003108       ?SettingsLoadW2800@@YAXXZ  0000000180004108 f   ConEmuLn2800.obj
 0001:00003254       ?SettingsSaveW2800@@YAXXZ  0000000180004254 f   ConEmuLn2800.obj
 0001:0000337c       GetMinFarVersion           000000018000437c f   ConEmuLnA.obj
 0001:000033b4       SetStartupInfo             00000001800043b4 f   ConEmuLnA.obj
 0001:00003580       GetPluginInfo              0000000180004580 f   ConEmuLnA.obj
 0001:00003604       ExitFAR                    0000000180004604 f   ConEmuLnA.obj
 0001:00003ec4       Configure                  0000000180004ec4 f   ConEmuLnA.obj
 0001:00003ee0       OpenPlugin                 0000000180004ee0 f   ConEmuLnA.obj
 0001:00003f00       ?SettingsLoadA@@YAXXZ      0000000180004f00 f   ConEmuLnA.obj
 0001:00003f0c       ?SettingsSaveA@@YAXXZ      0000000180004f0c f   ConEmuLnA.obj
 0001:00003f18       ?HeapInitialize@@YA_NXZ    0000000180004f18 f   Memory.obj
 0001:00003f50       ?HeapDeinitialize@@YAXXZ   0000000180004f50 f   Memory.obj
 0001:00003f74       ?xf_calloc@@YAPEAX_K0@Z    0000000180004f74 f   Memory.obj
 0001:00003f90       ?xf_free@@YAXPEAX@Z        0000000180004f90 f   Memory.obj
 0001:00003fc0       memset                     0000000180004fc0 f   libCRT64:memset.obj
 0001:00003ff0       memcpy                     0000000180004ff0 f   libCRT64:memcpy.obj
 0001:00004020       memmove                    0000000180005020 f   libCRT64:memmove.obj
 0001:00004250       wcstoul                    0000000180005250 f   libCRT64:strtol.obj
 0001:00004420       strtoul                    0000000180005420 f   libCRT64:strtol.obj
 0001:0000442c       VerQueryValueW             000000018000542c f   version:VERSION.dll
 0001:00004432       GetFileVersionInfoW        0000000180005432 f   version:VERSION.dll
 0001:00004438       GetFileVersionInfoSizeW    0000000180005438 f   version:VERSION.dll
 0001:00004450       _NLG_Notify                0000000180005450 f   LIBCMT:notify.obj
 0001:00004470       __NLG_Dispatch2            0000000180005470 f   LIBCMT:notify.obj
 0001:00004480       __NLG_Return2              0000000180005480 f   LIBCMT:notify.obj
 0001:000044a0       _alloca_probe              00000001800054a0     LIBCMT:chkstk.obj
 0001:000044a0       __chkstk                   00000001800054a0 f   LIBCMT:chkstk.obj
 0002:00000000       __imp_RegQueryValueExW     0000000180006000     advapi32:ADVAPI32.dll
 0002:00000008       __imp_RegOpenKeyExW        0000000180006008     advapi32:ADVAPI32.dll
 0002:00000010       __imp_RegSetValueExW       0000000180006010     advapi32:ADVAPI32.dll
 0002:00000018       __imp_RegCreateKeyExW      0000000180006018     advapi32:ADVAPI32.dll
 0002:00000020       __imp_RegCloseKey          0000000180006020     advapi32:ADVAPI32.dll
 0002:00000028       \177ADVAPI32_NULL_THUNK_DATA 0000000180006028     advapi32:ADVAPI32.dll
 0002:00000030       __imp_DeleteObject         0000000180006030     gdi32:GDI32.dll
 0002:00000038       __imp_CreatePen            0000000180006038     gdi32:GDI32.dll
 0002:00000040       __imp_SelectObject         0000000180006040     gdi32:GDI32.dll
 0002:00000048       __imp_MoveToEx             0000000180006048     gdi32:GDI32.dll
 0002:00000050       __imp_LineTo               0000000180006050     gdi32:GDI32.dll
 0002:00000058       __imp_CreateSolidBrush     0000000180006058     gdi32:GDI32.dll
 0002:00000060       \177GDI32_NULL_THUNK_DATA  0000000180006060     gdi32:GDI32.dll
 0002:00000068       __imp_VirtualProtect       0000000180006068     kernel32:KERNEL32.dll
 0002:00000070       __imp_lstrcpynW            0000000180006070     kernel32:KERNEL32.dll
 0002:00000078       __imp_MultiByteToWideChar  0000000180006078     kernel32:KERNEL32.dll
 0002:00000080       __imp_lstrlenA             0000000180006080     kernel32:KERNEL32.dll
 0002:00000088       __imp_lstrcpyA             0000000180006088     kernel32:KERNEL32.dll
 0002:00000090       __imp_HeapCreate           0000000180006090     kernel32:KERNEL32.dll
 0002:00000098       __imp_HeapAlloc            0000000180006098     kernel32:KERNEL32.dll
 0002:000000a0       __imp_GetModuleFileNameW   00000001800060a0     kernel32:KERNEL32.dll
 0002:000000a8       __imp_HeapFree             00000001800060a8     kernel32:KERNEL32.dll
 0002:000000b0       __imp_lstrcpyW             00000001800060b0     kernel32:KERNEL32.dll
 0002:000000b8       __imp_lstrcatW             00000001800060b8     kernel32:KERNEL32.dll
 0002:000000c0       __imp_lstrlenW             00000001800060c0     kernel32:KERNEL32.dll
 0002:000000c8       __imp_GetLastError         00000001800060c8     kernel32:KERNEL32.dll
 0002:000000d0       __imp_HeapDestroy          00000001800060d0     kernel32:KERNEL32.dll
 0002:000000d8       __imp_lstrcpynA            00000001800060d8     kernel32:KERNEL32.dll
 0002:000000e0       \177KERNEL32_NULL_THUNK_DATA 00000001800060e0     kernel32:KERNEL32.dll
 0002:000000e8       __imp_FillRect             00000001800060e8     user32:USER32.dll
 0002:000000f0       __imp_wsprintfW            00000001800060f0     user32:USER32.dll
 0002:000000f8       __imp_wsprintfA            00000001800060f8     user32:USER32.dll
 0002:00000100       \177USER32_NULL_THUNK_DATA 0000000180006100     user32:USER32.dll
 0002:00000108       __imp_GetFileVersionInfoSizeW 0000000180006108     version:VERSION.dll
 0002:00000110       __imp_VerQueryValueW       0000000180006110     version:VERSION.dll
 0002:00000118       __imp_GetFileVersionInfoW  0000000180006118     version:VERSION.dll
 0002:00000120       \177VERSION_NULL_THUNK_DATA 0000000180006120     version:VERSION.dll
 0002:00000130       ??_C@_0L@DJCGGOCO@ConfigureW?$AA@ 0000000180006130     ConEmuLn.obj
 0002:00000140       ??_C@_08BCACMCCB@ExitFARW?$AA@ 0000000180006140     ConEmuLn.obj
 0002:00000150       ??_C@_1CA@GLKFLGCI@?$AAH?$AAi?$AAl?$AAi?$AAg?$AAh?$AAt?$AAP?$AAl?$AAu?$AAg?$AAB?$AAa?$AAc?$AAk?$AA?$AA@ 0000000180006150     ConEmuLn.obj
 0002:00000170       ??_C@_1BO@FGCOGFB@?$AAH?$AAi?$AAl?$AAi?$AAg?$AAh?$AAt?$AAP?$AAl?$AAu?$AAg?$AAi?$AAn?$AAs?$AA?$AA@ 0000000180006170     ConEmuLn.obj
 0002:00000190       ??_C@_1BI@PPOFOFEE@?$AAH?$AAi?$AAl?$AAi?$AAg?$AAh?$AAt?$AAT?$AAy?$AAp?$AAe?$AA?$AA@ 0000000180006190     ConEmuLn.obj
 0002:000001a8       ??_C@_1BG@FMPDIDHG@?$AAL?$AAi?$AAn?$AAe?$AAs?$AAC?$AAo?$AAl?$AAo?$AAr?$AA?$AA@ 00000001800061a8     ConEmuLn.obj
 0002:000001c0       ??_C@_1BM@GCLEPEKO@?$AAP?$AAl?$AAu?$AAg?$AAi?$AAn?$AAE?$AAn?$AAa?$AAb?$AAl?$AAe?$AAd?$AA?$AA@ 00000001800061c0     ConEmuLn.obj
 0002:000001e0       ??_C@_1CA@GGFPMHLH@?$AA?6?$AAE?$AAr?$AAr?$AAC?$AAo?$AAd?$AAe?$AA?$DN?$AA0?$AAx?$AA?$CF?$AA0?$AA8?$AAX?$AA?$AA@ 00000001800061e0     ConEmuLn.obj
 0002:00000200       ??_C@_1DM@GMMDGAJC@?$AAI?$AAn?$AAv?$AAa?$AAl?$AAi?$AAd?$AA?5?$AAA?$AAp?$AAp?$AAP?$AAa?$AAt?$AAh?$AA?5?$AAw?$AAa?$AAs?$AA?5?$AAs?$AAp?$AAe?$AAc?$AAi?$AAf?$AAi?$AAe?$AAd?$AA?$AA@ 0000000180006200     ConEmuLn.obj
 0002:00000240       ??_C@_1GC@CPPHDKJK@?$AAL?$AAo?$AAa?$AAd?$AAA?$AAp?$AAp?$AAV?$AAe?$AAr?$AAs?$AAi?$AAo?$AAn?$AA?4?$AAG?$AAe?$AAt?$AAF?$AAi?$AAl?$AAe?$AAV?$AAe?$AAr?$AAs?$AAi?$AAo?$AAn?$AAI?$AAn?$AAf@ 0000000180006240     ConEmuLn.obj
 0002:000002b0       ??_C@_1GC@BINFLBDC@?$AAL?$AAo?$AAa?$AAd?$AAA?$AAp?$AAp?$AAV?$AAe?$AAr?$AAs?$AAi?$AAo?$AAn?$AA?5?$AAf?$AAa?$AAi?$AAl?$AAe?$AAd?$AA?$CB?$AA?5?$AAC?$AAa?$AAn?$AA?8?$AAt?$AA?5?$AAa?$AAl?$AAl@ 00000001800062b0     ConEmuLn.obj
 0002:00000320       ??_C@_1FK@HILEEFML@?$AAL?$AAo?$AAa?$AAd?$AAA?$AAp?$AAp?$AAV?$AAe?$AAr?$AAs?$AAi?$AAo?$AAn?$AA?4?$AAG?$AAe?$AAt?$AAF?$AAi?$AAl?$AAe?$AAV?$AAe?$AAr?$AAs?$AAi?$AAo?$AAn?$AAI?$AAn?$AAf@ 0000000180006320     ConEmuLn.obj
 0002:00000380       ??_C@_1FG@DPPGENBC@?$AAL?$AAo?$AAa?$AAd?$AAA?$AAp?$AAp?$AAV?$AAe?$AAr?$AAs?$AAi?$AAo?$AAn?$AA?4?$AAV?$AAe?$AAr?$AAQ?$AAu?$AAe?$AAr?$AAy?$AAV?$AAa?$AAl?$AAu?$AAe?$AA?$CI?$AA?$CC?$AA?2?$AA?$CC@ 0000000180006380     ConEmuLn.obj
 0002:000003d8       ??_C@_13FPGAJAPJ@?$AA?2?$AA?$AA@ 00000001800063d8     ConEmuLn.obj
 0002:000003e0       ??_C@_1FG@LNADFPCE@?$AAL?$AAo?$AAa?$AAd?$AAF?$AAa?$AAr?$AAV?$AAe?$AAr?$AAs?$AAi?$AAo?$AAn?$AA?4?$AAG?$AAe?$AAt?$AAM?$AAo?$AAd?$AAu?$AAl?$AAe?$AAF?$AAi?$AAl?$AAe?$AAN?$AAa?$AAm?$AAe@ 00000001800063e0     ConEmuLn.obj
 0002:00000438       ??_C@_11LOCGONAA@?$AA?$AA@ 0000000180006438     ConEmuLn.obj
 0002:00000440       ??_C@_1BE@MMJMCNIO@?$AAC?$AAo?$AAn?$AAE?$AAm?$AAu?$AAL?$AAn?$AA?2?$AA?$AA@ 0000000180006440     ConEmuLn995.obj
 0002:00000458       ??_C@_19OMFGMPJN@?$AA?$CF?$AA0?$AA6?$AAX?$AA?$AA@ 0000000180006458     ConEmuLn995.obj
 0002:00000468       ??_C@_1BC@KLDFICIN@?$AA0?$AAx?$AAX?$AAX?$AAX?$AAX?$AAX?$AAX?$AA?$AA@ 0000000180006468     ConEmuLn995.obj
 0002:00000480       ??_C@_1DE@DJEAMLPH@?$AAC?$AAo?$AAn?$AAE?$AAm?$AAu?$AA?4?$AAM?$AAa?$AAx?$AAi?$AAm?$AAu?$AAs?$AA5?$AA?$EA?$AAg?$AAm?$AAa?$AAi?$AAl?$AA?4?$AAc?$AAo?$AAm?$AA?$AA@ 0000000180006480     ConEmuLn2800.obj
 0002:000004c0       ??_C@_1GC@KMIACAL@?$AAP?$AAa?$AAi?$AAn?$AAt?$AA?5?$AAu?$AAn?$AAd?$AAe?$AAr?$AAl?$AAi?$AAn?$AAe?$AAd?$AA?5?$AAb?$AAa?$AAc?$AAk?$AAg?$AAr?$AAo?$AAu?$AAn?$AAd?$AA?5?$AAi?$AAn?$AA?5?$AAt@ 00000001800064c0     ConEmuLn2800.obj
 0002:00000528       ??_C@_1CE@PCHJHFGJ@?$AAC?$AAo?$AAn?$AAE?$AAm?$AAu?$AA?5?$AAU?$AAn?$AAd?$AAe?$AAr?$AAl?$AAi?$AAn?$AAe?$AAs?$AA?$AA@ 0000000180006528     ConEmuLn2800.obj
 0002:0000054c       ??_C@_04JCFDBOEJ@?$CF06X?$AA@ 000000018000654c     ConEmuLnA.obj
 0002:00000558       ??_C@_08KOICIHPP@0xXXXXXX?$AA@ 0000000180006558     ConEmuLnA.obj
 0002:000007a4       __IMPORT_DESCRIPTOR_KERNEL32 00000001800067a4     kernel32:KERNEL32.dll
 0002:000007b8       __IMPORT_DESCRIPTOR_USER32 00000001800067b8     user32:USER32.dll
 0002:000007cc       __IMPORT_DESCRIPTOR_GDI32  00000001800067cc     gdi32:GDI32.dll
 0002:000007e0       __IMPORT_DESCRIPTOR_ADVAPI32 00000001800067e0     advapi32:ADVAPI32.dll
 0002:000007f4       __IMPORT_DESCRIPTOR_VERSION 00000001800067f4     version:VERSION.dll
 0002:00000808       __NULL_IMPORT_DESCRIPTOR   0000000180006808     kernel32:KERNEL32.dll
 0003:00000000       ?g_TerminatedThreadIdx@@3JA 0000000180007000     WThreads.obj
 0003:00000010       ?gcrLinesColor@@3KA        0000000180007010     ConEmuLn.obj
 0003:00000014       ?gcrHilightPlugBack@@3KA   0000000180007014     ConEmuLn.obj
 0003:00000020       ?gSettings@@3PAUConEmuLnSettings@@A 0000000180007020     ConEmuLn.obj
 0003:000000b0       ?Far3Func@@3PAUExportFunc@@A 00000001800070b0     ConEmuLn.obj
 0003:000000f8       ?guid_ConEmuLn@@3U_GUID@@A 00000001800070f8     ConEmuLn2800.obj
 0003:00000108       ?guid_ConEmuLnCfgDlg@@3U_GUID@@A 0000000180007108     ConEmuLn2800.obj
 0003:00000118       ?guid_ConEmuLnPluginMenu@@3U_GUID@@A 0000000180007118     ConEmuLn2800.obj
 0003:00000128       ?guid_ConEmuLnPluginConfig@@3U_GUID@@A 0000000180007128     ConEmuLn2800.obj
 0003:00008140       ?g_ThreadsIdx@@3JA         000000018000f140     WThreads.obj
 0003:00008148       ?ghPluginModule@@3PEAUHINSTANCE__@@EA 000000018000f148     ConEmuLn.obj
 0003:00008150       ?gFarVersion@@3UFarVersion@@A 000000018000f150     ConEmuLn.obj
 0003:0000815c       ?gbInStartPlugin@@3_NA     000000018000f15c     ConEmuLn.obj
 0003:0000815d       ?gbSetStartupInfoOk@@3_NA  000000018000f15d     ConEmuLn.obj
 0003:00008168       ?gbBackgroundEnabled@@3HA  000000018000f168     ConEmuLn.obj
 0003:0000816c       ?giHilightType@@3HA        000000018000f16c     ConEmuLn.obj
 0003:00008170       ?gbHilightPlugins@@3HA     000000018000f170     ConEmuLn.obj
 0003:00008174       ?gbInfoW_OK@@3HA           000000018000f174     ConEmuLn.obj
 0003:00008180       ?InfoW995@@3PEAUPluginStartupInfo@@EA 000000018000f180     ConEmuLn995.obj
 0003:00008188       ?FSFW995@@3PEAUFarStandardFunctions@@EA 000000018000f188     ConEmuLn995.obj
 0003:000083a0       ?InfoW1900@@3PEAUPluginStartupInfo@@EA 000000018000f3a0     ConEmuLn1900.obj
 0003:000083a8       ?FSFW1900@@3PEAUFarStandardFunctions@@EA 000000018000f3a8     ConEmuLn1900.obj
 0003:000085c0       ?InfoW2800@@3PEAUPluginStartupInfo@@EA 000000018000f5c0     ConEmuLn2800.obj
 0003:000085c8       ?FSFW2800@@3PEAUFarStandardFunctions@@EA 000000018000f5c8     ConEmuLn2800.obj
 0003:000087e0       ?InfoA@@3PEAUPluginStartupInfo@@EA 000000018000f7e0     ConEmuLnA.obj
 0003:000087e8       ?FSFA@@3PEAUFarStandardFunctions@@EA 000000018000f7e8     ConEmuLnA.obj
 0003:00008900       ?AssertMsgBox@@3P6AHPEB_WI0PEAUHWND__@@_N@ZEA 000000018000f900     MAssert.obj
 0003:00008908       ?ghHeap@@3PEAXEA           000000018000f908     Memory.obj

 entry point at        0001:00000cbc

 Static symbols

 0001:00000000       ?LoadAppVersion@@YA_NPEB_WAEAUtagVS_FIXEDFILEINFO@@AEAY0CAA@_W@Z 0000000180001000 f   ConEmuLn.obj
 0001:000001f4       ?ChangeExports@@YA_NPEBUExportFunc@@PEAUHINSTANCE__@@@Z 00000001800011f4 f   ConEmuLn.obj
 0001:00001018       ?ConfigDlgProc@@YA_JPEAXHH_J@Z 0000000180002018 f   ConEmuLn995.obj
 0001:00001118       ?ConfigureProc@@YAHH@Z     0000000180002118 f   ConEmuLn995.obj
 0001:00001a4c       ?ConfigDlgProc@@YA_JPEAXHH0@Z 0000000180002a4c f   ConEmuLn1900.obj
 0001:00001b4c       ?ConfigureProc@@YAHH@Z     0000000180002b4c f   ConEmuLn1900.obj
 0001:00002874       ?ConfigDlgProc@@YA_JPEAX_J10@Z 0000000180003874 f   ConEmuLn2800.obj
 0001:00002980       ?ConfigureProc@@YAHH@Z     0000000180003980 f   ConEmuLn2800.obj
 0001:00003660       ?ConfigDlgProc@@YA_JPEAXHH_J@Z 0000000180004660 f   ConEmuLnA.obj
 0001:00003760       ?ConfigureProc@@YAHH@Z     0000000180004760 f   ConEmuLnA.obj
 0001:00004080       ?strtoxl@@YAKPEB_WPEAPEA_WHH@Z 0000000180005080 f   libCRT64:strtol.obj
 0001:00004260       ?strtoxl@@YAKPEBDPEAPEADHH@Z 0000000180005260 f   libCRT64:strtol.obj
