 ConEmu.x64

 Timestamp is 55dadb6a (Mon Aug 24 11:52:58 2015)

 Preferred load address is 0000000180000000

 Start         Length     Name                   Class
 0001:00000000 000471c4H .text                   CODE
 0001:000471d0 0000005eH .text$00                CODE
 0001:00047230 0000058cH .text$x                 CODE
 0002:00000000 000007c0H .idata$5                DATA
 0002:000007c0 00000008H .CRT$XCA                DATA
 0002:000007c8 00000008H .CRT$XCZ                DATA
 0002:000007d0 00000008H .CRT$XIA                DATA
 0002:000007d8 00000008H .CRT$XIC                DATA
 0002:000007e0 00000008H .CRT$XIZ                DATA
 0002:000007e8 00000008H .CRT$XPA                DATA
 0002:000007f0 00000008H .CRT$XPZ                DATA
 0002:000007f8 00000008H .CRT$XTA                DATA
 0002:00000800 00000008H .CRT$XTZ                DATA
 0002:00000810 0000679bH .rdata                  DATA
 0002:00006fac 00000073H .rdata$debug            DATA
 0002:00007020 00002838H .xdata                  DATA
 0002:00009858 00000078H .idata$2                DATA
 0002:000098d0 00000014H .idata$3                DATA
 0002:000098e8 000007c0H .idata$4                DATA
 0002:0000a0a8 000011d8H .idata$6                DATA
 0002:0000b280 000002e1H .edata                  DATA
 0003:00000000 000014bcH .data                   DATA
 0003:000014c0 0000b278H .bss                    DATA
 0004:00000000 00002c04H .pdata                  DATA
 0005:00000000 00000058H .rsrc$01                DATA
 0005:00000060 000002d8H .rsrc$02                DATA

  Address         Publics by Value              Rva+Base               Lib:Object

 0000:00000000       ___safe_se_handler_count   0000000000000000     <absolute>
 0000:00000000       ___safe_se_handler_table   0000000000000000     <absolute>
 0000:00000000       __ImageBase                0000000180000000     <linker-defined>
 0001:00000000       ??0CmdArg@@QEAA@XZ         0000000180001000 f   CmdArg.obj
 0001:00000050       ??0CmdArg@@QEAA@PEA_W@Z    0000000180001050 f   CmdArg.obj
 0001:000000c0       ??4CmdArg@@QEAAAEAU0@PEA_W@Z 00000001800010c0 f   CmdArg.obj
 0001:000000f0       ??4CmdArg@@QEAAAEAU0@PEB_W@Z 00000001800010f0 f   CmdArg.obj
 0001:00000120       ??1CmdArg@@QEAA@XZ         0000000180001120 f   CmdArg.obj
 0001:000001a0       ?GetBuffer@CmdArg@@QEAAPEA_W_J@Z 00000001800011a0 f   CmdArg.obj
 0001:00000300       ?Detach@CmdArg@@QEAAPEA_WXZ 0000000180001300 f   CmdArg.obj
 0001:00000340       ?Attach@CmdArg@@QEAAPEB_WPEA_W@Z 0000000180001340 f   CmdArg.obj
 0001:00000370       ?AttachInt@CmdArg@@AEAAPEB_WAEAPEA_W@Z 0000000180001370 f   CmdArg.obj
 0001:00000410       ?Empty@CmdArg@@QEAAXXZ     0000000180001410 f   CmdArg.obj
 0001:00000470       ?IsEmpty@CmdArg@@QEAA_NXZ  0000000180001470 f   CmdArg.obj
 0001:000004b0       ?Set@CmdArg@@QEAAPEB_WPEB_W_J@Z 00000001800014b0 f   CmdArg.obj
 0001:00000580       ?StringCchCopyNW@@YAJPEA_W_KPEB_W1@Z 0000000180001580 f i CmdArg.obj
 0001:00000740       ?SavePathVar@CmdArg@@QEAAXPEB_W@Z 0000000180001740 f   CmdArg.obj
 0001:000007a0       ?SaveEnvVar@CmdArg@@QEAAXPEB_W0@Z 00000001800017a0 f   CmdArg.obj
 0001:00000850       ?SetAt@CmdArg@@QEAAX_J_W@Z 0000000180001850 f   CmdArg.obj
 0001:000008a0       ?GetPosFrom@CmdArg@@QEAAXAEBU1@@Z 00000001800018a0 f   CmdArg.obj
 0001:000008e0       ?IsNeedDequote@@YA_NPEB_W_NPEAPEB_W@Z 00000001800018e0 f   CmdLine.obj
 0001:00000b90       ??BCmdArg@@QEBAPEB_WXZ     0000000180001b90 f i CmdLine.obj
 0001:00000ba0       ?NextArg@@YAHPEAPEB_WAEAUCmdArg@@0@Z 0000000180001ba0 f   CmdLine.obj
 0001:00001110       ?NextLine@@YAHPEAPEB_WAEAUCmdArg@@K@Z 0000000180002110 f   CmdLine.obj
 0001:00001300       ?AddEndSlash@@YAHPEA_WH@Z  0000000180002300 f   CmdLine.obj
 0001:00001390       ?SkipNonPrintable@@YAPEB_WPEB_W@Z 0000000180002390 f   CmdLine.obj
 0001:00001400       ?CompareFileMask@@YA_NPEB_W0@Z 0000000180002400 f   CmdLine.obj
 0001:00001620       ?wcschr@@YAPEA_WPEA_W_W@Z  0000000180002620 f i CmdLine.obj
 0001:00001650       ?GetDrive@@YAPEB_WPEB_WPEA_WH@Z 0000000180002650 f   CmdLine.obj
 0001:00001900       ?GetDirectory@@YAHAEAUCmdArg@@@Z 0000000180002900 f   CmdLine.obj
 0001:000019a0       ?IsNeedCmd@@YA_NHPEB_WAEAUCmdArg@@PEAPEB_WPEAH333@Z 00000001800029a0 f   CmdLine.obj
 0001:00002410       ?Disable@MWow64Disable@@QEAAXXZ 0000000180003410 f i CmdLine.obj
 0001:00002450       ??0MWow64Disable@@QEAA@XZ  0000000180003450 f i CmdLine.obj
 0001:000024f0       ??1MWow64Disable@@QEAA@XZ  00000001800034f0 f i CmdLine.obj
 0001:00002510       ?Restore@MWow64Disable@@QEAAXXZ 0000000180003510 f i CmdLine.obj
 0001:00002560       ?IsExecutable@@YA_NPEB_WPEAPEA_W@Z 0000000180003560 f   CmdLine.obj
 0001:00002680       ?CheckProcessName@@YA_NPEB_WPEAPEB_W1@Z 0000000180003680 f   CmdLine.obj
 0001:00002780       ?IsConsoleService@@YA_NPEB_W@Z 0000000180003780 f   CmdLine.obj
 0001:000027f0       ?IsConsoleServer@@YA_NPEB_W@Z 00000001800037f0 f   CmdLine.obj
 0001:00002860       ?IsFarExe@@YA_NPEB_W@Z     0000000180003860 f   CmdLine.obj
 0001:000028d0       ?IsCmdProcessor@@YA_NPEB_W@Z 00000001800038d0 f   CmdLine.obj
 0001:00002940       ?IsQuotationNeeded@@YA_NPEB_W@Z 0000000180003940 f   CmdLine.obj
 0001:00002990       ?MergeCmdLine@@YAPEA_WPEB_W0@Z 0000000180003990 f   CmdLine.obj
 0001:00002a70       ?JoinPath@@YAPEA_WPEB_W00@Z 0000000180003a70 f   CmdLine.obj
 0001:00002ca0       ?IsFilePath@@YA_NPEB_W_N@Z 0000000180003ca0 f   CmdLine.obj
 0001:00002ea0       ?PointToName@@YAPEB_WPEB_W@Z 0000000180003ea0 f   CmdLine.obj
 0001:00002f50       ?PointToName@@YAPEBDPEBD@Z 0000000180003f50 f   CmdLine.obj
 0001:00003000       ?PointToExt@@YAPEB_WPEB_W@Z 0000000180004000 f   CmdLine.obj
 0001:00003050       ?Unquote@@YAPEB_WPEA_W_N@Z 0000000180004050 f   CmdLine.obj
 0001:00003100       ?wcsrchr@@YAPEA_WPEA_W_W@Z 0000000180004100 f i CmdLine.obj
 0001:00003130       ?IsNewConsoleArg@@YA_NPEB_W0@Z 0000000180004130 f   CmdLine.obj
 0001:00003250       ?PackInputRecord@@YAHPEBU_INPUT_RECORD@@PEAUMsgStr@MSG64@@@Z 0000000180004250 f   Common.obj
 0001:00003500       ?UnpackInputRecord@@YAHPEBUMsgStr@MSG64@@PEAU_INPUT_RECORD@@@Z 0000000180004500 f   Common.obj
 0001:000037f0       ?TranslateKeyPress@@YAXGK_WHPEAU_INPUT_RECORD@@1@Z 00000001800047f0 f   Common.obj
 0001:00003a40       ?GetCommand@CESERVER_REQ_NEWCMD@@QEAAPEA_WXZ 0000000180004a40 f   Common.obj
 0001:00003a90       ?GetEnvStrings@CESERVER_REQ_NEWCMD@@QEAAPEA_WXZ 0000000180004a90 f   Common.obj
 0001:00003ae0       ?SetCommand@CESERVER_REQ_NEWCMD@@QEAAXPEB_W@Z 0000000180004ae0 f   Common.obj
 0001:00003b80       ?SetEnvStrings@CESERVER_REQ_NEWCMD@@QEAAXPEB_WK@Z 0000000180004b80 f   Common.obj
 0001:00003d20       ?IsEnvBlockVariableValid@@YA_NPEB_WAEAPEB_W@Z 0000000180004d20 f   Common.obj
 0001:00003d90       ?IsEnvBlockVariableValid@@YA_NPEB_W@Z 0000000180004d90 f   Common.obj
 0001:00003de0       ?CommonShutdown@@YAXXZ     0000000180004de0 f   Common.obj
 0001:00003e10       ?ModuleName@@YAPEB_WPEB_W@Z 0000000180004e10 f   ConEmuCheck.obj
 0001:00003f00       ?ExecuteOpenPipe@@YAPEAXPEB_WAEAY0CAI@_W0KKHPEAXH@Z 0000000180004f00 f   ConEmuCheck.obj
 0001:00004200       ?ExecutePrepareCmd@@YAXPEAUCESERVER_REQ@@K_K@Z 0000000180005200 f   ConEmuCheck.obj
 0001:00004260       ?ExecutePrepareCmd@@YAXPEAUCESERVER_REQ_HDR@@K_K@Z 0000000180005260 f   ConEmuCheck.obj
 0001:00004330       ?ExecuteNewCmd@@YAPEAUCESERVER_REQ@@K_K@Z 0000000180005330 f   ConEmuCheck.obj
 0001:000043a0       ?ExecuteNewCmd@@YA_NAEAPEAUCESERVER_REQ@@AEAKK_K@Z 00000001800053a0 f   ConEmuCheck.obj
 0001:00004470       ?LoadSrvMapping@@YAHPEAUHWND__@@AEAUCESERVER_CONSOLE_MAPPING_HDR@@@Z 0000000180005470 f   ConEmuCheck.obj
 0001:000045e0       ?LoadGuiMapping@@YAHKAEAUConEmuGuiMapping@@@Z 00000001800055e0 f   ConEmuCheck.obj
 0001:00004740       ?ExecuteNewCmdOnCreate@@YAPEAUCESERVER_REQ@@PEAUCESERVER_CONSOLE_MAPPING_HDR@@PEAUHWND__@@W4CmdOnCreateType@@PEB_W33PEAK444HHPEAX55@Z 0000000180005740 f   ConEmuCheck.obj
 0001:00004c30       ?StringCchCopyW@@YAJPEA_W_KPEB_W@Z 0000000180005c30 f i ConEmuCheck.obj
 0001:00004dc0       ?ExecuteGuiCmd@@YAPEAUCESERVER_REQ@@PEAUHWND__@@PEAU1@0H@Z 0000000180005dc0 f   ConEmuCheck.obj
 0001:00004e80       ?ExecuteSrvCmd@@YAPEAUCESERVER_REQ@@KPEAU1@PEAUHWND__@@HKH@Z 0000000180005e80 f   ConEmuCheck.obj
 0001:00004f50       ?ExecuteHkCmd@@YAPEAUCESERVER_REQ@@KPEAU1@PEAUHWND__@@HH@Z 0000000180005f50 f   ConEmuCheck.obj
 0001:00005020       ?ExecuteCmd@@YAPEAUCESERVER_REQ@@PEB_WPEAU1@KPEAUHWND__@@HKH@Z 0000000180006020 f   ConEmuCheck.obj
 0001:00005420       ?ExecuteFreeResult@@YAXAEAPEAUCESERVER_REQ@@@Z 0000000180006420 f   ConEmuCheck.obj
 0001:00005460       ?AllocateSendCurrentDirectory@@YA_NAEAPEAUCESERVER_REQ@@AEAKPEB_W2@Z 0000000180006460 f   ConEmuCheck.obj
 0001:000055b0       ?SendCurrentDirectory@@YAXPEAUHWND__@@PEB_W1@Z 00000001800065b0 f   ConEmuCheck.obj
 0001:00005630       ?isConsoleClass@@YA_NPEB_W@Z 0000000180006630 f   ConEmuCheck.obj
 0001:00005690       ?isConsoleWindow@@YA_NPEAUHWND__@@@Z 0000000180006690 f   ConEmuCheck.obj
 0001:000057a0       ?myGetConsoleWindow@@YAPEAUHWND__@@XZ 00000001800067a0 f   ConEmuCheck.obj
 0001:000058d0       ?GetConEmuHWND@@YAPEAUHWND__@@H@Z 00000001800068d0 f   ConEmuCheck.obj
 0001:00005af0       ??BHWND2@@QEBAPEAUHWND__@@XZ 0000000180006af0 f i ConEmuCheck.obj
 0001:00005b00       ??BHWND2@@QEBAKXZ          0000000180006b00 f i ConEmuCheck.obj
 0001:00005b10       ?ConEmuCheck@@YAHPEAPEAUHWND__@@@Z 0000000180006b10 f   ConEmuCheck.obj
 0001:00005b60       ?GuiMessageBox@@YAHPEAUHWND__@@PEB_W1H@Z 0000000180006b60 f   ConEmuCheck.obj
 0001:00005d90       ?InitName@?$MFileMapping@UCESERVER_CONSOLE_MAPPING_HDR@@@@QEAAPEB_WPEB_WKK@Z 0000000180006d90 f i ConEmuCheck.obj
 0001:00005df0       ?CloseMap@?$MFileMapping@UCESERVER_CONSOLE_MAPPING_HDR@@@@QEAAXXZ 0000000180006df0 f i ConEmuCheck.obj
 0001:00005e80       ?Open@?$MFileMapping@UCESERVER_CONSOLE_MAPPING_HDR@@@@QEAAPEAUCESERVER_CONSOLE_MAPPING_HDR@@HH@Z 0000000180006e80 f i ConEmuCheck.obj
 0001:00005eb0       ??0?$MFileMapping@UCESERVER_CONSOLE_MAPPING_HDR@@@@QEAA@XZ 0000000180006eb0 f i ConEmuCheck.obj
 0001:00005f20       ??1?$MFileMapping@UCESERVER_CONSOLE_MAPPING_HDR@@@@QEAA@XZ 0000000180006f20 f i ConEmuCheck.obj
 0001:00005f50       ?InitName@?$MFileMapping@UConEmuGuiMapping@@@@QEAAPEB_WPEB_WKK@Z 0000000180006f50 f i ConEmuCheck.obj
 0001:00005fb0       ?CloseMap@?$MFileMapping@UConEmuGuiMapping@@@@QEAAXXZ 0000000180006fb0 f i ConEmuCheck.obj
 0001:00006040       ?Open@?$MFileMapping@UConEmuGuiMapping@@@@QEAAPEAUConEmuGuiMapping@@HH@Z 0000000180007040 f i ConEmuCheck.obj
 0001:00006070       ??0?$MFileMapping@UConEmuGuiMapping@@@@QEAA@XZ 0000000180007070 f i ConEmuCheck.obj
 0001:000060e0       ??1?$MFileMapping@UConEmuGuiMapping@@@@QEAA@XZ 00000001800070e0 f i ConEmuCheck.obj
 0001:00006110       ?ClosePtr@?$MFileMapping@UCESERVER_CONSOLE_MAPPING_HDR@@@@QEAAXXZ 0000000180007110 f i ConEmuCheck.obj
 0001:00006150       ?InternalOpenCreate@?$MFileMapping@UCESERVER_CONSOLE_MAPPING_HDR@@@@IEAAPEAUCESERVER_CONSOLE_MAPPING_HDR@@HHH@Z 0000000180007150 f i ConEmuCheck.obj
 0001:00006400       ?ClosePtr@?$MFileMapping@UConEmuGuiMapping@@@@QEAAXXZ 0000000180007400 f i ConEmuCheck.obj
 0001:00006440       ?InternalOpenCreate@?$MFileMapping@UConEmuGuiMapping@@@@IEAAPEAUConEmuGuiMapping@@HHH@Z 0000000180007440 f i ConEmuCheck.obj
 0001:000066f0       ??$wcscpy_c@$0CA@@@YAHAEAY0CA@_WPEB_W@Z 00000001800076f0 f i ConEmuCheck.obj
 0001:00006720       ??$wcscpy_c@$0CAI@@@YAHAEAY0CAI@_WPEB_W@Z 0000000180007720 f i ConEmuCheck.obj
 0001:00006750       ?LoadGuiMapping@@YAHPEAUHWND__@@AEAUConEmuGuiMapping@@@Z 0000000180007750 f   ConEmuCheckEx.obj
 0001:000067a0       ?IsConEmuExeExist@@YAHPEB_WAEAY0BAF@_W@Z 00000001800077a0 f   ConEmuCheckEx.obj
 0001:00006880       ?FindConEmuBaseDir@@YAHAEAY0BAF@_W0PEAUHINSTANCE__@@@Z 0000000180007880 f   ConEmuCheckEx.obj
 0001:00006ef0       ??$wcscpy_c@$0BAF@@@YAHAEAY0BAF@_WPEB_W@Z 0000000180007ef0 f i ConEmuCheckEx.obj
 0001:00007050       ??$wcscpy_add@$0BAF@@@YAHPEA_WAEAY0BAF@_WPEB_W@Z 0000000180008050 f i ConEmuCheckEx.obj
 0001:000070c0       ??$wcscat_c@$0BAF@@@YAHAEAY0BAF@_WPEB_W@Z 00000001800080c0 f i ConEmuCheckEx.obj
 0001:000070f0       ?StringCchCatW@@YAJPEA_W_KPEB_W@Z 00000001800080f0 f i ConEmuCheckEx.obj
 0001:00007280       ?StartupHooks@@YA_NPEAUHINSTANCE__@@@Z 0000000180008280 f   ConEmuInjects.obj
 0001:00007780       ?ShutdownHooks@@YAXXZ      0000000180008780 f   ConEmuInjects.obj
 0001:00007a10       ??$wcscpy_c@$0EA@@@YAHAEAY0EA@_WPEB_W@Z 0000000180008a10 f i ConEmuInjects.obj
 0001:00007b70       DllMain                    0000000180008b70 f   ConEmuPlugin.obj
 0001:00007bc0       ?GetPluginInfo@@YAXPEAX@Z  0000000180008bc0 f   ConEmuPlugin.obj
 0001:00007c30       ?GetPluginInfoW@@YAXPEAX@Z 0000000180008c30 f   ConEmuPlugin.obj
 0001:00007c60       ?IsConsoleActive@@YAHXZ    0000000180008c60 f   ConEmuPlugin.obj
 0001:00007ce0       ?GetFarHWND2@@YAPEAUHWND__@@H@Z 0000000180008ce0 f   ConEmuPlugin.obj
 0001:00007d70       ?GetFarHWND@@YAPEAUHWND__@@XZ 0000000180008d70 f   ConEmuPlugin.obj
 0001:00007d80       ?IsTerminalMode@@YAHXZ     0000000180008d80 f   ConEmuPlugin.obj
 0001:00007d90       ?GetFarVersion@@YAXPEAUFarVersion@@@Z 0000000180008d90 f   ConEmuPlugin.obj
 0001:00007dc0       ?RegisterPanelView@@YAHPEAUPanelViewInit@@@Z 0000000180008dc0 f   ConEmuPlugin.obj
 0001:00008090       ?RegisterBackground@@YAHPEAURegisterBackgroundArg@@@Z 0000000180009090 f   ConEmuPlugin.obj
 0001:00008130       ?SyncExecute@@YAHPEAUHINSTANCE__@@P6AX_J@Z1@Z 0000000180009130 f   ConEmuPlugin.obj
 0001:000081b0       ?ActivateConsole@@YAHXZ    00000001800091b0 f   ConEmuPlugin.obj
 0001:00008270       ??4HWND2@@QEAAAEAU0@PEAUHWND__@@@Z 0000000180009270 f i ConEmuPlugin.obj
 0001:00008290       ?SetStartupInfo@@YAXPEAX@Z 0000000180009290 f   ConEmuPlugin.obj
 0001:00008310       SetStartupInfoW            0000000180009310 f   ConEmuPlugin.obj
 0001:00008350       ?GetMinFarVersion@@YAHXZ   0000000180009350 f   ConEmuPlugin.obj
 0001:000083c0       GetMinFarVersionW          00000001800093c0 f   ConEmuPlugin.obj
 0001:000083d0       ProcessSynchroEventW       00000001800093d0 f   ConEmuPlugin.obj
 0001:00008400       ?ProcessSynchroEventW3@@YA_JPEAX@Z 0000000180009400 f   ConEmuPlugin.obj
 0001:00008440       ?ProcessEditorEvent@@YAHHPEAX@Z 0000000180009440 f   ConEmuPlugin.obj
 0001:00008470       ProcessEditorEventW        0000000180009470 f   ConEmuPlugin.obj
 0001:000084a0       ?ProcessEditorEventW3@@YA_JPEAX@Z 00000001800094a0 f   ConEmuPlugin.obj
 0001:000084e0       ?ProcessViewerEvent@@YAHHPEAX@Z 00000001800094e0 f   ConEmuPlugin.obj
 0001:00008510       ProcessViewerEventW        0000000180009510 f   ConEmuPlugin.obj
 0001:00008540       ?ProcessViewerEventW3@@YA_JPEAX@Z 0000000180009540 f   ConEmuPlugin.obj
 0001:00008580       ?ProcessEditorInput@@YAHPEBU_INPUT_RECORD@@@Z 0000000180009580 f   ConEmuPlugin.obj
 0001:000085b0       ProcessEditorInputW        00000001800095b0 f   ConEmuPlugin.obj
 0001:000085e0       ?OpenPlugin@@YAPEAXH_J@Z   00000001800095e0 f   ConEmuPlugin.obj
 0001:00008610       OpenPluginW                0000000180009610 f   ConEmuPlugin.obj
 0001:00008670       ?OpenW@@YAPEAXPEBX@Z       0000000180009670 f   ConEmuPlugin.obj
 0001:000086a0       ?ExitFAR@@YAXXZ            00000001800096a0 f   ConEmuPlugin.obj
 0001:00008710       ExitFARW                   0000000180009710 f   ConEmuPlugin.obj
 0001:00008780       ?ExitFARW3@@YAXPEAX@Z      0000000180009780 f   ConEmuPlugin.obj
 0001:000087f0       ?SetupExportsFar3@@YAXXZ   00000001800097f0 f   ConEmuPlugin.obj
 0001:00008af0       ?_calloc@@YAPEAX_K0@Z      0000000180009af0 f   ConEmuPlugin.obj
 0001:00008b20       ?_malloc@@YAPEAX_K@Z       0000000180009b20 f   ConEmuPlugin.obj
 0001:00008b40       ?_free@@YAXPEAX@Z          0000000180009b40 f   ConEmuPlugin.obj
 0001:00008b60       ??0CPluginW1900@@QEAA@XZ   0000000180009b60 f   ConEmuPlugin1900.obj
 0001:00008e60       ??_ECPluginW1900@@UEAAPEAXI@Z 0000000180009e60 f i ConEmuPlugin1900.obj
 0001:00008e60       ??_GCPluginW1900@@UEAAPEAXI@Z 0000000180009e60 f i ConEmuPlugin1900.obj
 0001:00008ea0       ??1CPluginW1900@@UEAA@XZ   0000000180009ea0 f i ConEmuPlugin1900.obj
 0001:00008ed0       ?ProcessEditorEventPtr@CPluginW1900@@UEAAHPEAX@Z 0000000180009ed0 f   ConEmuPlugin1900.obj
 0001:00008f10       ?ProcessViewerEventPtr@CPluginW1900@@UEAAHPEAX@Z 0000000180009f10 f   ConEmuPlugin1900.obj
 0001:00008f50       ?ProcessSynchroEventPtr@CPluginW1900@@UEAAHPEAX@Z 0000000180009f50 f   ConEmuPlugin1900.obj
 0001:00008f90       ?GetPanelDir@CPluginW1900@@UEAAPEA_WKPEA_WH@Z 0000000180009f90 f   ConEmuPlugin1900.obj
 0001:000091c0       ?GetPanelInfo@CPluginW1900@@UEAA_NKPEAUCEPanelInfo@@@Z 000000018000a1c0 f   ConEmuPlugin1900.obj
 0001:00009770       ?GetPanelItemInfo@CPluginW1900@@UEAA_NAEBUCEPanelInfo@@_N_JAEAU_WIN32_FIND_DATAW@@PEAPEA_W@Z 000000018000a770 f   ConEmuPlugin1900.obj
 0001:00009aa0       ?PanelControlApi@CPluginW1900@@UEAA_JPEAXH_J0@Z 000000018000aaa0 f   ConEmuPlugin1900.obj
 0001:00009b10       ?GetPluginInfoPtr@CPluginW1900@@UEAAXPEAX@Z 000000018000ab10 f   ConEmuPlugin1900.obj
 0001:00009bb0       ?SetStartupInfoPtr@CPluginW1900@@UEAAXPEAX@Z 000000018000abb0 f   ConEmuPlugin1900.obj
 0001:00009d80       ?GetEditorModifiedState@CPluginW1900@@UEAAKXZ 000000018000ad80 f   ConEmuPlugin1900.obj
 0001:00009df0       ?ProcessEditorInputPtr@CPluginW1900@@UEAAHPEBX@Z 000000018000adf0 f   ConEmuPlugin1900.obj
 0001:00009e30       ?GetWindowCount@CPluginW1900@@UEAAHXZ 000000018000ae30 f   ConEmuPlugin1900.obj
 0001:00009e90       ?UpdateConEmuTabsApi@CPluginW1900@@UEAA_NH@Z 000000018000ae90 f   ConEmuPlugin1900.obj
 0001:0000a530       ?ExitFar@CPluginW1900@@UEAAXXZ 000000018000b530 f   ConEmuPlugin1900.obj
 0001:0000a5e0       ?ShowMessage@CPluginW1900@@UEAAHPEB_WH_N@Z 000000018000b5e0 f   ConEmuPlugin1900.obj
 0001:0000a6a0       ?GetMsg@CPluginW1900@@UEAAPEB_WHPEA_W_K@Z 000000018000b6a0 f   ConEmuPlugin1900.obj
 0001:0000a740       ?SetWindow@CPluginW1900@@UEAAXH@Z 000000018000b740 f   ConEmuPlugin1900.obj
 0001:0000a7c0       ?PostMacroApi@CPluginW1900@@UEAAXPEB_WPEAU_INPUT_RECORD@@_N@Z 000000018000b7c0 f   ConEmuPlugin1900.obj
 0001:0000b410       ?wcsstr@@YAPEA_WPEA_WPEB_W@Z 000000018000c410 f i ConEmuPlugin1900.obj
 0001:0000b440       ?ShowPluginMenu@CPluginW1900@@UEAAHPEAUConEmuPluginMenuItem@@HH@Z 000000018000c440 f   ConEmuPlugin1900.obj
 0001:0000b720       ?OpenEditor@CPluginW1900@@UEAA_NPEB_W_N11HH@Z 000000018000c720 f   ConEmuPlugin1900.obj
 0001:0000b950       ?ExecuteSynchroApi@CPluginW1900@@UEAA_NXZ 000000018000c950 f   ConEmuPlugin1900.obj
 0001:0000b9a0       ?WaitEndSynchro@CPluginW1900@@UEAAXXZ 000000018000c9a0 f   ConEmuPlugin1900.obj
 0001:0000b9b0       ?StopWaitEndSynchro@CPluginW1900@@UEAAXXZ 000000018000c9b0 f   ConEmuPlugin1900.obj
 0001:0000b9c0       ?IsMacroActive@CPluginW1900@@UEAA_NXZ 000000018000c9c0 f   ConEmuPlugin1900.obj
 0001:0000ba20       ?GetMacroArea@CPluginW1900@@UEAAHXZ 000000018000ca20 f   ConEmuPlugin1900.obj
 0001:0000ba60       ?RedrawAll@CPluginW1900@@UEAAXXZ 000000018000ca60 f   ConEmuPlugin1900.obj
 0001:0000bab0       ?InputBox@CPluginW1900@@UEAA_NPEB_W000AEAPEA_W@Z 000000018000cab0 f   ConEmuPlugin1900.obj
 0001:0000bb80       ?ShowUserScreen@CPluginW1900@@UEAAX_N@Z 000000018000cb80 f   ConEmuPlugin1900.obj
 0001:0000bbf0       ?LoadFarColors@CPluginW1900@@UEAAXAEAY0BAA@E@Z 000000018000cbf0 f   ConEmuPlugin1900.obj
 0001:0000be20       ?FarColor_3_2@@YAEAEBUFarColor@@@Z 000000018000ce20 f i ConEmuPlugin1900.obj
 0001:0000bf50       ?Color2FgIndex@Far3Color@@SAXKAEAGPEBK@Z 000000018000cf50 f i ConEmuPlugin1900.obj
 0001:0000c0e0       ?Max@Far3Color@@SAHHH@Z    000000018000d0e0 f i ConEmuPlugin1900.obj
 0001:0000c110       ?GetStdIndex@Far3Color@@SAHKPEBK@Z 000000018000d110 f i ConEmuPlugin1900.obj
 0001:0000c190       ?GetStdPalette@Far3Color@@SAPEBKXZ 000000018000d190 f i ConEmuPlugin1900.obj
 0001:0000c1a0       ?Color2BgIndex@Far3Color@@SAXKHAEAGPEBK@Z 000000018000d1a0 f i ConEmuPlugin1900.obj
 0001:0000c380       ?LoadFarSettings@CPluginW1900@@UEAAXPEAUCEFarInterfaceSettings@@PEAUCEFarPanelSettings@@@Z 000000018000d380 f   ConEmuPlugin1900.obj
 0001:0000c620       ?GetFarRect@CPluginW1900@@UEAA_NAEAU_SMALL_RECT@@@Z 000000018000d620 f   ConEmuPlugin1900.obj
 0001:0000c6b0       ?CheckPanelExist@CPluginW1900@@UEAA_NXZ 000000018000d6b0 f   ConEmuPlugin1900.obj
 0001:0000c720       ?GetActiveWindowType@CPluginW1900@@UEAAHXZ 000000018000d720 f   ConEmuPlugin1900.obj
 0001:0000c820       ?GetWindowTypeName@CPluginW1900@@UEAAPEB_WH@Z 000000018000d820 f   ConEmuPlugin1900.obj
 0001:0000c8e0       ?GuiMacroDlg@CPluginW1900@@UEAAXXZ 000000018000d8e0 f   ConEmuPlugin1900.obj
 0001:0000d030       ?Open@CPluginW1900@@UEAAPEAXPEBX@Z 000000018000e030 f   ConEmuPlugin1900.obj
 0001:0000d290       GetGlobalInfoW             000000018000e290 f   ConEmuPlugin2800.obj
 0001:0000d4b0       ??0CPluginW2800@@QEAA@XZ   000000018000e4b0 f   ConEmuPlugin2800.obj
 0001:0000d7b0       ??_GCPluginW2800@@UEAAPEAXI@Z 000000018000e7b0 f i ConEmuPlugin2800.obj
 0001:0000d7b0       ??_ECPluginW2800@@UEAAPEAXI@Z 000000018000e7b0 f i ConEmuPlugin2800.obj
 0001:0000d7f0       ??1CPluginW2800@@UEAA@XZ   000000018000e7f0 f i ConEmuPlugin2800.obj
 0001:0000d820       ?GetPanelDir@CPluginW2800@@UEAAPEA_WKPEA_WH@Z 000000018000e820 f   ConEmuPlugin2800.obj
 0001:0000da50       ?GetPanelInfo@CPluginW2800@@UEAA_NKPEAUCEPanelInfo@@@Z 000000018000ea50 f   ConEmuPlugin2800.obj
 0001:0000e000       ?GetPanelItemInfo@CPluginW2800@@UEAA_NAEBUCEPanelInfo@@_N_JAEAU_WIN32_FIND_DATAW@@PEAPEA_W@Z 000000018000f000 f   ConEmuPlugin2800.obj
 0001:0000e330       ?PanelControlApi@CPluginW2800@@UEAA_JPEAXH_J0@Z 000000018000f330 f   ConEmuPlugin2800.obj
 0001:0000e3a0       ?GetPluginInfoPtr@CPluginW2800@@UEAAXPEAX@Z 000000018000f3a0 f   ConEmuPlugin2800.obj
 0001:0000e440       ?SetStartupInfoPtr@CPluginW2800@@UEAAXPEAX@Z 000000018000f440 f   ConEmuPlugin2800.obj
 0001:0000e610       ?GetEditorModifiedState@CPluginW2800@@UEAAKXZ 000000018000f610 f   ConEmuPlugin2800.obj
 0001:0000e680       ?ProcessEditorEventPtr@CPluginW2800@@UEAAHPEAX@Z 000000018000f680 f   ConEmuPlugin2800.obj
 0001:0000e6c0       ?ProcessViewerEventPtr@CPluginW2800@@UEAAHPEAX@Z 000000018000f6c0 f   ConEmuPlugin2800.obj
 0001:0000e700       ?ProcessSynchroEventPtr@CPluginW2800@@UEAAHPEAX@Z 000000018000f700 f   ConEmuPlugin2800.obj
 0001:0000e740       ?ProcessEditorInputPtr@CPluginW2800@@UEAAHPEBX@Z 000000018000f740 f   ConEmuPlugin2800.obj
 0001:0000e780       ?GetWindowCount@CPluginW2800@@UEAAHXZ 000000018000f780 f   ConEmuPlugin2800.obj
 0001:0000e7e0       ?UpdateConEmuTabsApi@CPluginW2800@@UEAA_NH@Z 000000018000f7e0 f   ConEmuPlugin2800.obj
 0001:0000f230       ?ExitFar@CPluginW2800@@UEAAXXZ 0000000180010230 f   ConEmuPlugin2800.obj
 0001:0000f2e0       ?ShowMessage@CPluginW2800@@UEAAHPEB_WH_N@Z 00000001800102e0 f   ConEmuPlugin2800.obj
 0001:0000f3a0       ?GetMsg@CPluginW2800@@UEAAPEB_WHPEA_W_K@Z 00000001800103a0 f   ConEmuPlugin2800.obj
 0001:0000f440       ?SetWindow@CPluginW2800@@UEAAXH@Z 0000000180010440 f   ConEmuPlugin2800.obj
 0001:0000f4c0       ?PostMacroApi@CPluginW2800@@UEAAXPEB_WPEAU_INPUT_RECORD@@_N@Z 00000001800104c0 f   ConEmuPlugin2800.obj
 0001:0000fae0       ?ShowPluginMenu@CPluginW2800@@UEAAHPEAUConEmuPluginMenuItem@@HH@Z 0000000180010ae0 f   ConEmuPlugin2800.obj
 0001:0000fdc0       ?OpenEditor@CPluginW2800@@UEAA_NPEB_W_N11HH@Z 0000000180010dc0 f   ConEmuPlugin2800.obj
 0001:00010000       ?ExecuteSynchroApi@CPluginW2800@@UEAA_NXZ 0000000180011000 f   ConEmuPlugin2800.obj
 0001:00010050       ?WaitEndSynchro@CPluginW2800@@UEAAXXZ 0000000180011050 f   ConEmuPlugin2800.obj
 0001:00010060       ?StopWaitEndSynchro@CPluginW2800@@UEAAXXZ 0000000180011060 f   ConEmuPlugin2800.obj
 0001:00010070       ?IsMacroActive@CPluginW2800@@UEAA_NXZ 0000000180011070 f   ConEmuPlugin2800.obj
 0001:000100d0       ?GetMacroArea@CPluginW2800@@UEAAHXZ 00000001800110d0 f   ConEmuPlugin2800.obj
 0001:00010110       ?RedrawAll@CPluginW2800@@UEAAXXZ 0000000180011110 f   ConEmuPlugin2800.obj
 0001:00010160       ?InputBox@CPluginW2800@@UEAA_NPEB_W000AEAPEA_W@Z 0000000180011160 f   ConEmuPlugin2800.obj
 0001:00010230       ?ShowUserScreen@CPluginW2800@@UEAAX_N@Z 0000000180011230 f   ConEmuPlugin2800.obj
 0001:000102a0       ?LoadFarColors@CPluginW2800@@UEAAXAEAY0BAA@E@Z 00000001800112a0 f   ConEmuPlugin2800.obj
 0001:000104d0       ?LoadFarSettings@CPluginW2800@@UEAAXPEAUCEFarInterfaceSettings@@PEAUCEFarPanelSettings@@@Z 00000001800114d0 f   ConEmuPlugin2800.obj
 0001:00010780       ?GetFarRect@CPluginW2800@@UEAA_NAEAU_SMALL_RECT@@@Z 0000000180011780 f   ConEmuPlugin2800.obj
 0001:00010810       ?CheckPanelExist@CPluginW2800@@UEAA_NXZ 0000000180011810 f   ConEmuPlugin2800.obj
 0001:00010880       ?GetActiveWindowType@CPluginW2800@@UEAAHXZ 0000000180011880 f   ConEmuPlugin2800.obj
 0001:00010990       ?GetWindowTypeName@CPluginW2800@@UEAAPEB_WH@Z 0000000180011990 f   ConEmuPlugin2800.obj
 0001:00010a50       ?GuiMacroDlg@CPluginW2800@@UEAAXXZ 0000000180011a50 f   ConEmuPlugin2800.obj
 0001:000111b0       ?Open@CPluginW2800@@UEAAPEAXPEBX@Z 00000001800121b0 f   ConEmuPlugin2800.obj
 0001:000114b0       ??0FarMacroValue@@QEAA@XZ  00000001800124b0 f i ConEmuPlugin2800.obj
 0001:00011500       ??0?$MArray@UWindowInfo@@@@QEAA@XZ 0000000180012500 f i ConEmuPlugin2800.obj
 0001:00011560       ??1?$MArray@UWindowInfo@@@@QEAA@XZ 0000000180012560 f i ConEmuPlugin2800.obj
 0001:00011580       ??A?$MArray@UWindowInfo@@@@QEBAAEBUWindowInfo@@_J@Z 0000000180012580 f i ConEmuPlugin2800.obj
 0001:000115a0       ??A?$MArray@UWindowInfo@@@@QEAAAEAUWindowInfo@@_J@Z 00000001800125a0 f i ConEmuPlugin2800.obj
 0001:000115c0       ?push_back@?$MArray@UWindowInfo@@@@QEAA_JAEBUWindowInfo@@@Z 00000001800125c0 f i ConEmuPlugin2800.obj
 0001:00011690       ?insert@?$MArray@UWindowInfo@@@@QEAAX_JAEBUWindowInfo@@@Z 0000000180012690 f i ConEmuPlugin2800.obj
 0001:000117a0       ?erase@?$MArray@UWindowInfo@@@@QEAAX_J@Z 00000001800127a0 f i ConEmuPlugin2800.obj
 0001:00011860       ?size@?$MArray@UWindowInfo@@@@QEBA_JXZ 0000000180012860 f i ConEmuPlugin2800.obj
 0001:00011870       ?clear@?$MArray@UWindowInfo@@@@QEAAXXZ 0000000180012870 f i ConEmuPlugin2800.obj
 0001:000118c0       ?addsize@?$MArray@UWindowInfo@@@@QEAAX_J@Z 00000001800128c0 f i ConEmuPlugin2800.obj
 0001:00011a00       ??0CPluginW995@@QEAA@XZ    0000000180012a00 f   ConEmuPlugin995.obj
 0001:00011d10       ?Open@CPluginW995@@UEAAPEAXPEBX@Z 0000000180012d10 f i ConEmuPlugin995.obj
 0001:00011d30       ?ProcessEditorEventPtr@CPluginW995@@UEAAHPEAX@Z 0000000180012d30 f i ConEmuPlugin995.obj
 0001:00011d40       ?ProcessSynchroEventPtr@CPluginW995@@UEAAHPEAX@Z 0000000180012d40 f i ConEmuPlugin995.obj
 0001:00011d50       ?ProcessViewerEventPtr@CPluginW995@@UEAAHPEAX@Z 0000000180012d50 f i ConEmuPlugin995.obj
 0001:00011d60       ??_GCPluginW995@@UEAAPEAXI@Z 0000000180012d60 f i ConEmuPlugin995.obj
 0001:00011d60       ??_ECPluginW995@@UEAAPEAXI@Z 0000000180012d60 f i ConEmuPlugin995.obj
 0001:00011da0       ??1CPluginW995@@UEAA@XZ    0000000180012da0 f i ConEmuPlugin995.obj
 0001:00011dd0       ?GetPanelDir@CPluginW995@@UEAAPEA_WKPEA_WH@Z 0000000180012dd0 f   ConEmuPlugin995.obj
 0001:00011fc0       ?GetPanelInfo@CPluginW995@@UEAA_NKPEAUCEPanelInfo@@@Z 0000000180012fc0 f   ConEmuPlugin995.obj
 0001:00012480       ?GetPanelItemInfo@CPluginW995@@UEAA_NAEBUCEPanelInfo@@_N_JAEAU_WIN32_FIND_DATAW@@PEAPEA_W@Z 0000000180013480 f   ConEmuPlugin995.obj
 0001:00012790       ?PanelControlApi@CPluginW995@@UEAA_JPEAXH_J0@Z 0000000180013790 f   ConEmuPlugin995.obj
 0001:00012800       ?GetPluginInfoPtr@CPluginW995@@UEAAXPEAX@Z 0000000180013800 f   ConEmuPlugin995.obj
 0001:000128c0       ?SetStartupInfoPtr@CPluginW995@@UEAAXPEAX@Z 00000001800138c0 f   ConEmuPlugin995.obj
 0001:00012ac0       ?GetEditorModifiedState@CPluginW995@@UEAAKXZ 0000000180013ac0 f   ConEmuPlugin995.obj
 0001:00012b20       ?ProcessEditorInputPtr@CPluginW995@@UEAAHPEBX@Z 0000000180013b20 f   ConEmuPlugin995.obj
 0001:00012b60       ?GetWindowCount@CPluginW995@@UEAAHXZ 0000000180013b60 f   ConEmuPlugin995.obj
 0001:00012bc0       ?UpdateConEmuTabsApi@CPluginW995@@UEAA_NH@Z 0000000180013bc0 f   ConEmuPlugin995.obj
 0001:00012f40       ?ExitFar@CPluginW995@@UEAAXXZ 0000000180013f40 f   ConEmuPlugin995.obj
 0001:00012ff0       ?ShowMessage@CPluginW995@@UEAAHPEB_WH_N@Z 0000000180013ff0 f   ConEmuPlugin995.obj
 0001:000130b0       ?GetMsg@CPluginW995@@UEAAPEB_WHPEA_W_K@Z 00000001800140b0 f   ConEmuPlugin995.obj
 0001:00013150       ?SetWindow@CPluginW995@@UEAAXH@Z 0000000180014150 f   ConEmuPlugin995.obj
 0001:000131d0       ?PostMacroApi@CPluginW995@@UEAAXPEB_WPEAU_INPUT_RECORD@@_N@Z 00000001800141d0 f   ConEmuPlugin995.obj
 0001:000132d0       ?ShowPluginMenu@CPluginW995@@UEAAHPEAUConEmuPluginMenuItem@@HH@Z 00000001800142d0 f   ConEmuPlugin995.obj
 0001:00013550       ?OpenEditor@CPluginW995@@UEAA_NPEB_W_N11HH@Z 0000000180014550 f   ConEmuPlugin995.obj
 0001:00013760       ?ExecuteSynchroApi@CPluginW995@@UEAA_NXZ 0000000180014760 f   ConEmuPlugin995.obj
 0001:000137b0       ?WaitEndSynchro@CPluginW995@@UEAAXXZ 00000001800147b0 f   ConEmuPlugin995.obj
 0001:00013a20       ?StopWaitEndSynchro@CPluginW995@@UEAAXXZ 0000000180014a20 f   ConEmuPlugin995.obj
 0001:00013a60       ?IsMacroActive@CPluginW995@@UEAA_NXZ 0000000180014a60 f   ConEmuPlugin995.obj
 0001:00013ae0       ?GetMacroArea@CPluginW995@@UEAAHXZ 0000000180014ae0 f   ConEmuPlugin995.obj
 0001:00013b30       ?RedrawAll@CPluginW995@@UEAAXXZ 0000000180014b30 f   ConEmuPlugin995.obj
 0001:00013b80       ?InputBox@CPluginW995@@UEAA_NPEB_W000AEAPEA_W@Z 0000000180014b80 f   ConEmuPlugin995.obj
 0001:00013c30       ?ShowUserScreen@CPluginW995@@UEAAX_N@Z 0000000180014c30 f   ConEmuPlugin995.obj
 0001:00013ca0       ?LoadFarColors@CPluginW995@@UEAAXAEAY0BAA@E@Z 0000000180014ca0 f   ConEmuPlugin995.obj
 0001:00013db0       ?LoadFarSettings@CPluginW995@@UEAAXPEAUCEFarInterfaceSettings@@PEAUCEFarPanelSettings@@@Z 0000000180014db0 f   ConEmuPlugin995.obj
 0001:00013e40       ?GetFarRect@CPluginW995@@UEAA_NAEAU_SMALL_RECT@@@Z 0000000180014e40 f   ConEmuPlugin995.obj
 0001:00013ed0       ?CheckPanelExist@CPluginW995@@UEAA_NXZ 0000000180014ed0 f   ConEmuPlugin995.obj
 0001:00013f40       ?GetActiveWindowType@CPluginW995@@UEAAHXZ 0000000180014f40 f   ConEmuPlugin995.obj
 0001:00014060       ?GetWindowTypeName@CPluginW995@@UEAAPEB_WH@Z 0000000180015060 f   ConEmuPlugin995.obj
 0001:00014120       ?GuiMacroDlg@CPluginW995@@UEAAXXZ 0000000180015120 f   ConEmuPlugin995.obj
 0001:00014800       ??0CPluginAnsi@@QEAA@XZ    0000000180015800 f   ConEmuPluginA.obj
 0001:00014ad0       ?ExecuteSynchroApi@CPluginAnsi@@UEAA_NXZ 0000000180015ad0 f i ConEmuPluginA.obj
 0001:00014ae0       ?GetFarRect@CPluginAnsi@@UEAA_NAEAU_SMALL_RECT@@@Z 0000000180015ae0 f i ConEmuPluginA.obj
 0001:00014af0       ?Open@CPluginAnsi@@UEAAPEAXPEBX@Z 0000000180015af0 f i ConEmuPluginA.obj
 0001:00014b10       ?ProcessEditorEventPtr@CPluginAnsi@@UEAAHPEAX@Z 0000000180015b10 f i ConEmuPluginA.obj
 0001:00014b20       ?ProcessEditorInputPtr@CPluginAnsi@@UEAAHPEBX@Z 0000000180015b20 f i ConEmuPluginA.obj
 0001:00014b30       ?ProcessSynchroEventPtr@CPluginAnsi@@UEAAHPEAX@Z 0000000180015b30 f i ConEmuPluginA.obj
 0001:00014b40       ?ProcessViewerEventPtr@CPluginAnsi@@UEAAHPEAX@Z 0000000180015b40 f i ConEmuPluginA.obj
 0001:00014b50       ?StopWaitEndSynchro@CPluginAnsi@@UEAAXXZ 0000000180015b50 f i ConEmuPluginA.obj
 0001:00014b60       ?WaitEndSynchro@CPluginAnsi@@UEAAXXZ 0000000180015b60 f i ConEmuPluginA.obj
 0001:00014b70       ??_ECPluginAnsi@@UEAAPEAXI@Z 0000000180015b70 f i ConEmuPluginA.obj
 0001:00014b70       ??_GCPluginAnsi@@UEAAPEAXI@Z 0000000180015b70 f i ConEmuPluginA.obj
 0001:00014bb0       ??1CPluginAnsi@@UEAA@XZ    0000000180015bb0 f i ConEmuPluginA.obj
 0001:00014be0       ?GetPanelDir@CPluginAnsi@@UEAAPEA_WKPEA_WH@Z 0000000180015be0 f   ConEmuPluginA.obj
 0001:00014d50       ?GetPanelInfo@CPluginAnsi@@UEAA_NKPEAUCEPanelInfo@@@Z 0000000180015d50 f   ConEmuPluginA.obj
 0001:00015180       ?GetPanelItemInfo@CPluginAnsi@@UEAA_NAEBUCEPanelInfo@@_N_JAEAU_WIN32_FIND_DATAW@@PEAPEA_W@Z 0000000180016180 f   ConEmuPluginA.obj
 0001:000153b0       ?PanelControlApi@CPluginAnsi@@UEAA_JPEAXH_J0@Z 00000001800163b0 f   ConEmuPluginA.obj
 0001:00015420       ?SetStartupInfoPtr@CPluginAnsi@@UEAAXPEAX@Z 0000000180016420 f   ConEmuPluginA.obj
 0001:00015620       ?GetPluginInfoPtr@CPluginAnsi@@UEAAXPEAX@Z 0000000180016620 f   ConEmuPluginA.obj
 0001:00015710       ?GetEditorModifiedState@CPluginAnsi@@UEAAKXZ 0000000180016710 f   ConEmuPluginA.obj
 0001:00015780       ?GetWindowCount@CPluginAnsi@@UEAAHXZ 0000000180016780 f   ConEmuPluginA.obj
 0001:000157e0       ?UpdateConEmuTabsApi@CPluginAnsi@@UEAA_NH@Z 00000001800167e0 f   ConEmuPluginA.obj
 0001:00015b70       ?ExitFar@CPluginAnsi@@UEAAXXZ 0000000180016b70 f   ConEmuPluginA.obj
 0001:00015bd0       ?SetWindow@CPluginAnsi@@UEAAXH@Z 0000000180016bd0 f   ConEmuPluginA.obj
 0001:00015c50       ?PostMacroApi@CPluginAnsi@@UEAAXPEB_WPEAU_INPUT_RECORD@@_N@Z 0000000180016c50 f   ConEmuPluginA.obj
 0001:00015d80       ?ShowPluginMenu@CPluginAnsi@@UEAAHPEAUConEmuPluginMenuItem@@HH@Z 0000000180016d80 f   ConEmuPluginA.obj
 0001:00016080       ?OpenEditor@CPluginAnsi@@UEAA_NPEB_W_N11HH@Z 0000000180017080 f   ConEmuPluginA.obj
 0001:000162b0       ?ShowMessage@CPluginAnsi@@UEAAHPEB_WH_N@Z 00000001800172b0 f   ConEmuPluginA.obj
 0001:000163d0       ?GetMsg@CPluginAnsi@@UEAAPEB_WHPEA_W_K@Z 00000001800173d0 f   ConEmuPluginA.obj
 0001:000164d0       ?IsMacroActive@CPluginAnsi@@UEAA_NXZ 00000001800174d0 f   ConEmuPluginA.obj
 0001:00016550       ?GetMacroArea@CPluginAnsi@@UEAAHXZ 0000000180017550 f   ConEmuPluginA.obj
 0001:00016560       ?RedrawAll@CPluginAnsi@@UEAAXXZ 0000000180017560 f   ConEmuPluginA.obj
 0001:000165b0       ?InputBox@CPluginAnsi@@UEAA_NPEB_W000AEAPEA_W@Z 00000001800175b0 f   ConEmuPluginA.obj
 0001:00016740       ?ShowUserScreen@CPluginAnsi@@UEAAX_N@Z 0000000180017740 f   ConEmuPluginA.obj
 0001:000167b0       ?LoadFarColors@CPluginAnsi@@UEAAXAEAY0BAA@E@Z 00000001800177b0 f   ConEmuPluginA.obj
 0001:000168c0       ?LoadFarSettings@CPluginAnsi@@UEAAXPEAUCEFarInterfaceSettings@@PEAUCEFarPanelSettings@@@Z 00000001800178c0 f   ConEmuPluginA.obj
 0001:00016950       ?CheckPanelExist@CPluginAnsi@@UEAA_NXZ 0000000180017950 f   ConEmuPluginA.obj
 0001:000169c0       ?GetActiveWindowType@CPluginAnsi@@UEAAHXZ 00000001800179c0 f   ConEmuPluginA.obj
 0001:00016a40       ?GetWindowTypeName@CPluginAnsi@@UEAAPEB_WH@Z 0000000180017a40 f   ConEmuPluginA.obj
 0001:00016b00       ?GuiMacroDlg@CPluginAnsi@@UEAAXXZ 0000000180017b00 f   ConEmuPluginA.obj
 0001:00017300       ?Plugin@@YAPEAVCPluginBase@@XZ 0000000180018300 f   ConEmuPluginBase.obj
 0001:00017460       ??0CPluginBase@@QEAA@XZ    0000000180018460 f   ConEmuPluginBase.obj
 0001:000177b0       ??_GCPluginBase@@UEAAPEAXI@Z 00000001800187b0 f i ConEmuPluginBase.obj
 0001:000177b0       ??_ECPluginBase@@UEAAPEAXI@Z 00000001800187b0 f i ConEmuPluginBase.obj
 0001:000177f0       ??1CPluginBase@@UEAA@XZ    00000001800187f0 f   ConEmuPluginBase.obj
 0001:00017810       ?DllMain_ProcessAttach@CPluginBase@@KAXPEAUHINSTANCE__@@@Z 0000000180018810 f   ConEmuPluginBase.obj
 0001:00017930       ?DllMain_ProcessDetach@CPluginBase@@KAXXZ 0000000180018930 f   ConEmuPluginBase.obj
 0001:00017b10       ??_GMSection@@QEAAPEAXI@Z  0000000180018b10 f i ConEmuPluginBase.obj
 0001:00017b50       ??_GCPluginBackground@@QEAAPEAXI@Z 0000000180018b50 f i ConEmuPluginBase.obj
 0001:00017b90       ?LoadFarVersion@CPluginBase@@SA_NXZ 0000000180018b90 f   ConEmuPluginBase.obj
 0001:00018070       ?ShowMessageGui@CPluginBase@@QEAAHHH@Z 0000000180019070 f   ConEmuPluginBase.obj
 0001:00018140       ?BackgroundMacroError@CPluginBase@@SAKPEAX@Z 0000000180019140 f   ConEmuPluginBase.obj
 0001:00018190       ?PostMacro@CPluginBase@@QEAAXPEB_WPEAU_INPUT_RECORD@@_N@Z 0000000180019190 f   ConEmuPluginBase.obj
 0001:00018250       ?isMacroActive@CPluginBase@@QEAA_NAEAH@Z 0000000180019250 f   ConEmuPluginBase.obj
 0001:000182e0       ?CheckBufferEnabled@CPluginBase@@QEAA_NXZ 00000001800192e0 f   ConEmuPluginBase.obj
 0001:00018390       ?PanelControl@CPluginBase@@QEAA_JPEAXH_J0@Z 0000000180019390 f   ConEmuPluginBase.obj
 0001:00018480       ?GetPanelInfo@CPluginBase@@QEAA_NKPEAUBkPanelInfo@@@Z 0000000180019480 f   ConEmuPluginBase.obj
 0001:00018570       ?FillUpdateBackground@CPluginBase@@QEAAXPEAUPaintBackgroundArg@@@Z 0000000180019570 f   ConEmuPluginBase.obj
 0001:000187a0       ?StorePanelDirs@CPluginBase@@QEAA_NPEB_W0@Z 00000001800197a0 f   ConEmuPluginBase.obj
 0001:000189d0       wmemmove                   00000001800199d0 f i ConEmuPluginBase.obj
 0001:00018a00       ?UpdatePanelDirs@CPluginBase@@QEAAXXZ 0000000180019a00 f   ConEmuPluginBase.obj
 0001:00018c00       ?IsFarLua@FarVersion@@QEBA_NXZ 0000000180019c00 f i ConEmuPluginBase.obj
 0001:00018c60       ?RunExternalProgram@CPluginBase@@QEAA_NPEA_W@Z 0000000180019c60 f   ConEmuPluginBase.obj
 0001:00018f00       ?ProcessCommandLine@CPluginBase@@QEAA_NPEA_W@Z 0000000180019f00 f   ConEmuPluginBase.obj
 0001:00018f60       ?ShowPluginMenu@CPluginBase@@QEAAXW4PluginCallCommands@@@Z 0000000180019f60 f   ConEmuPluginBase.obj
 0001:000192a0       ?ShowTabsList@CPluginBase@@QEAAXXZ 000000018001a2a0 f   ConEmuPluginBase.obj
 0001:000197d0       ?ShowPanelsList@CPluginBase@@QEAAXXZ 000000018001a7d0 f   ConEmuPluginBase.obj
 0001:000199e0       ?DataSize@CESERVER_REQ@@QEAAKXZ 000000018001a9e0 f i ConEmuPluginBase.obj
 0001:00019a20       ?EditViewConsoleOutput@CPluginBase@@QEAAX_N@Z 000000018001aa20 f   ConEmuPluginBase.obj
 0001:00019b30       ?SwitchTabCommand@CPluginBase@@QEAAXW4PluginMenuCommands@@@Z 000000018001ab30 f   ConEmuPluginBase.obj
 0001:00019c00       ?ProcessSynchroEvent@CPluginBase@@QEAAHHPEAX@Z 000000018001ac00 f   ConEmuPluginBase.obj
 0001:00019cc0       ?ProcessEditorInputInternal@CPluginBase@@QEAAXAEBU_INPUT_RECORD@@@Z 000000018001acc0 f   ConEmuPluginBase.obj
 0001:00019d20       ?ProcessEditorViewerEvent@CPluginBase@@QEAAHHH@Z 000000018001ad20 f   ConEmuPluginBase.obj
 0001:00019e70       ?isModalEditorViewer@CPluginBase@@QEAA_NXZ 000000018001ae70 f   ConEmuPluginBase.obj
 0001:00019ec0       ?GetMainThreadId@CPluginBase@@SAKXZ 000000018001aec0 f   ConEmuPluginBase.obj
 0001:00019f70       ?ShowConsoleInfo@CPluginBase@@QEAAXXZ 000000018001af70 f   ConEmuPluginBase.obj
 0001:0001a210       ?RunExternalProgramW@CPluginBase@@SA_NPEA_W0_N@Z 000000018001b210 f   ConEmuPluginBase.obj
 0001:0001a540       ?StartDebugger@CPluginBase@@QEAA_NXZ 000000018001b540 f   ConEmuPluginBase.obj
 0001:0001a910       ?Attach2Gui@CPluginBase@@QEAA_NXZ 000000018001b910 f   ConEmuPluginBase.obj
 0001:0001aed0       ?FindServerCmd@CPluginBase@@QEAA_NKAEAK_N@Z 000000018001bed0 f   ConEmuPluginBase.obj
 0001:0001aff0       ?ShowMessage@CPluginBase@@QEAAHHH@Z 000000018001bff0 f   ConEmuPluginBase.obj
 0001:0001b080       ?OutDataAlloc@CPluginBase@@SA_NK@Z 000000018001c080 f   ConEmuPluginBase.obj
 0001:0001b100       ?OutDataRealloc@CPluginBase@@SA_NK@Z 000000018001c100 f   ConEmuPluginBase.obj
 0001:0001b200       ?OutDataWrite@CPluginBase@@SA_NPEAXK@Z 000000018001c200 f   ConEmuPluginBase.obj
 0001:0001b2f0       ?CreateTabs@CPluginBase@@SA_NH@Z 000000018001c2f0 f   ConEmuPluginBase.obj
 0001:0001b3f0       ?AddTab@CPluginBase@@QEAA_NAEAHH_N1HPEB_W2HHHH@Z 000000018001c3f0 f   ConEmuPluginBase.obj
 0001:0001ba30       wmemcmp                    000000018001ca30 f i ConEmuPluginBase.obj
 0001:0001bac0       ?SendTabs@CPluginBase@@SAXH_N@Z 000000018001cac0 f   ConEmuPluginBase.obj
 0001:0001bd00       ?CloseTabs@CPluginBase@@SAXXZ 000000018001cd00 f   ConEmuPluginBase.obj
 0001:0001bd90       ?UpdateConEmuTabs@CPluginBase@@QEAA_N_N@Z 000000018001cd90 f   ConEmuPluginBase.obj
 0001:0001c1a0       ?CheckResources@CPluginBase@@QEAAX_N@Z 000000018001d1a0 f   ConEmuPluginBase.obj
 0001:0001c330       ?InitResources@CPluginBase@@QEAAXXZ 000000018001d330 f   ConEmuPluginBase.obj
 0001:0001c6c0       ?CloseMapHeader@CPluginBase@@SAXXZ 000000018001d6c0 f   ConEmuPluginBase.obj
 0001:0001c6f0       ?OpenMapHeader@CPluginBase@@SAHXZ 000000018001d6f0 f   ConEmuPluginBase.obj
 0001:0001c840       ?InitRootRegKey@CPluginBase@@IEAAXXZ 000000018001d840 f   ConEmuPluginBase.obj
 0001:0001c9a0       ?SetRootRegKey@CPluginBase@@IEAAXPEA_W@Z 000000018001d9a0 f   ConEmuPluginBase.obj
 0001:0001cad0       ?LoadPanelTabsFromRegistry@CPluginBase@@IEAAXXZ 000000018001dad0 f   ConEmuPluginBase.obj
 0001:0001cc40       ?InitHWND@CPluginBase@@SAXXZ 000000018001dc40 f   ConEmuPluginBase.obj
 0001:0001cf80       ?CheckConEmuDetached@CPluginBase@@SAXXZ 000000018001df80 f   ConEmuPluginBase.obj
 0001:0001d030       ?EmergencyShow@CPluginBase@@KAXXZ 000000018001e030 f   ConEmuPluginBase.obj
 0001:0001d0a0       ?MonitorThreadProcW@CPluginBase@@SAKPEAX@Z 000000018001e0a0 f   ConEmuPluginBase.obj
 0001:0001d5d0       ?OpenPluginCommon@CPluginBase@@QEAAPEAXH_J_N@Z 000000018001e5d0 f   ConEmuPluginBase.obj
 0001:0001daa0       ?ExitFarCommon@CPluginBase@@QEAAX_N@Z 000000018001eaa0 f   ConEmuPluginBase.obj
 0001:0001db10       ?OnMainThreadActivated@CPluginBase@@QEAAXXZ 000000018001eb10 f   ConEmuPluginBase.obj
 0001:0001dd10       ?ProcessSetWindowCommand@CPluginBase@@QEAAXXZ 000000018001ed10 f   ConEmuPluginBase.obj
 0001:0001de80       ?CommonPluginStartup@CPluginBase@@QEAAXXZ 000000018001ee80 f   ConEmuPluginBase.obj
 0001:0001dfb0       ?StopThread@CPluginBase@@QEAAX_N@Z 000000018001efb0 f   ConEmuPluginBase.obj
 0001:0001e3e0       ??_G?$MFileMapping@UCESERVER_CONSOLE_MAPPING_HDR@@@@QEAAPEAXI@Z 000000018001f3e0 f i ConEmuPluginBase.obj
 0001:0001e420       ?ShutdownPluginStep@CPluginBase@@SAXPEB_WHHHH@Z 000000018001f420 f   ConEmuPluginBase.obj
 0001:0001e440       ?ExecuteSynchro@CPluginBase@@QEAAXXZ 000000018001f440 f   ConEmuPluginBase.obj
 0001:0001e520       ?WaitPluginActivation@CPluginBase@@SAKKPEAPEAXHK@Z 000000018001f520 f   ConEmuPluginBase.obj
 0001:0001e6b0       ?ActivatePlugin@CPluginBase@@QEAA_NKPEAXK@Z 000000018001f6b0 f   ConEmuPluginBase.obj
 0001:0001e9e0       ?cmd_OpenEditorLine@CPluginBase@@QEAA_NPEAUCESERVER_REQ_FAREDITOR@@@Z 000000018001f9e0 f   ConEmuPluginBase.obj
 0001:0001eb10       ?cmd_RedrawFarCall@CPluginBase@@QEAA_NAEAPEAUCESERVER_REQ@@PEAPEAU2@@Z 000000018001fb10 f   ConEmuPluginBase.obj
 0001:0001ec00       ?cmd_SetWindow@CPluginBase@@QEAA_NPEAX_N@Z 000000018001fc00 f   ConEmuPluginBase.obj
 0001:0001ece0       ?cmd_LeftClickSync@CPluginBase@@QEAAXPEAX@Z 000000018001fce0 f   ConEmuPluginBase.obj
 0001:0001ee70       ?cmd_CloseQSearch@CPluginBase@@QEAAXXZ 000000018001fe70 f   ConEmuPluginBase.obj
 0001:0001eed0       ?cmd_EMenu@CPluginBase@@QEAAXPEAX@Z 000000018001fed0 f   ConEmuPluginBase.obj
 0001:0001efe0       ?cmd_ExternalCallback@CPluginBase@@QEAA_NPEAX@Z 000000018001ffe0 f   ConEmuPluginBase.obj
 0001:0001f080       ?cmd_ConSetFont@CPluginBase@@QEAAXPEAX@Z 0000000180020080 f   ConEmuPluginBase.obj
 0001:0001f100       ?cmd_GuiChanged@CPluginBase@@QEAAXPEAX@Z 0000000180020100 f   ConEmuPluginBase.obj
 0001:0001f210       ?ProcessCommand@CPluginBase@@QEAA_NKHPEAXPEAPEAUCESERVER_REQ@@_N@Z 0000000180020210 f   ConEmuPluginBase.obj
 0001:0001f930       ?FarSetConsoleSize@CPluginBase@@SA_NFF@Z 0000000180020930 f   ConEmuPluginBase.obj
 0001:0001faa0       ?ReloadFarInfoApi@CPluginBase@@IEAA_NXZ 0000000180020aa0 f   ConEmuPluginBase.obj
 0001:0001fd50       ?ReloadFarInfo@CPluginBase@@QEAA_N_N@Z 0000000180020d50 f   ConEmuPluginBase.obj
 0001:00020070       ?pcc_Selected@CPluginBase@@SA_NW4PluginMenuCommands@@@Z 0000000180021070 f   ConEmuPluginBase.obj
 0001:000200f0       ?pcc_Disabled@CPluginBase@@SA_NW4PluginMenuCommands@@@Z 00000001800210f0 f   ConEmuPluginBase.obj
 0001:000201d0       ?TouchReadPeekConsoleInputs@CPluginBase@@SAXH@Z 00000001800211d0 f   ConEmuPluginBase.obj
 0001:00020230       ?OnConsolePeekReadInput@CPluginBase@@SAX_N@Z 0000000180021230 f   ConEmuPluginBase.obj
 0001:000204a0       ?ActiveServerPID@CESERVER_CONSOLE_MAPPING_HDR@@QEBAKXZ 00000001800214a0 f i ConEmuPluginBase.obj
 0001:000204e0       ?UngetDummyMouseEvent@CPluginBase@@SA_N_NPEAUHookCallbackArg@@@Z 00000001800214e0 f   ConEmuPluginBase.obj
 0001:00020750       ??4HANDLE2@@QEAAAEAU0@PEAX@Z 0000000180021750 f i ConEmuPluginBase.obj
 0001:00020770       ?FillLoadedParm@CPluginBase@@SAXPEAUConEmuLoadedArg@@PEAUHINSTANCE__@@H@Z 0000000180021770 f   ConEmuPluginBase.obj
 0001:000208b0       ?NotifyConEmuUnloaded@CPluginBase@@SAXXZ 00000001800218b0 f   ConEmuPluginBase.obj
 0001:00020a00       ?OnPanelViewCallbacks@CPluginBase@@SA_NPEAUHookCallbackArg@@P6AHPEAXPEAU_INPUT_RECORD@@KPEAKPEAH@Z5@Z 0000000180021a00 f   ConEmuPluginBase.obj
 0001:00020b50       ?OnShellExecuteExW_Except@CPluginBase@@SAXPEAUHookCallbackArg@@@Z 0000000180021b50 f   ConEmuPluginBase.obj
 0001:00020ba0       ?OnGetNumberOfConsoleInputEventsPost@CPluginBase@@SAXPEAUHookCallbackArg@@@Z 0000000180021ba0 f   ConEmuPluginBase.obj
 0001:00020be0       ?OnConsolePeekInput@CPluginBase@@SAHPEAUHookCallbackArg@@@Z 0000000180021be0 f   ConEmuPluginBase.obj
 0001:00020c70       ?OnConsolePeekInputPost@CPluginBase@@SAXPEAUHookCallbackArg@@@Z 0000000180021c70 f   ConEmuPluginBase.obj
 0001:00020cc0       ?OnConsoleReadInputWork@CPluginBase@@SAHPEAUHookCallbackArg@@@Z 0000000180021cc0 f   ConEmuPluginBase.obj
 0001:00020d70       ?OnConsoleReadInput@CPluginBase@@SAHPEAUHookCallbackArg@@@Z 0000000180021d70 f   ConEmuPluginBase.obj
 0001:00020d90       ?OnConsoleReadInputPost@CPluginBase@@SAXPEAUHookCallbackArg@@@Z 0000000180021d90 f   ConEmuPluginBase.obj
 0001:00021040       ?OnWriteConsoleOutput@CPluginBase@@SAHPEAUHookCallbackArg@@@Z 0000000180022040 f   ConEmuPluginBase.obj
 0001:00021160       ?OnConsoleDetaching@CPluginBase@@SAHPEAUHookCallbackArg@@@Z 0000000180022160 f   ConEmuPluginBase.obj
 0001:000212c0       ?OnConsoleWasAttached@CPluginBase@@SAXPEAUHookCallbackArg@@@Z 00000001800222c0 f   ConEmuPluginBase.obj
 0001:00021340       ?OnCurDirChanged@CPluginBase@@SAXXZ 0000000180022340 f   ConEmuPluginBase.obj
 0001:000213d0       ?OnLibraryLoaded@CPluginBase@@SAXPEAUHINSTANCE__@@@Z 00000001800223d0 f   ConEmuPluginBase.obj
 0001:00021480       ?ToUnicode@CPluginBase@@SAPEA_WPEBD@Z 0000000180022480 f   ConEmuPluginBase.obj
 0001:00021520       ?ToOem@CPluginBase@@SAXPEB_WPEAD_J@Z 0000000180022520 f   ConEmuPluginBase.obj
 0001:000215a0       ?ToOem@CPluginBase@@SAPEADPEB_W@Z 00000001800225a0 f   ConEmuPluginBase.obj
 0001:00021610       ?ProcessDragFrom@CPluginBase@@QEAAXXZ 0000000180022610 f   ConEmuPluginBase.obj
 0001:00021ed0       ?ProcessDragTo@CPluginBase@@QEAAXXZ 0000000180022ed0 f   ConEmuPluginBase.obj
 0001:00022390       ?IsCurrentTabModal@CPluginBase@@QEAA_NXZ 0000000180023390 f   ConEmuPluginBase.obj
 0001:00022490       ?PrintText@CPluginBase@@QEAA_NPEB_W@Z 0000000180023490 f   ConEmuPluginBase.obj
 0001:00022870       ?Ptr@?$MFileMapping@UCESERVER_CONSOLE_MAPPING_HDR@@@@QEAAPEAUCESERVER_CONSOLE_MAPPING_HDR@@XZ 0000000180023870 f i ConEmuPluginBase.obj
 0001:00022880       ??$wcscpy_c@$0BBE@@@YAHAEAY0BBE@_WPEB_W@Z 0000000180023880 f i ConEmuPluginBase.obj
 0001:000228b0       ??$wcscat_c@$0BBE@@@YAHAEAY0BBE@_WPEB_W@Z 00000001800238b0 f i ConEmuPluginBase.obj
 0001:000228e0       ??$wcscat_c@$0CAE@@@YAHAEAY0CAE@_WPEB_W@Z 00000001800238e0 f i ConEmuPluginBase.obj
 0001:00022910       ?EvaluateDefaultFontWidth@@YAHHPEB_W@Z 0000000180023910 f   EmergencyShow.obj
 0001:00022a90       ?SetUserFriendlyFont@@YAXPEAUHWND__@@HH@Z 0000000180023a90 f   EmergencyShow.obj
 0001:00023050       ?CorrectConsolePos@@YAXPEAUHWND__@@@Z 0000000180024050 f   EmergencyShow.obj
 0001:00023230       ?EmergencyShow@@YAXPEAUHWND__@@HH@Z 0000000180024230 f   EmergencyShow.obj
 0001:000233b0       ?IsFileBatch@@YA_NPEB_W@Z  00000001800243b0 f   Execute.obj
 0001:00023450       ?GetImageSubsystem@@YA_NPEB_WAEAK11@Z 0000000180024450 f   Execute.obj
 0001:00023860       ?GetImageSubsystem@@YA_NAEAK0@Z 0000000180024860 f   Execute.obj
 0001:00023940       ?GetImageSubsystem@@YA_NU_PROCESS_INFORMATION@@AEAK1@Z 0000000180024940 f   Execute.obj
 0001:00023c40       ?GetEnclosingSectionHeader@@YAPEAU_IMAGE_SECTION_HEADER@@KPEAUIMAGE_MAPPING@@@Z 0000000180024c40 f   Execute.obj
 0001:00023cf0       ?GetPtrFromRVA@@YAPEAXKPEAUIMAGE_MAPPING@@@Z 0000000180024cf0 f   Execute.obj
 0001:00023d80       ?FindImageSubsystem@@YA_NPEB_WAEAK1PEAK@Z 0000000180024d80 f   Execute.obj
 0001:00024bf0       ?HeapInitialize@@YA_NXZ    0000000180025bf0 f   Memory.obj
 0001:00024c40       ?HeapDeinitialize@@YAXXZ   0000000180025c40 f   Memory.obj
 0001:00024c70       ?xf_malloc@@YAPEAX_K@Z     0000000180025c70 f   Memory.obj
 0001:00024ca0       ?xf_calloc@@YAPEAX_K0@Z    0000000180025ca0 f   Memory.obj
 0001:00024ce0       ?xf_realloc@@YAPEAXPEAX_K@Z 0000000180025ce0 f   Memory.obj
 0001:00024d30       ?xf_free@@YAXPEAX@Z        0000000180025d30 f   Memory.obj
 0001:00024d70       ?xf_validate@@YA_NPEAX@Z   0000000180025d70 f   Memory.obj
 0001:00024dc0       ??2@YAPEAX_K@Z             0000000180025dc0 f   Memory.obj
 0001:00024df0       ??_U@YAPEAX_K@Z            0000000180025df0 f   Memory.obj
 0001:00024e20       ??3@YAXPEAX@Z              0000000180025e20 f   Memory.obj
 0001:00024e40       ??_V@YAXPEAX@Z             0000000180025e40 f   Memory.obj
 0001:00024e60       ?lstrdup@@YAPEADPEBD@Z     0000000180025e60 f   Memory.obj
 0001:00024ee0       ?StringCchCopyA@@YAJPEAD_KPEBD@Z 0000000180025ee0 f i Memory.obj
 0001:00025070       ?lstrdup@@YAPEA_WPEB_W_K@Z 0000000180026070 f   Memory.obj
 0001:00025230       ?lstrdupW@@YAPEA_WPEBDI@Z  0000000180026230 f   Memory.obj
 0001:000252d0       ?lstrmerge@@YAPEA_WPEB_W0000@Z 00000001800262d0 f   Memory.obj
 0001:000254d0       ?lstrmerge@@YA_NPEAPEA_WPEB_W111@Z 00000001800264d0 f   Memory.obj
 0001:00025550       ?FindMonitorsWorkspace@@YAHPEAUHMONITOR__@@PEAUHDC__@@PEAUtagRECT@@_J@Z 0000000180026550 f   Monitors.obj
 0001:00025600       ?GetAllMonitorsWorkspace@@YA?AUtagRECT@@XZ 0000000180026600 f   Monitors.obj
 0001:00025690       ?FindPrimaryMonitor@@YAHPEAUHMONITOR__@@PEAUHDC__@@PEAUtagRECT@@_J@Z 0000000180026690 f   Monitors.obj
 0001:00025720       ?GetMonitorInfoSafe@@YA_NPEAUHMONITOR__@@AEAUtagMONITORINFO@@@Z 0000000180026720 f   Monitors.obj
 0001:00025790       ?GetPrimaryMonitorInfo@@YAPEAUHMONITOR__@@PEAUtagMONITORINFO@@@Z 0000000180026790 f   Monitors.obj
 0001:00025850       ?GetNearestMonitorInfo@@YAPEAUHMONITOR__@@PEAUtagMONITORINFO@@PEAU1@PEBUtagRECT@@PEAUHWND__@@@Z 0000000180026850 f   Monitors.obj
 0001:00025980       ?EnumAllMonitors@@YAHPEAUHMONITOR__@@PEAUHDC__@@PEAUtagRECT@@_J@Z 0000000180026980 f   Monitors.obj
 0001:00025a30       ?MonitorSortCallback@@YAHAEAU_FindAllMonitorsItem@@0@Z 0000000180026a30 f   Monitors.obj
 0001:00025ab0       ?GetNextMonitorInfo@@YAPEAUHMONITOR__@@PEAUtagMONITORINFO@@PEBUtagRECT@@_N@Z 0000000180026ab0 f   Monitors.obj
 0001:00025d40       ??0_FindAllMonitors@@QEAA@XZ 0000000180026d40 f i Monitors.obj
 0001:00025d60       ??1_FindAllMonitors@@QEAA@XZ 0000000180026d60 f i Monitors.obj
 0001:00025d80       ?FindTaskbarWindow@@YAPEAUHWND__@@PEAUtagRECT@@@Z 0000000180026d80 f   Monitors.obj
 0001:00025e00       ?IsTaskbarAutoHidden@@YA_NPEAUtagRECT@@PEAI@Z 0000000180026e00 f   Monitors.obj
 0001:00025ef0       ??0?$MArray@U_FindAllMonitorsItem@@@@QEAA@XZ 0000000180026ef0 f i Monitors.obj
 0001:00025f50       ??1?$MArray@U_FindAllMonitorsItem@@@@QEAA@XZ 0000000180026f50 f i Monitors.obj
 0001:00025f70       ??A?$MArray@U_FindAllMonitorsItem@@@@QEAAAEAU_FindAllMonitorsItem@@_J@Z 0000000180026f70 f i Monitors.obj
 0001:00025f90       ?push_back@?$MArray@U_FindAllMonitorsItem@@@@QEAA_JAEBU_FindAllMonitorsItem@@@Z 0000000180026f90 f i Monitors.obj
 0001:00026060       ?size@?$MArray@U_FindAllMonitorsItem@@@@QEBA_JXZ 0000000180027060 f i Monitors.obj
 0001:00026070       ?sort@?$MArray@U_FindAllMonitorsItem@@@@QEAAXP6AHAEAU_FindAllMonitorsItem@@0@Z@Z 0000000180027070 f i Monitors.obj
 0001:000261c0       ?clear@?$MArray@U_FindAllMonitorsItem@@@@QEAAXXZ 00000001800271c0 f i Monitors.obj
 0001:00026210       ?addsize@?$MArray@U_FindAllMonitorsItem@@@@QEAAX_J@Z 0000000180027210 f i Monitors.obj
 0001:00026350       ??0MSection@@QEAA@XZ       0000000180027350 f   MSection.obj
 0001:00026440       ??1MSection@@QEAA@XZ       0000000180027440 f   MSection.obj
 0001:00026510       ?Process_Lock@MSection@@IEAAXXZ 0000000180027510 f   MSection.obj
 0001:00026530       ?Process_Unlock@MSection@@IEAAXXZ 0000000180027530 f   MSection.obj
 0001:00026550       ?ThreadTerminated@MSection@@QEAAXK@Z 0000000180027550 f   MSection.obj
 0001:000265c0       ?AddRef@MSection@@IEAAXK@Z 00000001800275c0 f   MSection.obj
 0001:00026710       ?ReleaseRef@MSection@@IEAAHK@Z 0000000180027710 f   MSection.obj
 0001:00026830       ?WaitUnlocked@MSection@@IEAAXKK@Z 0000000180027830 f   MSection.obj
 0001:00026900       ?MyEnterCriticalSection@MSection@@IEAA_NK@Z 0000000180027900 f   MSection.obj
 0001:00026ad0       ?Lock@MSection@@IEAAHHK@Z  0000000180027ad0 f   MSection.obj
 0001:00026c80       ?Unlock@MSection@@IEAAXH@Z 0000000180027c80 f   MSection.obj
 0001:00026d10       ?isLockedExclusive@MSection@@QEAA_NXZ 0000000180027d10 f   MSection.obj
 0001:00026d80       ??0MSectionThread@@QEAA@PEAVMSection@@@Z 0000000180027d80 f   MSection.obj
 0001:00026dc0       ??1MSectionThread@@QEAA@XZ 0000000180027dc0 f   MSection.obj
 0001:00026e00       ??0MSectionLock@@QEAA@XZ   0000000180027e00 f   MSection.obj
 0001:00026e30       ??1MSectionLock@@QEAA@XZ   0000000180027e30 f   MSection.obj
 0001:00026e60       ?Lock@MSectionLock@@QEAAHPEAVMSection@@HK@Z 0000000180027e60 f   MSection.obj
 0001:00026f30       ?RelockExclusive@MSectionLock@@QEAAHK@Z 0000000180027f30 f   MSection.obj
 0001:00026fc0       ?Unlock@MSectionLock@@QEAAXXZ 0000000180027fc0 f   MSection.obj
 0001:00027010       ?isLocked@MSectionLock@@QEAAHH@Z 0000000180028010 f   MSection.obj
 0001:00027060       ??0MSectionSimple@@QEAA@_N@Z 0000000180028060 f   MSectionSimple.obj
 0001:000270c0       ??1MSectionSimple@@QEAA@XZ 00000001800280c0 f   MSectionSimple.obj
 0001:000270e0       ?IsInitialized@MSectionSimple@@QEAA_NXZ 00000001800280e0 f   MSectionSimple.obj
 0001:00027120       ?Init@MSectionSimple@@QEAAXXZ 0000000180028120 f   MSectionSimple.obj
 0001:00027150       ?Close@MSectionSimple@@QEAAXXZ 0000000180028150 f   MSectionSimple.obj
 0001:00027180       ?Enter@MSectionSimple@@QEAAXXZ 0000000180028180 f   MSectionSimple.obj
 0001:000271a0       ?Leave@MSectionSimple@@QEAAXXZ 00000001800281a0 f   MSectionSimple.obj
 0001:000271c0       ?TryEnter@MSectionSimple@@QEAA_NXZ 00000001800281c0 f   MSectionSimple.obj
 0001:00027200       ?RecreateAndLock@MSectionSimple@@QEAA_NXZ 0000000180028200 f   MSectionSimple.obj
 0001:000272a0       ??0MSectionLockSimple@@QEAA@XZ 00000001800282a0 f   MSectionSimple.obj
 0001:000272c0       ??1MSectionLockSimple@@QEAA@XZ 00000001800282c0 f   MSectionSimple.obj
 0001:000272f0       ?Lock@MSectionLockSimple@@QEAAHPEAUMSectionSimple@@K@Z 00000001800282f0 f   MSectionSimple.obj
 0001:000273c0       ?Unlock@MSectionLockSimple@@QEAAXXZ 00000001800283c0 f   MSectionSimple.obj
 0001:00027400       ?isLocked@MSectionLockSimple@@QEAAHXZ 0000000180028400 f   MSectionSimple.obj
 0001:00027410       ?NullSecurity@@YAPEAU_SECURITY_ATTRIBUTES@@XZ 0000000180028410 f   MSecurity.obj
 0001:00027470       ??0MNullDesc@@QEAA@XZ      0000000180028470 f i MSecurity.obj
 0001:000274f0       ?NullSecurity@MNullDesc@@QEAAPEAU_SECURITY_ATTRIBUTES@@XZ 00000001800284f0 f i MSecurity.obj
 0001:00027630       ?LoadAdvApi@MNullDesc@@IEAAHXZ 0000000180028630 f i MSecurity.obj
 0001:000278f0       ?UnloadAdvApi@MNullDesc@@IEAAXXZ 00000001800288f0 f i MSecurity.obj
 0001:00027930       ?LocalSecurity@@YAPEAU_SECURITY_ATTRIBUTES@@XZ 0000000180028930 f   MSecurity.obj
 0001:00027990       ?LocalSecurity@MNullDesc@@QEAAPEAU_SECURITY_ATTRIBUTES@@XZ 0000000180028990 f i MSecurity.obj
 0001:00027c40       ?ShutdownSecurity@@YAXXZ   0000000180028c40 f   MSecurity.obj
 0001:00027ca0       ??_GMNullDesc@@QEAAPEAXI@Z 0000000180028ca0 f i MSecurity.obj
 0001:00027ce0       ??1MNullDesc@@QEAA@XZ      0000000180028ce0 f i MSecurity.obj
 0001:00027d70       ??0MSetter@@QEAA@PEAJ@Z    0000000180028d70 f   MSetter.obj
 0001:00027dc0       ??0MSetter@@QEAA@PEA_N@Z   0000000180028dc0 f   MSetter.obj
 0001:00027e10       ??0MSetter@@QEAA@PEAKK@Z   0000000180028e10 f   MSetter.obj
 0001:00027e60       ??1MSetter@@QEAA@XZ        0000000180028e60 f   MSetter.obj
 0001:00027e80       ?Unlock@MSetter@@QEAAXXZ   0000000180028e80 f   MSetter.obj
 0001:00027f20       ?msprintf@@YAPEB_WPEA_W_KPEB_WZZ 0000000180028f20 f   MStrSafe.obj
 0001:000288e0       ?msprintf@@YAPEBDPEAD_KPEBDZZ 00000001800298e0 f   MStrSafe.obj
 0001:00029020       ?lstrcmpni@@YAHPEBD0H@Z    000000018002a020 f   MStrSafe.obj
 0001:00029190       ?lstrcmpni@@YAHPEB_W0H@Z   000000018002a190 f   MStrSafe.obj
 0001:00029340       ?startswith@@YAHPEB_W0_N@Z 000000018002a340 f   MStrSafe.obj
 0001:000293f0       ??0CPluginBackground@@QEAA@XZ 000000018002a3f0 f   PluginBackground.obj
 0001:000296a0       ??1CPluginBackground@@QEAA@XZ 000000018002a6a0 f   PluginBackground.obj
 0001:00029950       ?RegisterSubplugin@CPluginBackground@@QEAAHPEAURegisterBackgroundArg@@@Z 000000018002a950 f   PluginBackground.obj
 0001:00029db0       ?ReallocItems@CPluginBackground@@IEAAXH@Z 000000018002adb0 f   PluginBackground.obj
 0001:00029e50       ?OnMainThreadActivated@CPluginBackground@@QEAAXHH@Z 000000018002ae50 f   PluginBackground.obj
 0001:00029fc0       ?SetForceCheck@CPluginBackground@@QEAAXXZ 000000018002afc0 f   PluginBackground.obj
 0001:00029ff0       ?SetForceUpdate@CPluginBackground@@QEAAX_N@Z 000000018002aff0 f   PluginBackground.obj
 0001:0002a030       ?SetForceThLoad@CPluginBackground@@QEAAXXZ 000000018002b030 f   PluginBackground.obj
 0001:0002a070       ?IsParmChanged@CPluginBackground@@IEAA_NPEAUPaintBackgroundArg@@0@Z 000000018002b070 f   PluginBackground.obj
 0001:0002a3c0       ?CheckPanelFolders@CPluginBackground@@IEAAXH@Z 000000018002b3c0 f   PluginBackground.obj
 0001:0002a4f0       ?SetDcPanelRect@CPluginBackground@@IEAAXPEAUtagRECT@@PEAUBkPanelInfo@@PEAUPaintBackgroundArg@@@Z 000000018002b4f0 f   PluginBackground.obj
 0001:0002a690       ?UpdateBackground_Exec@CPluginBackground@@KAXPEAURegisterBackgroundArg@@PEAUPaintBackgroundArg@@@Z 000000018002b690 f   PluginBackground.obj
 0001:0002a6f0       ?UpdateBackground@CPluginBackground@@IEAAXXZ 000000018002b6f0 f   PluginBackground.obj
 0001:0002b7c0       ?LoadThSet@CPluginBackground@@IEAAHH@Z 000000018002c7c0 f   PluginBackground.obj
 0001:0002ba30       ?MonitorBackground@CPluginBackground@@QEAAXXZ 000000018002ca30 f   PluginBackground.obj
 0001:0002bb10       ?GetTo@?$MFileMapping@UPanelViewSetMapping@@@@QEAA_NPEAUPanelViewSetMapping@@H@Z 000000018002cb10 f i PluginBackground.obj
 0001:0002bb70       ?InitName@?$MFileMapping@UPanelViewSetMapping@@@@QEAAPEB_WPEB_WKK@Z 000000018002cb70 f i PluginBackground.obj
 0001:0002bbd0       ?CloseMap@?$MFileMapping@UPanelViewSetMapping@@@@QEAAXXZ 000000018002cbd0 f i PluginBackground.obj
 0001:0002bc60       ?Open@?$MFileMapping@UPanelViewSetMapping@@@@QEAAPEAUPanelViewSetMapping@@HH@Z 000000018002cc60 f i PluginBackground.obj
 0001:0002bc90       ??0?$MFileMapping@UPanelViewSetMapping@@@@QEAA@XZ 000000018002cc90 f i PluginBackground.obj
 0001:0002bd00       ??1?$MFileMapping@UPanelViewSetMapping@@@@QEAA@XZ 000000018002cd00 f i PluginBackground.obj
 0001:0002bd30       ?IsValid@?$MFileMapping@UPanelViewSetMapping@@@@QEAA_NXZ 000000018002cd30 f i PluginBackground.obj
 0001:0002bd60       ?ClosePtr@?$MFileMapping@UPanelViewSetMapping@@@@QEAAXXZ 000000018002cd60 f i PluginBackground.obj
 0001:0002bda0       ?InternalOpenCreate@?$MFileMapping@UPanelViewSetMapping@@@@IEAAPEAUPanelViewSetMapping@@HHH@Z 000000018002cda0 f i PluginBackground.obj
 0001:0002c180       ?PlugServerInit@@YAXXZ     000000018002d180 f   PluginSrv.obj
 0001:0002c190       ?PlugServerStart@@YA_NXZ   000000018002d190 f   PluginSrv.obj
 0001:0002c2d0       ?PlugServerStop@@YAX_N@Z   000000018002d2d0 f   PluginSrv.obj
 0001:0002c330       ?cmd_FarSetChanged@@YAXPEAUFAR_REQ_FARSETCHANGED@@@Z 000000018002d330 f   PluginSrv.obj
 0001:0002c3b0       ?PlugServerCommand@@YAHPEAXPEAUCESERVER_REQ@@AEAPEAU1@AEAK3_J@Z 000000018002d3b0 f   PluginSrv.obj
 0001:0002cde0       ?PlugServerFree@@YAXPEAUCESERVER_REQ@@_J@Z 000000018002dde0 f   PluginSrv.obj
 0001:0002ce00       ?SetOverlapped@?$PipeServer@UCESERVER_REQ@@@@QEAAX_N@Z 000000018002de00 f i PluginSrv.obj
 0001:0002ce20       ?SetLoopCommands@?$PipeServer@UCESERVER_REQ@@@@QEAAX_N@Z 000000018002de20 f i PluginSrv.obj
 0001:0002ce40       ?SetDummyAnswerSize@?$PipeServer@UCESERVER_REQ@@@@QEAAXH@Z 000000018002de40 f i PluginSrv.obj
 0001:0002ce60       ?SetMaxCount@?$PipeServer@UCESERVER_REQ@@@@QEAAXH@Z 000000018002de60 f i PluginSrv.obj
 0001:0002ceb0       ?StartPipeServer@?$PipeServer@UCESERVER_REQ@@@@QEAA_N_NPEB_W_JPEAU_SECURITY_ATTRIBUTES@@P6AHPEAXPEAUCESERVER_REQ@@AEAPEAU3@AEAK72@ZP6AX52@ZP6AH42@ZP6AH42@ZP6AH42@Z@Z 000000018002deb0 f i PluginSrv.obj
 0001:0002d120       ?StopPipeServer@?$PipeServer@UCESERVER_REQ@@@@QEAAX_NAEA_N@Z 000000018002e120 f i PluginSrv.obj
 0001:0002da30       ?BreakConnection@?$PipeServer@UCESERVER_REQ@@@@QEAAXPEAX@Z 000000018002ea30 f i PluginSrv.obj
 0001:0002da60       ?DumpError@?$PipeServer@UCESERVER_REQ@@@@IEAAXPEAUPipeInst@1@PEB_WH@Z 000000018002ea60 f i PluginSrv.obj
 0001:0002dba0       ?_Disconnect@?$PipeServer@UCESERVER_REQ@@@@IEAAXPEAUPipeInst@1@_N11@Z 000000018002eba0 f i PluginSrv.obj
 0001:0002dc50       ?StartPipeInstance@?$PipeServer@UCESERVER_REQ@@@@IEAA_NPEAUPipeInst@1@@Z 000000018002ec50 f i PluginSrv.obj
 0001:0002dec0       ?TerminatePipeThread@?$PipeServer@UCESERVER_REQ@@@@KAXAEAPEAXAEBUPipeInst@1@AEA_N@Z 000000018002eec0 f i PluginSrv.obj
 0001:0002df80       ?_PipeServerThread@?$PipeServer@UCESERVER_REQ@@@@KAKPEAX@Z 000000018002ef80 f i PluginSrv.obj
 0001:0002e020       ?PipeServerThread@?$PipeServer@UCESERVER_REQ@@@@IEAAKPEAUPipeInst@1@@Z 000000018002f020 f i PluginSrv.obj
 0001:0002e570       ?PipeServerRead@?$PipeServer@UCESERVER_REQ@@@@IEAAHPEAUPipeInst@1@@Z 000000018002f570 f i PluginSrv.obj
 0001:0002e9e0       ?PipeServerWrite@?$PipeServer@UCESERVER_REQ@@@@IEAAHPEAUPipeInst@1@PEBXKPEAKH@Z 000000018002f9e0 f i PluginSrv.obj
 0001:0002ec20       ?WaitForClient@?$PipeServer@UCESERVER_REQ@@@@IEAA_NPEAUPipeInst@1@AEAH1@Z 000000018002fc20 f i PluginSrv.obj
 0001:0002f230       ?WriteDummyAnswer@?$PipeServer@UCESERVER_REQ@@@@IEAAHPEAUPipeInst@1@@Z 0000000180030230 f i PluginSrv.obj
 0001:0002f2d0       ?WaitOverlapped@?$PipeServer@UCESERVER_REQ@@@@IEAAHPEAUPipeInst@1@PEAK@Z 00000001800302d0 f i PluginSrv.obj
 0001:0002f5c0       ?AllocRequestBuf@PipeInst@?$PipeServer@UCESERVER_REQ@@@@QEAAPEAUCESERVER_REQ@@K@Z 00000001800305c0 f i PluginSrv.obj
 0001:0002f660       ??$wcscpy_c@$0BAE@@@YAHAEAY0BAE@_WPEB_W@Z 0000000180030660 f i PluginSrv.obj
 0001:0002f7c0       ?SetConEmuEnvHWND@@YAXPEB_WPEAUHWND__@@@Z 00000001800307c0 f   SetEnvVar.obj
 0001:0002f820       ?SetConEmuEnvVar@@YAXPEAUHWND__@@@Z 0000000180030820 f   SetEnvVar.obj
 0001:0002f8a0       ?SetConEmuEnvVarChild@@YAXPEAUHWND__@@0@Z 00000001800308a0 f   SetEnvVar.obj
 0001:0002f8e0       ?SetConEmuWorkEnvVar@@YAXPEAUHINSTANCE__@@@Z 00000001800308e0 f   SetEnvVar.obj
 0001:0002fab0       ??0CEnvStrings@@QEAA@PEA_W@Z 0000000180030ab0 f   SetEnvVar.obj
 0001:0002fb70       ??1CEnvStrings@@QEAA@XZ    0000000180030b70 f   SetEnvVar.obj
 0001:0002fbb0       ?ShutdownConsole@@YAXXZ    0000000180030bb0 f   WConsole.obj
 0001:0002fc00       ?SetConsoleInfo@@YAHPEAUHWND__@@PEAU_CONSOLE_INFO@@@Z 0000000180030c00 f   WConsole.obj
 0001:0002ff30       ?ChangeScreenBufferSize@@YAXAEAU_CONSOLE_SCREEN_BUFFER_INFO@@FFFF@Z 0000000180030f30 f   WConsole.obj
 0001:00030090       ?GetConWindowSize@@YAHAEBU_CONSOLE_SCREEN_BUFFER_INFO@@HHKPEAH1PEAK@Z 0000000180031090 f   WConsole.obj
 0001:00030230       ?GetConsoleSizeInfo@@YAXPEAU_CONSOLE_INFO@@@Z 0000000180031230 f   WConsole.obj
 0001:00030300       ?apiGetConsoleScreenBufferInfoEx@@YAHPEAXPEAUMY_CONSOLE_SCREEN_BUFFER_INFOEX@@@Z 0000000180031300 f   WConsole.obj
 0001:00030380       ?apiSetConsoleScreenBufferInfoEx@@YAHPEAXPEAUMY_CONSOLE_SCREEN_BUFFER_INFOEX@@@Z 0000000180031380 f   WConsole.obj
 0001:00030420       ?apiGetConsoleFontSize@@YAHPEAXAEAH1AEAY0CA@_W@Z 0000000180031420 f   WConsole.obj
 0001:00030510       ?apiSetConsoleFontSize@@YAHPEAXHHPEB_W@Z 0000000180031510 f   WConsole.obj
 0001:000306b0       ?apiFixFontSizeForBufferSize@@YAHPEAXU_COORD@@PEADH@Z 00000001800316b0 f   WConsole.obj
 0001:00030d90       ?SetConsoleFontSizeTo@@YAXPEAUHWND__@@HHPEB_WGG@Z 0000000180031d90 f   WConsole.obj
 0001:00031420       ?MyGetLargestConsoleWindowSize@@YA?AU_COORD@@PEAX@Z 0000000180032420 f   WConsole.obj
 0001:000314b0       ?SearchAppPaths@@YA_NPEB_WAEAUCmdArg@@_NPEAU1@@Z 00000001800324b0 f   WFiles.obj
 0001:00031b50       ?GetFullPathNameEx@@YAPEA_WPEB_W@Z 0000000180032b50 f   WFiles.obj
 0001:00031c50       ?FindFileName@@YA_NPEB_WAEAUCmdArg@@@Z 0000000180032c50 f   WFiles.obj
 0001:00031ea0       ?MakePathProperCase@@YA_NAEAUCmdArg@@@Z 0000000180032ea0 f   WFiles.obj
 0001:000321d0       ?ReadTextFile@@YAHPEB_WKAEAPEA_WAEAK2K@Z 00000001800331d0 f   WFiles.obj
 0001:000327d0       ?WriteTextFile@@YAHPEB_W0HK_NPEAK@Z 00000001800337d0 f   WFiles.obj
 0001:00032b90       ?FilesExists@@YA_NPEB_W0_NH@Z 0000000180033b90 f   WFiles.obj
 0001:00032d30       ?IsDotsName@@YA_NPEB_W@Z   0000000180033d30 f   WFiles.obj
 0001:00032d90       ?FileExistSubDir@@YA_NPEB_W0HAEAUCmdArg@@@Z 0000000180033d90 f   WFiles.obj
 0001:00032fd0       ?DirectoryExists@@YA_NPEB_W@Z 0000000180033fd0 f   WFiles.obj
 0001:00033170       ?MyCreateDirectory@@YA_NPEA_W@Z 0000000180034170 f   WFiles.obj
 0001:000332c0       ?FileCompare@@YA_NPEB_W0@Z 00000001800342c0 f   WFiles.obj
 0001:000335b0       ?apiCancelSynchronousIo@@YAHPEAX@Z 00000001800345b0 f   WFiles.obj
 0001:00033670       ?HasZoneIdentifier@@YA_NPEB_WAEAH@Z 0000000180034670 f   WFiles.obj
 0001:000337a0       ?DropZoneIdentifier@@YA_NPEB_WAEAK@Z 00000001800347a0 f   WFiles.obj
 0001:000338b0       ?getWindowInfo@@YAXPEAUHWND__@@AEAY0EAA@_W_NPEAK@Z 00000001800348b0 f   WObjects.obj
 0001:00033ac0       ?FileExists@@YA_NPEB_WPEAK@Z 0000000180034ac0 f   WObjects.obj
 0001:00033ce0       ?FileSearchInDir@@YA_NPEB_WAEAUCmdArg@@@Z 0000000180034ce0 f   WObjects.obj
 0001:00033f00       ?FileExistsSearch@@YA_NPEB_WAEAUCmdArg@@_N2@Z 0000000180034f00 f   WObjects.obj
 0001:00034040       ?GetShortFileName@@YA_NPEB_WHPEA_WH@Z 0000000180035040 f   WObjects.obj
 0001:000342c0       ?GetShortFileNameEx@@YAPEA_WPEB_WH@Z 00000001800352c0 f   WObjects.obj
 0001:00034800       ?IsWine@@YA_NXZ            0000000180035800 f   WObjects.obj
 0001:00034990       ?IsWinPE@@YA_NXZ           0000000180035990 f   WObjects.obj
 0001:00034a40       ?GetOsVersionInformational@@YA_NPEAU_OSVERSIONINFOW@@@Z 0000000180035a40 f   WObjects.obj
 0001:00034a80       ?IsWinVerOrHigher@@YA_NG@Z 0000000180035a80 f   WObjects.obj
 0001:00034b50       ?IsWin2kEql@@YA_NXZ        0000000180035b50 f   WObjects.obj
 0001:00034c30       ?IsWin5family@@YA_NXZ      0000000180035c30 f   WObjects.obj
 0001:00034cf0       ?IsWinXPSP1@@YA_NXZ        0000000180035cf0 f   WObjects.obj
 0001:00034de0       ?IsWin6@@YA_NXZ            0000000180035de0 f   WObjects.obj
 0001:00034e40       ?IsWin7@@YA_NXZ            0000000180035e40 f   WObjects.obj
 0001:00034ea0       ?IsWin10@@YA_NXZ           0000000180035ea0 f   WObjects.obj
 0001:00034f00       ?IsDbcs@@YA_NXZ            0000000180035f00 f   WObjects.obj
 0001:00034f40       ?IsWindows64@@YA_NXZ       0000000180035f40 f   WObjects.obj
 0001:00034f80       ?IsHwFullScreenAvailable@@YA_NXZ 0000000180035f80 f   WObjects.obj
 0001:00035010       ?IsVsNetHostExe@@YA_NPEB_W@Z 0000000180036010 f   WObjects.obj
 0001:000350b0       ?IsGDB@@YA_NPEB_W@Z        00000001800360b0 f   WObjects.obj
 0001:00035120       ?GetProcessBits@@YAHKPEAX@Z 0000000180036120 f   WObjects.obj
 0001:00035250       ?GetProcessInfo@@YA_NKPEAUtagPROCESSENTRY32W@@@Z 0000000180036250 f   WObjects.obj
 0001:00035340       ?isTerminalMode@@YA_NXZ    0000000180036340 f   WObjects.obj
 0001:00035690       ?IsModuleValid@@YA_NPEAUHINSTANCE__@@H@Z 0000000180036690 f   WObjects.obj
 0001:00035890       ?CheckCallbackPtr@@YA_NPEAUHINSTANCE__@@_KPEAP6A_JXZHHH@Z 0000000180036890 f   WObjects.obj
 0001:00035a80       ?ExpandMacroValues@@YAPEA_WPEB_WPEAPEB_W_K@Z 0000000180036a80 f   WObjects.obj
 0001:00035cd0       ?ExpandEnvStr@@YAPEA_WPEB_W@Z 0000000180036cd0 f   WObjects.obj
 0001:00035de0       ?GetEnvVar@@YAPEA_WPEB_W@Z 0000000180036de0 f   WObjects.obj
 0001:00035ed0       ?GetComspecFromEnvVar@@YAPEB_WPEA_WKW4ComSpecBits@@@Z 0000000180036ed0 f   WObjects.obj
 0001:00036230       ?GetComspec@@YAPEA_WPEBUConEmuComspec@@@Z 0000000180037230 f   WObjects.obj
 0001:000364f0       ?IsExportEnvVarAllowed@@YA_NPEB_W@Z 00000001800374f0 f   WObjects.obj
 0001:00036570       ?ApplyExportEnvVar@@YAXPEB_W@Z 0000000180037570 f   WObjects.obj
 0001:00036630       ?CoordInSmallRect@@YA_NAEBU_COORD@@AEBU_SMALL_RECT@@@Z 0000000180037630 f   WObjects.obj
 0001:000366b0       ?GetCpFromString@@YAIPEB_WPEAPEB_W@Z 00000001800376b0 f   WObjects.obj
 0001:00036910       ??$wcscpy_c@$0EAA@@@YAHAEAY0EAA@_WPEB_W@Z 0000000180037910 f i WObjects.obj
 0001:00036940       ??$wcscpy_c@$0BAA@@@YAHAEAY0BAA@_WPEB_W@Z 0000000180037940 f i WObjects.obj
 0001:00036970       ?apiThreadHelper@@YAKPEAX@Z 0000000180037970 f   WThreads.obj
 0001:00036b50       ?apiCreateThread@@YAPEAXP6AKPEAX@Z0PEAKPEBDH@Z 0000000180037b50 f   WThreads.obj
 0001:00036d50       ??0ConEmuThreadStartArg@@QEAA@P6AKPEAX@Z0K@Z 0000000180037d50 f i WThreads.obj
 0001:00036db0       ?apiTerminateThreadEx@@YAHPEAXKPEBDH@Z 0000000180037db0 f   WThreads.obj
 0001:00036f40       ?SetThreadName@@YAXKPEAD@Z 0000000180037f40 f   WThreads.obj
 0001:00036fa0       ?apiSetForegroundWindow@@YA_NPEAUHWND__@@@Z 0000000180037fa0 f   WUser.obj
 0001:00036fe0       ?apiShowWindow@@YA_NPEAUHWND__@@H@Z 0000000180037fe0 f   WUser.obj
 0001:00037020       ?apiShowWindowAsync@@YA_NPEAUHWND__@@H@Z 0000000180038020 f   WUser.obj
 0001:00037060       ?IsUserAdmin@@YA_NXZ       0000000180038060 f   WUser.obj
 0001:000371c0       ?GetLogonSID@@YA_NPEAXPEAPEA_W@Z 00000001800381c0 f   WUser.obj
 0001:00037320       ?RemoveOldComSpecC@@YAXXZ  0000000180038320 f   WUser.obj
 0001:00037470       ?DuplicateProcessHandle@@YAPEAXK@Z 0000000180038470 f   WUser.obj
 0001:00037500       ?FindComspec@@YAXPEAUConEmuComspec@@_N@Z 0000000180038500 f   WUser.obj
 0001:000380f0       ?UpdateComspec@@YAXPEAUConEmuComspec@@_N@Z 00000001800390f0 f   WUser.obj
 0001:00038530       ?SetEnvVarExpanded@@YAXPEB_W0@Z 0000000180039530 f   WUser.obj
 0001:00038780       wcsrchr                    0000000180039780 f   libCRT64:strrchr.obj
 0001:000387b0       wcschr                     00000001800397b0 f   libCRT64:strchr.obj
 0001:000387d0       strpbrk                    00000001800397d0 f   libCRT64:strpbrk.obj
 0001:00038870       wcspbrk                    0000000180039870 f   libCRT64:strpbrk.obj
 0001:000388c0       wcsncmp                    00000001800398c0 f   libCRT64:strncmp.obj
 0001:00038900       strrchr                    0000000180039900 f   libCRT64:strrchr.obj
 0001:00038930       wcsstr                     0000000180039930 f   libCRT64:strstr.obj
 0001:000389a0       memset                     00000001800399a0 f   libCRT64:memset.obj
 0001:000389d0       memmove                    00000001800399d0 f   libCRT64:memmove.obj
 0001:00038a30       memcpy                     0000000180039a30 f   libCRT64:memcpy.obj
 0001:00038a60       memcmp                     0000000180039a60 f   libCRT64:memcmp.obj
 0001:00038a90       iswdigit                   0000000180039a90 f i libCRT64:strtol.obj
 0001:00038aa0       iswspace                   0000000180039aa0 f i libCRT64:strtol.obj
 0001:00038c90       wcstol                     0000000180039c90 f   libCRT64:strtol.obj
 0001:00038ca0       wcstoul                    0000000180039ca0 f   libCRT64:strtol.obj
 0001:00038cb0       strchr                     0000000180039cb0 f   libCRT64:strchr.obj
 0001:00038cc8       SetEnvironmentVariableW    0000000180039cc8 f   kernel32:KERNEL32.dll
 0001:00038cce       lstrlenW                   0000000180039cce f   kernel32:KERNEL32.dll
 0001:00038cd4       lstrcpynW                  0000000180039cd4 f   kernel32:KERNEL32.dll
 0001:00038cda       lstrcmpiW                  0000000180039cda f   kernel32:KERNEL32.dll
 0001:00038ce0       lstrcmpW                   0000000180039ce0 f   kernel32:KERNEL32.dll
 0001:00038ce6       GetCurrentDirectoryW       0000000180039ce6 f   kernel32:KERNEL32.dll
 0001:00038cec       SearchPathW                0000000180039cec f   kernel32:KERNEL32.dll
 0001:00038cf2       GetProcAddress             0000000180039cf2 f   kernel32:KERNEL32.dll
 0001:00038cf8       GetModuleHandleW           0000000180039cf8 f   kernel32:KERNEL32.dll
 0001:00038cfe       GetModuleFileNameW         0000000180039cfe f   kernel32:KERNEL32.dll
 0001:00038d04       SetNamedPipeHandleState    0000000180039d04 f   kernel32:KERNEL32.dll
 0001:00038d0a       GetCurrentProcessId        0000000180039d0a f   kernel32:KERNEL32.dll
 0001:00038d10       Sleep                      0000000180039d10 f   kernel32:KERNEL32.dll
 0001:00038d16       SetLastError               0000000180039d16 f   kernel32:KERNEL32.dll
 0001:00038d1c       WaitNamedPipeW             0000000180039d1c f   kernel32:KERNEL32.dll
 0001:00038d22       WaitForSingleObject        0000000180039d22 f   kernel32:KERNEL32.dll
 0001:00038d28       GetLastError               0000000180039d28 f   kernel32:KERNEL32.dll
 0001:00038d2e       CreateFileW                0000000180039d2e f   kernel32:KERNEL32.dll
 0001:00038d34       GetTickCount               0000000180039d34 f   kernel32:KERNEL32.dll
 0001:00038d3a       IsDebuggerPresent          0000000180039d3a f   kernel32:KERNEL32.dll
 0001:00038d40       GetCurrentThreadId         0000000180039d40 f   kernel32:KERNEL32.dll
 0001:00038d46       ReadFile                   0000000180039d46 f   kernel32:KERNEL32.dll
 0001:00038d4c       CloseHandle                0000000180039d4c f   kernel32:KERNEL32.dll
 0001:00038d52       TransactNamedPipe          0000000180039d52 f   kernel32:KERNEL32.dll
 0001:00038d58       WriteFile                  0000000180039d58 f   kernel32:KERNEL32.dll
 0001:00038d5e       GetConsoleWindow           0000000180039d5e f   kernel32:KERNEL32.dll
 0001:00038d64       UnmapViewOfFile            0000000180039d64 f   kernel32:KERNEL32.dll
 0001:00038d6a       MapViewOfFile              0000000180039d6a f   kernel32:KERNEL32.dll
 0001:00038d70       OpenFileMappingW           0000000180039d70 f   kernel32:KERNEL32.dll
 0001:00038d76       LoadLibraryW               0000000180039d76 f   kernel32:KERNEL32.dll
 0001:00038d7c       CreateFileMappingW         0000000180039d7c f   kernel32:KERNEL32.dll
 0001:00038d82       VirtualProtect             0000000180039d82 f   kernel32:KERNEL32.dll
 0001:00038d88       lstrcpyW                   0000000180039d88 f   kernel32:KERNEL32.dll
 0001:00038d8e       MultiByteToWideChar        0000000180039d8e f   kernel32:KERNEL32.dll
 0001:00038d94       lstrcpynA                  0000000180039d94 f   kernel32:KERNEL32.dll
 0001:00038d9a       lstrlenA                   0000000180039d9a f   kernel32:KERNEL32.dll
 0001:00038da0       WideCharToMultiByte        0000000180039da0 f   kernel32:KERNEL32.dll
 0001:00038da6       lstrcpyA                   0000000180039da6 f   kernel32:KERNEL32.dll
 0001:00038dac       lstrcatW                   0000000180039dac f   kernel32:KERNEL32.dll
 0001:00038db2       GetConsoleCursorInfo       0000000180039db2 f   kernel32:KERNEL32.dll
 0001:00038db8       GetConsoleScreenBufferInfo 0000000180039db8 f   kernel32:KERNEL32.dll
 0001:00038dbe       GetStdHandle               0000000180039dbe f   kernel32:KERNEL32.dll
 0001:00038dc4       GetConsoleTitleW           0000000180039dc4 f   kernel32:KERNEL32.dll
 0001:00038dca       DeleteFileW                0000000180039dca f   kernel32:KERNEL32.dll
 0001:00038dd0       Thread32Next               0000000180039dd0 f   kernel32:KERNEL32.dll
 0001:00038dd6       Thread32First              0000000180039dd6 f   kernel32:KERNEL32.dll
 0001:00038ddc       CreateToolhelp32Snapshot   0000000180039ddc f   kernel32:KERNEL32.dll
 0001:00038de2       GetConsoleMode             0000000180039de2 f   kernel32:KERNEL32.dll
 0001:00038de8       GetExitCodeProcess         0000000180039de8 f   kernel32:KERNEL32.dll
 0001:00038dee       CreateProcessW             0000000180039dee f   kernel32:KERNEL32.dll
 0001:00038df4       SetConsoleMode             0000000180039df4 f   kernel32:KERNEL32.dll
 0001:00038dfa       GetEnvironmentStringsW     0000000180039dfa f   kernel32:KERNEL32.dll
 0001:00038e00       GetEnvironmentVariableW    0000000180039e00 f   kernel32:KERNEL32.dll
 0001:00038e06       WaitForMultipleObjects     0000000180039e06 f   kernel32:KERNEL32.dll
 0001:00038e0c       CreateEventW               0000000180039e0c f   kernel32:KERNEL32.dll
 0001:00038e12       SetConsoleTitleW           0000000180039e12 f   kernel32:KERNEL32.dll
 0001:00038e18       CreateSemaphoreW           0000000180039e18 f   kernel32:KERNEL32.dll
 0001:00038e1e       ResetEvent                 0000000180039e1e f   kernel32:KERNEL32.dll
 0001:00038e24       TerminateProcess           0000000180039e24 f   kernel32:KERNEL32.dll
 0001:00038e2a       GetCurrentProcess          0000000180039e2a f   kernel32:KERNEL32.dll
 0001:00038e30       SetEvent                   0000000180039e30 f   kernel32:KERNEL32.dll
 0001:00038e36       IsBadStringPtrW            0000000180039e36 f   kernel32:KERNEL32.dll
 0001:00038e3c       Module32NextW              0000000180039e3c f   kernel32:KERNEL32.dll
 0001:00038e42       Module32FirstW             0000000180039e42 f   kernel32:KERNEL32.dll
 0001:00038e48       ReleaseSemaphore           0000000180039e48 f   kernel32:KERNEL32.dll
 0001:00038e4e       WriteConsoleInputW         0000000180039e4e f   kernel32:KERNEL32.dll
 0001:00038e54       GetNumberOfConsoleInputEvents 0000000180039e54 f   kernel32:KERNEL32.dll
 0001:00038e5a       ReadConsoleInputW          0000000180039e5a f   kernel32:KERNEL32.dll
 0001:00038e60       PeekConsoleInputW          0000000180039e60 f   kernel32:KERNEL32.dll
[...]
 0003:00003370       ?gnSynchroCount@@3HA       0000000180058370     ConEmuPluginBase.obj
 0003:00003388       ?AssertMsgBox@@3P6AHPEB_WI0PEAUHWND__@@_N@ZEA 0000000180058388     MAssert.obj
 0003:00003390       ?ghHeap@@3PEAXEA           0000000180058390     Memory.obj
 0003:00003398       ?gNullDesc@@3PEAVMNullDesc@@EA 0000000180058398     MSecurity.obj
 0003:000033a0       ?gbNeedBgActivate@@3HA     00000001800583a0     PluginBackground.obj
 0003:000033a4       ?gbBgPluginsAllowed@@3HA   00000001800583a4     PluginBackground.obj
 0003:000033a8       ?gpBgPlugin@@3PEAVCPluginBackground@@EA 00000001800583a8     PluginBackground.obj
 0003:000033b0       ?gszPluginServerPipe@@3PA_WA 00000001800583b0     PluginSrv.obj
 0003:000035b8       ?gpPlugServer@@3PEAU?$PipeServer@UCESERVER_REQ@@@@EA 00000001800585b8     PluginSrv.obj
 0003:000035c0       ?ghServerTerminateEvent@@3PEAXEA 00000001800585c0     PluginSrv.obj
 0003:000035c8       ?gbForcedServerTermination@@3_NA 00000001800585c8     PluginSrv.obj
 0003:000035d0       ?gpConsoleInfoStr@@3PEAU_CONSOLE_INFO@@EA 00000001800585d0     WConsole.obj
 0003:000035d8       ?ghConsoleSection@@3PEAXEA 00000001800585d8     WConsole.obj
 0003:000035e0       ?g_LastSetConsoleFont@@3UMY_CONSOLE_FONT_INFOEX@@A 00000001800585e0     WConsole.obj
 0003:00003668       ?gfnSearchAppPaths@@3P6A_NPEB_WAEAUCmdArg@@_NPEAU1@@ZEA 0000000180058668     WObjects.obj
 0003:00003670       ?gfVirtualAlloc@@3P6APEAXPEAX_KKK@ZEA 0000000180058670     WObjects.obj
 0003:0000b6f0       ?g_ThreadsIdx@@3JA         00000001800606f0     WThreads.obj
 0003:0000b700       _aenvptr                   0000000180060700     LIBCMT:dllcrt0.obj
 0003:0000b708       _wenvptr                   0000000180060708     LIBCMT:dllcrt0.obj
 0003:0000b710       __error_mode               0000000180060710     LIBCMT:dllcrt0.obj
 0003:0000b714       __app_type                 0000000180060714     LIBCMT:dllcrt0.obj
 0003:0000b718       _umaskval                  0000000180060718     LIBCMT:crt0dat.obj
 0003:0000b71c       _osplatform                000000018006071c     LIBCMT:crt0dat.obj
 0003:0000b720       _osver                     0000000180060720     LIBCMT:crt0dat.obj
 0003:0000b724       _winver                    0000000180060724     LIBCMT:crt0dat.obj
 0003:0000b728       _winmajor                  0000000180060728     LIBCMT:crt0dat.obj
 0003:0000b72c       _winminor                  000000018006072c     LIBCMT:crt0dat.obj
 0003:0000b730       __argc                     0000000180060730     LIBCMT:crt0dat.obj
 0003:0000b734       _exitflag                  0000000180060734     LIBCMT:crt0dat.obj
 0003:0000b738       __argv                     0000000180060738     LIBCMT:crt0dat.obj
 0003:0000b740       __wargv                    0000000180060740     LIBCMT:crt0dat.obj
 0003:0000b748       _environ                   0000000180060748     LIBCMT:crt0dat.obj
 0003:0000b750       __initenv                  0000000180060750     LIBCMT:crt0dat.obj
 0003:0000b758       _wenviron                  0000000180060758     LIBCMT:crt0dat.obj
 0003:0000b760       __winitenv                 0000000180060760     LIBCMT:crt0dat.obj
 0003:0000b768       _pgmptr                    0000000180060768     LIBCMT:crt0dat.obj
 0003:0000b770       _wpgmptr                   0000000180060770     LIBCMT:crt0dat.obj
 0003:0000b778       _C_Termination_Done        0000000180060778     LIBCMT:crt0dat.obj
 0003:0000b77c       _C_Exit_Done               000000018006077c     LIBCMT:crt0dat.obj
 0003:0000b888       _crtheap                   0000000180060888     LIBCMT:heapinit.obj
 0003:0000bde0       ?__pInconsistency@@3P6AXXZEA 0000000180060de0     LIBCMT:hooks.obj
 0003:0000be18       ?_pnhHeap@@3P6AH_K@ZEA     0000000180060e18     LIBCMT:handler.obj
 0003:0000be20       __locale_changed           0000000180060e20     LIBCMT:setlocal.obj
 0003:0000be28       __lc_handle                0000000180060e28     LIBCMT:nlsdata2.obj
 0003:0000be40       __lc_codepage              0000000180060e40     LIBCMT:nlsdata2.obj
 0003:0000be44       __lc_collate_cp            0000000180060e44     LIBCMT:nlsdata2.obj
 0003:0000be50       __mbulinfo                 0000000180060e50     LIBCMT:mbctype.obj
 0003:0000be5c       __mbcodepage               0000000180060e5c     LIBCMT:mbctype.obj
 0003:0000be60       __ismbcodepage             0000000180060e60     LIBCMT:mbctype.obj
 0003:0000be64       __mblcid                   0000000180060e64     LIBCMT:mbctype.obj
 0003:0000be68       _maxwait                   0000000180060e68     LIBCMT:crtheap.obj
 0003:0000be6c       _newmode                   0000000180060e6c     LIBCMT:_newmode.obj
 0003:0000c408       __lconv_static_null        0000000180061408     LIBCMT:lconv.obj
 0003:0000c40c       __lconv_static_W_null      000000018006140c     LIBCMT:lconv.obj
 0003:0000c4cc       __setlc_active             00000001800614cc     <common>
 0003:0000c4d0       __unguarded_readlc_active  00000001800614d0     <common>
 0003:0000c4d4       _nhandle                   00000001800614d4     <common>
 0003:0000c4e0       __pioinfo                  00000001800614e0     <common>
 0003:0000c6e0       __env_initialized          00000001800616e0     <common>
 0003:0000c6e8       __onexitend                00000001800616e8     <common>
 0003:0000c6f0       __onexitbegin              00000001800616f0     <common>
 0003:0000c6f8       __mbctype_initialized      00000001800616f8     <common>
 0003:0000c700       _FPinit                    0000000180061700     <common>
 0003:0000c708       __initenv_end              0000000180061708     <common>
 0003:0000c710       __winitenv_end             0000000180061710     <common>
 0003:0000c718       __dyn_tls_init_callback    0000000180061718     <common>
 0003:0000c720       _acmdln                    0000000180061720     <common>
 0003:0000c728       _pRawDllMain               0000000180061728     <common>
 0003:0000c730       _pDestructExceptionObject  0000000180061730     <common>

 entry point at        0001:000397fc

 Static symbols

 0001:00000610       ?StringValidateDestW@@YAJPEB_W_K_K@Z 0000000180001610 f   CmdArg.obj
 0001:00000650       ?StringCopyWorkerW@@YAJPEA_W_KPEA_KPEB_W1@Z 0000000180001650 f   CmdArg.obj
 0001:00004c90       ?StringValidateDestW@@YAJPEB_W_K_K@Z 0000000180005c90 f   ConEmuCheck.obj
 0001:00004cd0       ?StringCopyWorkerW@@YAJPEA_W_KPEA_KPEB_W1@Z 0000000180005cd0 f   ConEmuCheck.obj
 0001:00006f20       ?StringValidateDestW@@YAJPEB_W_K_K@Z 0000000180007f20 f   ConEmuCheckEx.obj
 0001:00006f60       ?StringCopyWorkerW@@YAJPEA_W_KPEA_KPEB_W1@Z 0000000180007f60 f   ConEmuCheckEx.obj
 0001:00007170       ?StringValidateDestAndLengthW@@YAJPEB_W_KPEA_K_K@Z 0000000180008170 f   ConEmuCheckEx.obj
 0001:000071e0       ?StringLengthWorkerW@@YAJPEB_W_KPEA_K@Z 00000001800081e0 f   ConEmuCheckEx.obj
 0001:00007a40       ?StringValidateDestW@@YAJPEB_W_K_K@Z 0000000180008a40 f   ConEmuInjects.obj
 0001:00007a80       ?StringCopyWorkerW@@YAJPEA_W_KPEA_KPEB_W1@Z 0000000180008a80 f   ConEmuInjects.obj
 0001:00008820       ?ChangeExports@@YA_NPEBUExportFunc@@PEAUHINSTANCE__@@@Z 0000000180009820 f   ConEmuPlugin.obj
 0001:0000c590       ?GetFarSetting@@YAHPEAX_KPEB_W@Z 000000018000d590 f   ConEmuPlugin1900.obj
 0001:0000c900       ?CallGuiMacroProc@@YAXXZ   000000018000d900 f   ConEmuPlugin1900.obj
 0001:0000cd50       ?CallGuiMacroDlg@@YA_JPEAXHH0@Z 000000018000dd50 f   ConEmuPlugin1900.obj
 0001:0000d450       ?MAKEFARVERSION@@YA?AUVersionInfo@@KKKKW4VERSION_STAGE@@@Z 000000018000e450 f   ConEmuPlugin2800.obj
 0001:0000f190       ?WExists@@YA_JAEBUWindowInfo@@AEBV?$MArray@UWindowInfo@@@@@Z 0000000180010190 f   ConEmuPlugin2800.obj
 0001:000106e0       ?GetFarSetting@@YAHPEAX_KPEB_W@Z 00000001800116e0 f   ConEmuPlugin2800.obj
 0001:00010a70       ?CallGuiMacroProc@@YAXXZ   0000000180011a70 f   ConEmuPlugin2800.obj
 0001:00010eb0       ?CallGuiMacroDlg@@YA_JPEAX_J10@Z 0000000180011eb0 f   ConEmuPlugin2800.obj
 0001:000114d0       ?FreeMacroResult@@YAXPEAXPEAUFarMacroValue@@_K@Z 00000001800124d0 f   ConEmuPlugin2800.obj
 0001:00014140       ?CallGuiMacroProc@@YAXXZ   0000000180015140 f   ConEmuPlugin995.obj
 0001:00014540       ?CallGuiMacroDlg@@YA_JPEAXHH_J@Z 0000000180015540 f   ConEmuPlugin995.obj
 0001:00016b20       ?CallGuiMacroProc@@YAXXZ   0000000180017b20 f   ConEmuPluginA.obj
 0001:00016f40       ?CallGuiMacroDlg@@YA_JPEAXHH_J@Z 0000000180017f40 f   ConEmuPluginA.obj
 0001:00017c30       ?LoadFarVersion@@YA_NAEAUFarVersion@@AEAY0CAA@_W@Z 0000000180018c30 f   ConEmuPluginBase.obj
 0001:00017cd0       ?SetDefaultFarVersion@@YAXAEAUFarVersion@@@Z 0000000180018cd0 f   ConEmuPluginBase.obj
 0001:00017d30       ?LoadFarVersion@@YA_NPEB_WAEAUFarVersion@@AEAY0CAA@_W@Z 0000000180018d30 f   ConEmuPluginBase.obj
 0001:00017da0       ?LoadAppVersion@@YA_NPEB_WAEAUtagVS_FIXEDFILEINFO@@AEAY0CAA@_W@Z 0000000180018da0 f   ConEmuPluginBase.obj
 0001:00018000       ?ConvertVersionToFarVersion@@YAXAEBUtagVS_FIXEDFILEINFO@@AEAUFarVersion@@@Z 0000000180019000 f   ConEmuPluginBase.obj
 0001:00022630       ?StringValidateDestW@@YAJPEB_W_K_K@Z 0000000180023630 f   ConEmuPluginBase.obj
 0001:00022670       ?StringValidateDestAndLengthW@@YAJPEB_W_KPEA_K_K@Z 0000000180023670 f   ConEmuPluginBase.obj
 0001:000226e0       ?StringLengthWorkerW@@YAJPEB_W_KPEA_K@Z 00000001800236e0 f   ConEmuPluginBase.obj
 0001:00022780       ?StringCopyWorkerW@@YAJPEA_W_KPEA_KPEB_W1@Z 0000000180023780 f   ConEmuPluginBase.obj
 0001:00024ac0       ?StringValidateDestW@@YAJPEB_W_K_K@Z 0000000180025ac0 f   Execute.obj
 0001:00024b00       ?StringCopyWorkerW@@YAJPEA_W_KPEA_KPEB_W1@Z 0000000180025b00 f   Execute.obj
 0001:00024f40       ?StringValidateDestA@@YAJPEBD_K_K@Z 0000000180025f40 f   Memory.obj
 0001:00024f80       ?StringCopyWorkerA@@YAJPEAD_KPEA_KPEBD1@Z 0000000180025f80 f   Memory.obj
 0001:00025100       ?StringValidateDestW@@YAJPEB_W_K_K@Z 0000000180026100 f   Memory.obj
 0001:00025140       ?StringCopyWorkerW@@YAJPEA_W_KPEA_KPEB_W1@Z 0000000180026140 f   Memory.obj
 0001:0002c050       ?StringValidateDestW@@YAJPEB_W_K_K@Z 000000018002d050 f   PluginBackground.obj
 0001:0002c090       ?StringCopyWorkerW@@YAJPEA_W_KPEA_KPEB_W1@Z 000000018002d090 f   PluginBackground.obj
 0001:0002f690       ?StringValidateDestW@@YAJPEB_W_K_K@Z 0000000180030690 f   PluginSrv.obj
 0001:0002f6d0       ?StringCopyWorkerW@@YAJPEA_W_KPEA_KPEB_W1@Z 00000001800306d0 f   PluginSrv.obj
 0001:00034190       ?StringValidateDestW@@YAJPEB_W_K_K@Z 0000000180035190 f   WObjects.obj
 0001:000341d0       ?StringCopyWorkerW@@YAJPEA_W_KPEA_KPEB_W1@Z 00000001800351d0 f   WObjects.obj
 0001:000348b0       ?CheckRegKeyExist@@YA_NPEAURegKeyExistArg@@@Z 00000001800358b0 f   WObjects.obj
 0001:00036120       ?StringValidateDestAndLengthW@@YAJPEB_W_KPEA_K_K@Z 0000000180037120 f   WObjects.obj
 0001:00036190       ?StringLengthWorkerW@@YAJPEB_W_KPEA_K@Z 0000000180037190 f   WObjects.obj
 0001:00038650       ?StringValidateDestW@@YAJPEB_W_K_K@Z 0000000180039650 f   WUser.obj
 0001:00038690       ?StringCopyWorkerW@@YAJPEA_W_KPEA_KPEB_W1@Z 0000000180039690 f   WUser.obj
 0001:00038ac0       ?strtoxl@@YAKPEB_WPEAPEA_WHH@Z 0000000180039ac0 f   libCRT64:strtol.obj
 0001:0003962c       __DllMainCRTStartup        000000018003a62c f   LIBCMT:dllcrt0.obj
 0001:00039950       xcptlookup                 000000018003a950 f   LIBCMT:winxfltr.obj
 0001:00039c54       _initterm                  000000018003ac54 f   LIBCMT:crt0dat.obj
 0001:00039e2c       doexit                     000000018003ae2c f   LIBCMT:crt0dat.obj
 0001:0003aa34       parse_cmdline              000000018003ba34 f   LIBCMT:stdargv.obj
 0001:0003b804       ctrlevent_capture          000000018003c804 f   LIBCMT:winsig.obj
 0001:0003b89c       siglookup                  000000018003c89c f   LIBCMT:winsig.obj
 0001:0003c300       _copytlocinfo_nolock       000000018003d300 f   LIBCMT:setlocal.obj
 0001:0003c334       _updatetlocinfoEx_nolock   000000018003d334 f   LIBCMT:setlocal.obj
 0001:0003c484       sync_legacy_variables_lk   000000018003d484 f   LIBCMT:setlocal.obj
 0001:0003c880       _setlocale_get_all         000000018003d880 f   LIBCMT:setlocal.obj
 0001:0003cccc       _setlocale_set_cat         000000018003dccc f   LIBCMT:setlocal.obj
 0001:0003cfd0       _setlocale_nolock          000000018003dfd0 f   LIBCMT:setlocal.obj
 0001:0003d59c       ?CPtoLCID@@YAHH@Z          000000018003e59c f   LIBCMT:mbctype.obj
 0001:0003d5d0       ?setSBCS@@YAXPEAUthreadmbcinfostruct@@@Z 000000018003e5d0 f   LIBCMT:mbctype.obj
 0001:0003d664       ?setSBUpLow@@YAXPEAUthreadmbcinfostruct@@@Z 000000018003e664 f   LIBCMT:mbctype.obj
 0001:0003d9dc       ?getSystemCP@@YAHH@Z       000000018003e9dc f   LIBCMT:mbctype.obj
 0001:0003e1d8       ?x_ismbbtype_l@@YAHPEAUlocaleinfo_struct@@IHH@Z 000000018003f1d8 f   LIBCMT:ismbbyte.obj
 0001:0003eb18       _get_lc_time               000000018003fb18 f   LIBCMT:inittime.obj
 0001:0003fbc0       fix_grouping               0000000180040bc0 f   LIBCMT:initnum.obj
 0001:0003fed4       fix_grouping               0000000180040ed4 f   LIBCMT:initmon.obj
 0001:00041160       ?_store_str@@YAXPEADPEAPEADPEA_K@Z 0000000180042160 f   LIBCMT:_strftime.obj
 0001:00041184       ?_store_number@@YAXHPEAPEADPEA_K@Z 0000000180042184 f   LIBCMT:_strftime.obj
 0001:000411e8       ?_store_num@@YAXHHPEAPEADPEA_KI@Z 00000001800421e8 f   LIBCMT:_strftime.obj
 0001:000412c4       ?_expandtime@@YAHPEAUlocaleinfo_struct@@DPEBUtm@@PEAPEADPEA_KPEAU__lc_time_data@@I@Z 00000001800422c4 f   LIBCMT:_strftime.obj
 0001:00041900       ?_store_winword@@YAHPEAUlocaleinfo_struct@@HPEBUtm@@PEAPEADPEA_KPEAU__lc_time_data@@@Z 0000000180042900 f   LIBCMT:_strftime.obj
 0001:000422a0       TranslateName              00000001800432a0 f   LIBCMT:getqloc.obj
 0001:00042338       GetLcidFromDefault         0000000180043338 f   LIBCMT:getqloc.obj
 0001:0004235c       ProcessCodePage            000000018004335c f   LIBCMT:getqloc.obj
 0001:000423f8       TestDefaultCountry         00000001800433f8 f   LIBCMT:getqloc.obj
 0001:00042420       LcidFromHexString          0000000180043420 f   LIBCMT:getqloc.obj
 0001:0004245c       GetPrimaryLen              000000018004345c f   LIBCMT:getqloc.obj
 0001:00042478       CountryEnumProc            0000000180043478 f   LIBCMT:getqloc.obj
 0001:00042560       TestDefaultLanguage        0000000180043560 f   LIBCMT:getqloc.obj
 0001:00042624       LangCountryEnumProc        0000000180043624 f   LIBCMT:getqloc.obj
 0001:000428d4       LanguageEnumProc           00000001800438d4 f   LIBCMT:getqloc.obj
 0001:000429e4       GetLcidFromCountry         00000001800439e4 f   LIBCMT:getqloc.obj
 0001:00042a34       GetLcidFromLangCountry     0000000180043a34 f   LIBCMT:getqloc.obj
 0001:00042adc       GetLcidFromLanguage        0000000180043adc f   LIBCMT:getqloc.obj
 0001:00042e1c       ?__crtGetStringTypeA_stat@@YAHPEAUlocaleinfo_struct@@KPEBDHPEAGHHH@Z 0000000180043e1c f   LIBCMT:_a_str.obj
 0001:000430d8       ?strncnt@@YAHPEBDH@Z       00000001800440d8 f   LIBCMT:_a_map.obj
 0001:000430f4       ?__crtLCMapStringA_stat@@YAHPEAUlocaleinfo_struct@@KKPEBDHPEADHHH@Z 00000001800440f4 f   LIBCMT:_a_map.obj
 0001:00043b08       _tzset_nolock              0000000180044b08 f   LIBCMT:tzset.obj
 0001:00043fb4       cvtdate                    0000000180044fb4 f   LIBCMT:tzset.obj
 0001:0004426c       _isindst_nolock            000000018004526c f   LIBCMT:tzset.obj
 0001:00044bbc       xtoa_s                     0000000180045bbc f   LIBCMT:xtoas.obj
 0001:00044d24       x64toa_s                   0000000180045d24 f   LIBCMT:xtoas.obj
 0001:00045030       ?__crtGetLocaleInfoA_stat@@YAHPEAUlocaleinfo_struct@@KKPEADHH@Z 0000000180046030 f   LIBCMT:_a_loc.obj
 0001:000452cc       _getenv_s_helper           00000001800462cc f   LIBCMT:getenv.obj
 0001:000453a0       _dupenv_s_helper           00000001800463a0 f   LIBCMT:getenv.obj
 0001:00045a24       ?strtoxlX@@YAKPEAUlocaleinfo_struct@@PEBDPEAPEBDHHH@Z 0000000180046a24 f   LIBCMT:_strtol.obj
 0001:00045cf0       ?strtoxl@@YAKPEAUlocaleinfo_struct@@PEBDPEAPEBDHH@Z 0000000180046cf0 f   LIBCMT:_strtol.obj
 0001:00045dcc       ?strtoxq@@YA_KPEAUlocaleinfo_struct@@PEBDPEAPEBDHH@Z 0000000180046dcc f   LIBCMT:_strtoq.obj
 0001:00046308       ?__crtGetStringTypeW_stat@@YAHPEAUlocaleinfo_struct@@KPEBGHPEAGHH@Z 0000000180047308 f   LIBCMT:_w_str.obj
 0001:00046524       ?strncnt@@YAHPEBDH@Z       0000000180047524 f   LIBCMT:_a_cmp.obj
 0001:00046540       ?__crtCompareStringA_stat@@YAHPEAUlocaleinfo_struct@@KKPEBDH1HH@Z 0000000180047540 f   LIBCMT:_a_cmp.obj
 0001:00046a50       findenv                    0000000180047a50 f   LIBCMT:setenv.obj
 0001:00046ad4       copy_environ               0000000180047ad4 f   LIBCMT:setenv.obj
 0001:00047230       ?filt$0@?0??SetThreadName@@YAXKPEAD@Z@4HA 0000000180048230 f   WThreads.obj
 0001:00047244       __DllMainCRTStartup$filt$0 0000000180048244 f   LIBCMT:dllcrt0.obj
 0001:000472a4       __DllMainCRTStartup$filt$1 00000001800482a4 f   LIBCMT:dllcrt0.obj
 0001:00047304       __DllMainCRTStartup$filt$2 0000000180048304 f   LIBCMT:dllcrt0.obj
 0001:00047364       __DllMainCRTStartup$filt$3 0000000180048364 f   LIBCMT:dllcrt0.obj
 0001:000473c4       __DllMainCRTStartup$filt$4 00000001800483c4 f   LIBCMT:dllcrt0.obj
 0001:00047424       __DllMainCRTStartup$filt$5 0000000180048424 f   LIBCMT:dllcrt0.obj
 0001:00047484       __DllMainCRTStartup$filt$6 0000000180048484 f   LIBCMT:dllcrt0.obj
 0001:000474e4       __DllMainCRTStartup$filt$7 00000001800484e4 f   LIBCMT:dllcrt0.obj
 0001:00047540       _IsNonwritableInCurrentImage$filt$0 0000000180048540 f   LIBCMT:pesect.obj
 0001:00047561       doexit$fin$0               0000000180048561 f   LIBCMT:crt0dat.obj
 0001:00047580       _initptd$fin$0             0000000180048580 f   LIBCMT:tidtable.obj
 0001:00047599       _freefls$fin$1             0000000180048599 f   LIBCMT:tidtable.obj
 0001:000475b9       _freefls$fin$0             00000001800485b9 f   LIBCMT:tidtable.obj
 0001:000475d2       _mtinitlocknum$fin$0       00000001800485d2 f   LIBCMT:mlock.obj
 0001:000475ee       ctrlevent_capture$fin$0    00000001800485ee f   LIBCMT:winsig.obj
 0001:00047604       signal$fin$0               0000000180048604 f   LIBCMT:winsig.obj
 0001:0004761a       raise$fin$0                000000018004861a f   LIBCMT:winsig.obj
 0001:00047636       __updatetlocinfo$fin$0     0000000180048636 f   LIBCMT:setlocal.obj
 0001:0004764f       _free_locale$fin$0         000000018004864f f   LIBCMT:setlocal.obj
 0001:00047668       _get_current_locale$fin$0  0000000180048668 f   LIBCMT:setlocal.obj
 0001:00047681       setlocale$fin$1            0000000180048681 f   LIBCMT:setlocal.obj
 0001:000476a1       setlocale$fin$0            00000001800486a1 f   LIBCMT:setlocal.obj
 0001:000476c1       setlocale$fin$2            00000001800486c1 f   LIBCMT:setlocal.obj
 0001:000476db       __updatetmbcinfo$fin$0     00000001800486db f   LIBCMT:mbctype.obj
 0001:000476f4       _setmbcp$fin$0             00000001800486f4 f   LIBCMT:mbctype.obj
 0001:0004770d       _tzset_nolock$fin$0        000000018004870d f   LIBCMT:tzset.obj
 0001:00047726       __tzset$fin$0              0000000180048726 f   LIBCMT:tzset.obj
 0001:0004773f       _tzset$fin$0               000000018004873f f   LIBCMT:tzset.obj
 0001:00047758       _isindst$fin$0             0000000180048758 f   LIBCMT:tzset.obj
 0001:00047771       getenv$fin$0               0000000180048771 f   LIBCMT:getenv.obj
 0001:0004778a       getenv_s$fin$0             000000018004878a f   LIBCMT:getenv.obj
 0001:000477a3       _dupenv_s$fin$0            00000001800487a3 f   LIBCMT:getenv.obj
