 ConEmu

 Timestamp is 55dada95 (Mon Aug 24 11:49:25 2015)

 Preferred load address is 10000000

 Start         Length     Name                   Class
 0001:00000000 0003a14aH .text                   CODE
 0002:00000000 000003e4H .idata$5                DATA
 0002:000003e4 00000004H .CRT$XCA                DATA
 0002:000003e8 00000004H .CRT$XCZ                DATA
 0002:000003ec 00000004H .CRT$XIA                DATA
 0002:000003f0 00000008H .CRT$XIC                DATA
 0002:000003f8 00000004H .CRT$XIZ                DATA
 0002:000003fc 00000004H .CRT$XPA                DATA
 0002:00000400 00000004H .CRT$XPZ                DATA
 0002:00000404 00000004H .CRT$XTA                DATA
 0002:00000408 00000004H .CRT$XTZ                DATA
 0002:00000410 00005df8H .rdata                  DATA
 0002:00006208 0000006fH .rdata$debug            DATA
 0002:00006278 000004d4H .xdata$x                DATA
 0002:0000674c 00000078H .idata$2                DATA
 0002:000067c4 00000014H .idata$3                DATA
 0002:000067d8 000003e4H .idata$4                DATA
 0002:00006bbc 000011d8H .idata$6                DATA
 0002:00007da0 000002ddH .edata                  DATA
 0003:00000000 00000f80H .data                   DATA
 0003:00000f80 0000a070H .bss                    DATA
 0004:00000000 00000058H .rsrc$01                DATA
 0004:00000060 000002d8H .rsrc$02                DATA

  Address         Publics by Value              Rva+Base       Lib:Object

 0000:00000000       __except_list              00000000     <absolute>
 0000:00000000       ___safe_se_handler_count   00000000     <absolute>
 0000:00000000       ___safe_se_handler_table   00000000     <absolute>
 0000:00000000       ___ImageBase               10000000     <linker-defined>
 0001:00000000       ??0CmdArg@@QAE@XZ          10001000 f   CmdArg.obj
 0001:00000040       ??0CmdArg@@QAE@PA_W@Z      10001040 f   CmdArg.obj
 0001:00000090       ??4CmdArg@@QAEAAU0@PA_W@Z  10001090 f   CmdArg.obj
 0001:000000b0       ??4CmdArg@@QAEAAU0@PB_W@Z  100010b0 f   CmdArg.obj
 0001:000000d0       ??1CmdArg@@QAE@XZ          100010d0 f   CmdArg.obj
 0001:00000140       ?GetBuffer@CmdArg@@QAEPA_WH@Z 10001140 f   CmdArg.obj
 0001:00000240       ?Detach@CmdArg@@QAEPA_WXZ  10001240 f   CmdArg.obj
 0001:00000270       ?Attach@CmdArg@@QAEPB_WPA_W@Z 10001270 f   CmdArg.obj
 0001:00000290       ?AttachInt@CmdArg@@AAEPB_WAAPA_W@Z 10001290 f   CmdArg.obj
 0001:00000310       ?Empty@CmdArg@@QAEXXZ      10001310 f   CmdArg.obj
 0001:00000360       ?IsEmpty@CmdArg@@QAE_NXZ   10001360 f   CmdArg.obj
 0001:000003a0       ?Set@CmdArg@@QAEPB_WPB_WH@Z 100013a0 f   CmdArg.obj
 0001:00000430       ?StringCchCopyNW@@YGJPA_WIPB_WI@Z 10001430 f i CmdArg.obj
 0001:00000570       ?SavePathVar@CmdArg@@QAEXPB_W@Z 10001570 f   CmdArg.obj
 0001:000005b0       ?SaveEnvVar@CmdArg@@QAEXPB_W0@Z 100015b0 f   CmdArg.obj
 0001:00000630       ?SetAt@CmdArg@@QAEXH_W@Z   10001630 f   CmdArg.obj
 0001:00000660       ?GetPosFrom@CmdArg@@QAEXABU1@@Z 10001660 f   CmdArg.obj
 0001:000006a0       ?IsNeedDequote@@YI_NPB_W_NPAPB_W@Z 100016a0 f   CmdLine.obj
 0001:00000870       ??BCmdArg@@QBEPB_WXZ       10001870 f i CmdLine.obj
 0001:00000880       ?NextArg@@YIHPAPB_WAAUCmdArg@@0@Z 10001880 f   CmdLine.obj
 0001:00000cd0       ?NextLine@@YIHPAPB_WAAUCmdArg@@K@Z 10001cd0 f   CmdLine.obj
 0001:00000e40       ?AddEndSlash@@YIHPA_WH@Z   10001e40 f   CmdLine.obj
 0001:00000ec0       ?SkipNonPrintable@@YIPB_WPB_W@Z 10001ec0 f   CmdLine.obj
 0001:00000f20       ?CompareFileMask@@YI_NPB_W0@Z 10001f20 f   CmdLine.obj
 0001:000010f0       ?wcschr@@YAPA_WPA_W_W@Z    100020f0 f i CmdLine.obj
 0001:00001110       ?GetDrive@@YIPB_WPB_WPA_WH@Z 10002110 f   CmdLine.obj
 0001:00001310       ?GetDirectory@@YIHAAUCmdArg@@@Z 10002310 f   CmdLine.obj
 0001:000013a0       ?IsNeedCmd@@YI_NHPB_WAAUCmdArg@@PAPB_WPAH333@Z 100023a0 f   CmdLine.obj
 0001:00001ac0       ?Disable@MWow64Disable@@QAEXXZ 10002ac0 f i CmdLine.obj
 0001:00001af0       ??0MWow64Disable@@QAE@XZ   10002af0 f i CmdLine.obj
 0001:00001b70       ??1MWow64Disable@@QAE@XZ   10002b70 f i CmdLine.obj
 0001:00001b90       ?Restore@MWow64Disable@@QAEXXZ 10002b90 f i CmdLine.obj
 0001:00001bd0       ?IsExecutable@@YI_NPB_WPAPA_W@Z 10002bd0 f   CmdLine.obj
 0001:00001cc0       ?CheckProcessName@@YI_NPB_WPAPB_W1@Z 10002cc0 f   CmdLine.obj
 0001:00001d90       ?IsConsoleService@@YI_NPB_W@Z 10002d90 f   CmdLine.obj
 0001:00001de0       ?IsConsoleServer@@YI_NPB_W@Z 10002de0 f   CmdLine.obj
 0001:00001e30       ?IsFarExe@@YI_NPB_W@Z      10002e30 f   CmdLine.obj
 0001:00001e80       ?IsCmdProcessor@@YI_NPB_W@Z 10002e80 f   CmdLine.obj
 0001:00001ed0       ?IsQuotationNeeded@@YI_NPB_W@Z 10002ed0 f   CmdLine.obj
 0001:00001f10       ?MergeCmdLine@@YIPA_WPB_W0@Z 10002f10 f   CmdLine.obj
 0001:00001fa0       ?JoinPath@@YIPA_WPB_W00@Z  10002fa0 f   CmdLine.obj
 0001:00002100       ?IsFilePath@@YI_NPB_W_N@Z  10003100 f   CmdLine.obj
 0001:000022c0       ?PointToName@@YIPB_WPB_W@Z 100032c0 f   CmdLine.obj
 0001:00002350       ?PointToName@@YIPBDPBD@Z   10003350 f   CmdLine.obj
 0001:000023d0       ?PointToExt@@YIPB_WPB_W@Z  100033d0 f   CmdLine.obj
 0001:00002410       ?Unquote@@YIPB_WPA_W_N@Z   10003410 f   CmdLine.obj
 0001:000024a0       ?wcsrchr@@YAPA_WPA_W_W@Z   100034a0 f i CmdLine.obj
 0001:000024c0       ?IsNewConsoleArg@@YI_NPB_W0@Z 100034c0 f   CmdLine.obj
 0001:000025a0       ?PackInputRecord@@YIHPBU_INPUT_RECORD@@PAUMsgStr@MSG64@@@Z 100035a0 f   Common.obj
 0001:000027b0       ?UnpackInputRecord@@YIHPBUMsgStr@MSG64@@PAU_INPUT_RECORD@@@Z 100037b0 f   Common.obj
 0001:00002a10       ?TranslateKeyPress@@YIXGK_WHPAU_INPUT_RECORD@@1@Z 10003a10 f   Common.obj
 0001:00002c00       ?GetCommand@CESERVER_REQ_NEWCMD@@QAEPA_WXZ 10003c00 f   Common.obj
 0001:00002c40       ?GetEnvStrings@CESERVER_REQ_NEWCMD@@QAEPA_WXZ 10003c40 f   Common.obj
 0001:00002c90       ?SetCommand@CESERVER_REQ_NEWCMD@@QAEXPB_W@Z 10003c90 f   Common.obj
 0001:00002d10       ?SetEnvStrings@CESERVER_REQ_NEWCMD@@QAEXPB_WK@Z 10003d10 f   Common.obj
 0001:00002e30       ?IsEnvBlockVariableValid@@YI_NPB_WAAPB_W@Z 10003e30 f   Common.obj
 0001:00002e90       ?IsEnvBlockVariableValid@@YI_NPB_W@Z 10003e90 f   Common.obj
 0001:00002ed0       ?CommonShutdown@@YIXXZ     10003ed0 f   Common.obj
 0001:00002f00       ?ModuleName@@YIPB_WPB_W@Z  10003f00 f   ConEmuCheck.obj
 0001:00002fe0       ?ExecuteOpenPipe@@YIPAXPB_WAAY0CAI@_W0KKHPAXH@Z 10003fe0 f   ConEmuCheck.obj
 0001:00003200       ?ExecutePrepareCmd@@YIXPAUCESERVER_REQ@@KI@Z 10004200 f   ConEmuCheck.obj
 0001:00003250       ?ExecutePrepareCmd@@YIXPAUCESERVER_REQ_HDR@@KI@Z 10004250 f   ConEmuCheck.obj
 0001:000032f0       ?ExecuteNewCmd@@YIPAUCESERVER_REQ@@KI@Z 100042f0 f   ConEmuCheck.obj
 0001:00003350       ?ExecuteNewCmd@@YI_NAAPAUCESERVER_REQ@@AAKKI@Z 10004350 f   ConEmuCheck.obj
 0001:000033d0       ?LoadSrvMapping@@YIHPAUHWND__@@AAUCESERVER_CONSOLE_MAPPING_HDR@@@Z 100043d0 f   ConEmuCheck.obj
 0001:00003500       ?LoadGuiMapping@@YIHKAAUConEmuGuiMapping@@@Z 10004500 f   ConEmuCheck.obj
 0001:00003620       ?ExecuteNewCmdOnCreate@@YIPAUCESERVER_REQ@@PAUCESERVER_CONSOLE_MAPPING_HDR@@PAUHWND__@@W4CmdOnCreateType@@PB_W33PAK444HHPAX55@Z 10004620 f   ConEmuCheck.obj
 0001:000039b0       ?StringCchCopyW@@YGJPA_WIPB_W@Z 100049b0 f i ConEmuCheck.obj
 0001:00003ae0       ?ExecuteGuiCmd@@YIPAUCESERVER_REQ@@PAUHWND__@@PAU1@0H@Z 10004ae0 f   ConEmuCheck.obj
 0001:00003b70       ?ExecuteSrvCmd@@YIPAUCESERVER_REQ@@KPAU1@PAUHWND__@@HKH@Z 10004b70 f   ConEmuCheck.obj
 0001:00003c10       ?ExecuteHkCmd@@YIPAUCESERVER_REQ@@KPAU1@PAUHWND__@@HH@Z 10004c10 f   ConEmuCheck.obj
 0001:00003cb0       ?ExecuteCmd@@YIPAUCESERVER_REQ@@PB_WPAU1@KPAUHWND__@@HKH@Z 10004cb0 f   ConEmuCheck.obj
 0001:00003fe0       ?ExecuteFreeResult@@YIXAAPAUCESERVER_REQ@@@Z 10004fe0 f   ConEmuCheck.obj
 0001:00004020       ?AllocateSendCurrentDirectory@@YI_NAAPAUCESERVER_REQ@@AAKPB_W2@Z 10005020 f   ConEmuCheck.obj
 0001:00004130       ?SendCurrentDirectory@@YIXPAUHWND__@@PB_W1@Z 10005130 f   ConEmuCheck.obj
 0001:00004190       ?isConsoleClass@@YI_NPB_W@Z 10005190 f   ConEmuCheck.obj
 0001:000041e0       ?isConsoleWindow@@YI_NPAUHWND__@@@Z 100051e0 f   ConEmuCheck.obj
 0001:000042e0       ?myGetConsoleWindow@@YIPAUHWND__@@XZ 100052e0 f   ConEmuCheck.obj
 0001:000043e0       ?GetConEmuHWND@@YIPAUHWND__@@H@Z 100053e0 f   ConEmuCheck.obj
 0001:00004590       ??BHWND2@@QBEPAUHWND__@@XZ 10005590 f i ConEmuCheck.obj
 0001:000045a0       ??BHWND2@@QBEKXZ           100055a0 f i ConEmuCheck.obj
 0001:000045b0       ?ConEmuCheck@@YIHPAPAUHWND__@@@Z 100055b0 f   ConEmuCheck.obj
 0001:000045f0       ?GuiMessageBox@@YIHPAUHWND__@@PB_W1H@Z 100055f0 f   ConEmuCheck.obj
 0001:000047b0       ?InitName@?$MFileMapping@UCESERVER_CONSOLE_MAPPING_HDR@@@@QAEPB_WPB_WKK@Z 100057b0 f i ConEmuCheck.obj
 0001:00004800       ?CloseMap@?$MFileMapping@UCESERVER_CONSOLE_MAPPING_HDR@@@@QAEXXZ 10005800 f i ConEmuCheck.obj
 0001:00004870       ?Open@?$MFileMapping@UCESERVER_CONSOLE_MAPPING_HDR@@@@QAEPAUCESERVER_CONSOLE_MAPPING_HDR@@HH@Z 10005870 f i ConEmuCheck.obj
 0001:00004890       ??0?$MFileMapping@UCESERVER_CONSOLE_MAPPING_HDR@@@@QAE@XZ 10005890 f i ConEmuCheck.obj
 0001:000048f0       ??1?$MFileMapping@UCESERVER_CONSOLE_MAPPING_HDR@@@@QAE@XZ 100058f0 f i ConEmuCheck.obj
 0001:00004910       ?InitName@?$MFileMapping@UConEmuGuiMapping@@@@QAEPB_WPB_WKK@Z 10005910 f i ConEmuCheck.obj
 0001:00004960       ?CloseMap@?$MFileMapping@UConEmuGuiMapping@@@@QAEXXZ 10005960 f i ConEmuCheck.obj
 0001:000049d0       ?Open@?$MFileMapping@UConEmuGuiMapping@@@@QAEPAUConEmuGuiMapping@@HH@Z 100059d0 f i ConEmuCheck.obj
 0001:000049f0       ??0?$MFileMapping@UConEmuGuiMapping@@@@QAE@XZ 100059f0 f i ConEmuCheck.obj
 0001:00004a50       ??1?$MFileMapping@UConEmuGuiMapping@@@@QAE@XZ 10005a50 f i ConEmuCheck.obj
 0001:00004a70       ?ClosePtr@?$MFileMapping@UCESERVER_CONSOLE_MAPPING_HDR@@@@QAEXXZ 10005a70 f i ConEmuCheck.obj
 0001:00004aa0       ?InternalOpenCreate@?$MFileMapping@UCESERVER_CONSOLE_MAPPING_HDR@@@@IAEPAUCESERVER_CONSOLE_MAPPING_HDR@@HHH@Z 10005aa0 f i ConEmuCheck.obj
 0001:00004c80       ?ClosePtr@?$MFileMapping@UConEmuGuiMapping@@@@QAEXXZ 10005c80 f i ConEmuCheck.obj
 0001:00004cb0       ?InternalOpenCreate@?$MFileMapping@UConEmuGuiMapping@@@@IAEPAUConEmuGuiMapping@@HHH@Z 10005cb0 f i ConEmuCheck.obj
 0001:00004e90       ??$wcscpy_c@$0CA@@@YIHAAY0CA@_WPB_W@Z 10005e90 f i ConEmuCheck.obj
 0001:00004ec0       ??$wcscpy_c@$0CAI@@@YIHAAY0CAI@_WPB_W@Z 10005ec0 f i ConEmuCheck.obj
 0001:00004ef0       ?LoadGuiMapping@@YIHPAUHWND__@@AAUConEmuGuiMapping@@@Z 10005ef0 f   ConEmuCheckEx.obj
 0001:00004f30       ?IsConEmuExeExist@@YIHPB_WAAY0BAF@_W@Z 10005f30 f   ConEmuCheckEx.obj
 0001:00004fe0       ?FindConEmuBaseDir@@YIHAAY0BAF@_W0PAUHINSTANCE__@@@Z 10005fe0 f   ConEmuCheckEx.obj
 0001:00005580       ??$wcscpy_c@$0BAF@@@YIHAAY0BAF@_WPB_W@Z 10006580 f i ConEmuCheckEx.obj
 0001:00005690       ??$wcscpy_add@$0BAF@@@YIHPA_WAAY0BAF@_WPB_W@Z 10006690 f i ConEmuCheckEx.obj
 0001:000056e0       ??$wcscat_c@$0BAF@@@YIHAAY0BAF@_WPB_W@Z 100066e0 f i ConEmuCheckEx.obj
 0001:00005710       ?StringCchCatW@@YGJPA_WIPB_W@Z 10006710 f i ConEmuCheckEx.obj
 0001:00005830       ?StartupHooks@@YI_NPAUHINSTANCE__@@@Z 10006830 f   ConEmuInjects.obj
 0001:00005c00       ?ShutdownHooks@@YIXXZ      10006c00 f   ConEmuInjects.obj
 0001:00005db0       ??$wcscpy_c@$0EA@@@YIHAAY0EA@_WPB_W@Z 10006db0 f i ConEmuInjects.obj
 0001:00005ec0       _DllMain@12                10006ec0 f   ConEmuPlugin.obj
 0001:00005f00       ?GetPluginInfo@@YGXPAX@Z   10006f00 f   ConEmuPlugin.obj
 0001:00005f70       ?GetPluginInfoW@@YGXPAX@Z  10006f70 f   ConEmuPlugin.obj
 0001:00005fa0       ?IsConsoleActive@@YGHXZ    10006fa0 f   ConEmuPlugin.obj
 0001:00006000       ?GetFarHWND2@@YGPAUHWND__@@H@Z 10007000 f   ConEmuPlugin.obj
 0001:00006070       ?GetFarHWND@@YGPAUHWND__@@XZ 10007070 f   ConEmuPlugin.obj
 0001:00006080       ?IsTerminalMode@@YGHXZ     10007080 f   ConEmuPlugin.obj
 0001:00006090       ?GetFarVersion@@YGXPAUFarVersion@@@Z 10007090 f   ConEmuPlugin.obj
 0001:000060c0       ?RegisterPanelView@@YGHPAUPanelViewInit@@@Z 100070c0 f   ConEmuPlugin.obj
 0001:000062b0       ?RegisterBackground@@YGHPAURegisterBackgroundArg@@@Z 100072b0 f   ConEmuPlugin.obj
 0001:00006340       ?SyncExecute@@YGHPAUHINSTANCE__@@P6GXJ@ZJ@Z 10007340 f   ConEmuPlugin.obj
 0001:00006390       ?ActivateConsole@@YGHXZ    10007390 f   ConEmuPlugin.obj
 0001:00006420       ??4HWND2@@QAEAAU0@PAUHWND__@@@Z 10007420 f i ConEmuPlugin.obj
 0001:00006440       ?SetStartupInfo@@YGXPAX@Z  10007440 f   ConEmuPlugin.obj
 0001:000064b0       _SetStartupInfoW@4         100074b0 f   ConEmuPlugin.obj
 0001:000064e0       ?GetMinFarVersion@@YGHXZ   100074e0 f   ConEmuPlugin.obj
 0001:00006530       _GetMinFarVersionW@0       10007530 f   ConEmuPlugin.obj
 0001:00006540       _ProcessSynchroEventW@8    10007540 f   ConEmuPlugin.obj
 0001:00006560       ?ProcessSynchroEventW3@@YGHPAX@Z 10007560 f   ConEmuPlugin.obj
 0001:00006590       ?ProcessEditorEvent@@YGHHPAX@Z 10007590 f   ConEmuPlugin.obj
 0001:000065b0       _ProcessEditorEventW@8     100075b0 f   ConEmuPlugin.obj
 0001:000065d0       ?ProcessEditorEventW3@@YGHPAX@Z 100075d0 f   ConEmuPlugin.obj
 0001:00006600       ?ProcessViewerEvent@@YGHHPAX@Z 10007600 f   ConEmuPlugin.obj
 0001:00006620       _ProcessViewerEventW@8     10007620 f   ConEmuPlugin.obj
 0001:00006640       ?ProcessViewerEventW3@@YGHPAX@Z 10007640 f   ConEmuPlugin.obj
 0001:00006670       ?ProcessEditorInput@@YGHPBU_INPUT_RECORD@@@Z 10007670 f   ConEmuPlugin.obj
 0001:00006690       _ProcessEditorInputW@4     10007690 f   ConEmuPlugin.obj
 0001:000066c0       ?OpenPlugin@@YGPAXHH@Z     100076c0 f   ConEmuPlugin.obj
 0001:000066e0       _OpenPluginW@8             100076e0 f   ConEmuPlugin.obj
 0001:00006720       ?OpenW@@YGPAXPBX@Z         10007720 f   ConEmuPlugin.obj
 0001:00006750       ?ExitFAR@@YGXXZ            10007750 f   ConEmuPlugin.obj
 0001:000067a0       _ExitFARW@0                100077a0 f   ConEmuPlugin.obj
 0001:000067f0       ?ExitFARW3@@YGXPAX@Z       100077f0 f   ConEmuPlugin.obj
 0001:00006850       ?SetupExportsFar3@@YIXXZ   10007850 f   ConEmuPlugin.obj
 0001:00006a70       ?_calloc@@YIPAXII@Z        10007a70 f   ConEmuPlugin.obj
 0001:00006a90       ?_malloc@@YIPAXI@Z         10007a90 f   ConEmuPlugin.obj
 0001:00006ab0       ?_free@@YIXPAX@Z           10007ab0 f   ConEmuPlugin.obj
 0001:00006ad0       ??0CPluginW1900@@QAE@XZ    10007ad0 f   ConEmuPlugin1900.obj
 0001:00006d60       ??_ECPluginW1900@@UAEPAXI@Z 10007d60 f i ConEmuPlugin1900.obj
 0001:00006d60       ??_GCPluginW1900@@UAEPAXI@Z 10007d60 f i ConEmuPlugin1900.obj
 0001:00006d90       ??1CPluginW1900@@UAE@XZ    10007d90 f i ConEmuPlugin1900.obj
 0001:00006db0       ?ProcessEditorEventPtr@CPluginW1900@@UAEHPAX@Z 10007db0 f   ConEmuPlugin1900.obj
 0001:00006de0       ?ProcessViewerEventPtr@CPluginW1900@@UAEHPAX@Z 10007de0 f   ConEmuPlugin1900.obj
 0001:00006e10       ?ProcessSynchroEventPtr@CPluginW1900@@UAEHPAX@Z 10007e10 f   ConEmuPlugin1900.obj
 0001:00006e40       ?GetPanelDir@CPluginW1900@@UAEPA_WKPA_WH@Z 10007e40 f   ConEmuPlugin1900.obj
 0001:00006fd0       ?GetPanelInfo@CPluginW1900@@UAE_NKPAUCEPanelInfo@@@Z 10007fd0 f   ConEmuPlugin1900.obj
 0001:00007450       ?GetPanelItemInfo@CPluginW1900@@UAE_NABUCEPanelInfo@@_NHAAU_WIN32_FIND_DATAW@@PAPA_W@Z 10008450 f   ConEmuPlugin1900.obj
 0001:00007680       ?PanelControlApi@CPluginW1900@@UAEHPAXHH0@Z 10008680 f   ConEmuPlugin1900.obj
 0001:000076d0       ?GetPluginInfoPtr@CPluginW1900@@UAEXPAX@Z 100086d0 f   ConEmuPlugin1900.obj
 0001:00007750       ?SetStartupInfoPtr@CPluginW1900@@UAEXPAX@Z 10008750 f   ConEmuPlugin1900.obj
 0001:000078c0       ?GetEditorModifiedState@CPluginW1900@@UAEKXZ 100088c0 f   ConEmuPlugin1900.obj
 0001:00007900       ?ProcessEditorInputPtr@CPluginW1900@@UAEHPBX@Z 10008900 f   ConEmuPlugin1900.obj
 0001:00007940       ?GetWindowCount@CPluginW1900@@UAEHXZ 10008940 f   ConEmuPlugin1900.obj
 0001:00007990       ?UpdateConEmuTabsApi@CPluginW1900@@UAE_NH@Z 10008990 f   ConEmuPlugin1900.obj
 0001:00007f70       ?ExitFar@CPluginW1900@@UAEXXZ 10008f70 f   ConEmuPlugin1900.obj
 0001:00008000       ?ShowMessage@CPluginW1900@@UAEHPB_WH_N@Z 10009000 f   ConEmuPlugin1900.obj
 0001:000080b0       ?GetMsg@CPluginW1900@@UAEPB_WHPA_WI@Z 100090b0 f   ConEmuPlugin1900.obj
 0001:00008130       ?SetWindow@CPluginW1900@@UAEXH@Z 10009130 f   ConEmuPlugin1900.obj
 0001:00008190       ?PostMacroApi@CPluginW1900@@UAEXPB_WPAU_INPUT_RECORD@@_N@Z 10009190 f   ConEmuPlugin1900.obj
 0001:000088e0       ?wcsstr@@YAPA_WPA_WPB_W@Z  100098e0 f i ConEmuPlugin1900.obj
 0001:00008900       ?ShowPluginMenu@CPluginW1900@@UAEHPAUConEmuPluginMenuItem@@HH@Z 10009900 f   ConEmuPlugin1900.obj
 0001:00008af0       ?OpenEditor@CPluginW1900@@UAE_NPB_W_N11HH@Z 10009af0 f   ConEmuPlugin1900.obj
 0001:00008c40       ?ExecuteSynchroApi@CPluginW1900@@UAE_NXZ 10009c40 f   ConEmuPlugin1900.obj
 0001:00008c80       ?WaitEndSynchro@CPluginW1900@@UAEXXZ 10009c80 f   ConEmuPlugin1900.obj
 0001:00008c90       ?StopWaitEndSynchro@CPluginW1900@@UAEXXZ 10009c90 f   ConEmuPlugin1900.obj
 0001:00008ca0       ?IsMacroActive@CPluginW1900@@UAE_NXZ 10009ca0 f   ConEmuPlugin1900.obj
 0001:00008cf0       ?GetMacroArea@CPluginW1900@@UAEHXZ 10009cf0 f   ConEmuPlugin1900.obj
 0001:00008d20       ?RedrawAll@CPluginW1900@@UAEXXZ 10009d20 f   ConEmuPlugin1900.obj
 0001:00008d60       ?InputBox@CPluginW1900@@UAE_NPB_W000AAPA_W@Z 10009d60 f   ConEmuPlugin1900.obj
 0001:00008de0       ?ShowUserScreen@CPluginW1900@@UAEX_N@Z 10009de0 f   ConEmuPlugin1900.obj
 0001:00008e30       ?LoadFarColors@CPluginW1900@@UAEXAAY0BAA@E@Z 10009e30 f   ConEmuPlugin1900.obj
 0001:00008fc0       ?FarColor_3_2@@YIEABUFarColor@@@Z 10009fc0 f i ConEmuPlugin1900.obj
 0001:000090d0       ?Color2FgIndex@Far3Color@@SIXKAAGPBK@Z 1000a0d0 f i ConEmuPlugin1900.obj
 0001:00009210       ?Max@Far3Color@@SIHHH@Z    1000a210 f i ConEmuPlugin1900.obj
 0001:00009240       ?GetStdIndex@Far3Color@@SIHKPBK@Z 1000a240 f i ConEmuPlugin1900.obj
 0001:000092a0       ?GetStdPalette@Far3Color@@SIPBKXZ 1000a2a0 f i ConEmuPlugin1900.obj
 0001:000092b0       ?Color2BgIndex@Far3Color@@SIXKHAAGPBK@Z 1000a2b0 f i ConEmuPlugin1900.obj
 0001:00009420       ?LoadFarSettings@CPluginW1900@@UAEXPAUCEFarInterfaceSettings@@PAUCEFarPanelSettings@@@Z 1000a420 f   ConEmuPlugin1900.obj
 0001:00009630       ?GetFarRect@CPluginW1900@@UAE_NAAU_SMALL_RECT@@@Z 1000a630 f   ConEmuPlugin1900.obj
 0001:000096a0       ?CheckPanelExist@CPluginW1900@@UAE_NXZ 1000a6a0 f   ConEmuPlugin1900.obj
 0001:000096f0       ?GetActiveWindowType@CPluginW1900@@UAEHXZ 1000a6f0 f   ConEmuPlugin1900.obj
 0001:000097b0       ?GetWindowTypeName@CPluginW1900@@UAEPB_WH@Z 1000a7b0 f   ConEmuPlugin1900.obj
 0001:00009840       ?GuiMacroDlg@CPluginW1900@@UAEXXZ 1000a840 f   ConEmuPlugin1900.obj
 0001:00009e20       ?Open@CPluginW1900@@UAEPAXPBX@Z 1000ae20 f   ConEmuPlugin1900.obj
 0001:00009fc0       _GetGlobalInfoW@4          1000afc0 f   ConEmuPlugin2800.obj
 0001:0000a1a0       ??0CPluginW2800@@QAE@XZ    1000b1a0 f   ConEmuPlugin2800.obj
 0001:0000a430       ??_GCPluginW2800@@UAEPAXI@Z 1000b430 f i ConEmuPlugin2800.obj
 0001:0000a430       ??_ECPluginW2800@@UAEPAXI@Z 1000b430 f i ConEmuPlugin2800.obj
 0001:0000a460       ??1CPluginW2800@@UAE@XZ    1000b460 f i ConEmuPlugin2800.obj
 0001:0000a480       ?GetPanelDir@CPluginW2800@@UAEPA_WKPA_WH@Z 1000b480 f   ConEmuPlugin2800.obj
 0001:0000a610       ?GetPanelInfo@CPluginW2800@@UAE_NKPAUCEPanelInfo@@@Z 1000b610 f   ConEmuPlugin2800.obj
 0001:0000aa90       ?GetPanelItemInfo@CPluginW2800@@UAE_NABUCEPanelInfo@@_NHAAU_WIN32_FIND_DATAW@@PAPA_W@Z 1000ba90 f   ConEmuPlugin2800.obj
 0001:0000acc0       ?PanelControlApi@CPluginW2800@@UAEHPAXHH0@Z 1000bcc0 f   ConEmuPlugin2800.obj
 0001:0000ad10       ?GetPluginInfoPtr@CPluginW2800@@UAEXPAX@Z 1000bd10 f   ConEmuPlugin2800.obj
 0001:0000ad90       ?SetStartupInfoPtr@CPluginW2800@@UAEXPAX@Z 1000bd90 f   ConEmuPlugin2800.obj
 0001:0000af00       ?GetEditorModifiedState@CPluginW2800@@UAEKXZ 1000bf00 f   ConEmuPlugin2800.obj
 0001:0000af40       ?ProcessEditorEventPtr@CPluginW2800@@UAEHPAX@Z 1000bf40 f   ConEmuPlugin2800.obj
 0001:0000af70       ?ProcessViewerEventPtr@CPluginW2800@@UAEHPAX@Z 1000bf70 f   ConEmuPlugin2800.obj
 0001:0000afa0       ?ProcessSynchroEventPtr@CPluginW2800@@UAEHPAX@Z 1000bfa0 f   ConEmuPlugin2800.obj
 0001:0000afd0       ?ProcessEditorInputPtr@CPluginW2800@@UAEHPBX@Z 1000bfd0 f   ConEmuPlugin2800.obj
 0001:0000b010       ?GetWindowCount@CPluginW2800@@UAEHXZ 1000c010 f   ConEmuPlugin2800.obj
 0001:0000b060       ?UpdateConEmuTabsApi@CPluginW2800@@UAE_NH@Z 1000c060 f   ConEmuPlugin2800.obj
 0001:0000b8f0       ?ExitFar@CPluginW2800@@UAEXXZ 1000c8f0 f   ConEmuPlugin2800.obj
 0001:0000b980       ?ShowMessage@CPluginW2800@@UAEHPB_WH_N@Z 1000c980 f   ConEmuPlugin2800.obj
 0001:0000ba30       ?GetMsg@CPluginW2800@@UAEPB_WHPA_WI@Z 1000ca30 f   ConEmuPlugin2800.obj
 0001:0000bab0       ?SetWindow@CPluginW2800@@UAEXH@Z 1000cab0 f   ConEmuPlugin2800.obj
 0001:0000bb10       ?PostMacroApi@CPluginW2800@@UAEXPB_WPAU_INPUT_RECORD@@_N@Z 1000cb10 f   ConEmuPlugin2800.obj
 0001:0000beb0       ?ShowPluginMenu@CPluginW2800@@UAEHPAUConEmuPluginMenuItem@@HH@Z 1000ceb0 f   ConEmuPlugin2800.obj
 0001:0000c0a0       ?OpenEditor@CPluginW2800@@UAE_NPB_W_N11HH@Z 1000d0a0 f   ConEmuPlugin2800.obj
 0001:0000c1f0       ?ExecuteSynchroApi@CPluginW2800@@UAE_NXZ 1000d1f0 f   ConEmuPlugin2800.obj
 0001:0000c230       ?WaitEndSynchro@CPluginW2800@@UAEXXZ 1000d230 f   ConEmuPlugin2800.obj
 0001:0000c240       ?StopWaitEndSynchro@CPluginW2800@@UAEXXZ 1000d240 f   ConEmuPlugin2800.obj
 0001:0000c250       ?IsMacroActive@CPluginW2800@@UAE_NXZ 1000d250 f   ConEmuPlugin2800.obj
 0001:0000c2a0       ?GetMacroArea@CPluginW2800@@UAEHXZ 1000d2a0 f   ConEmuPlugin2800.obj
 0001:0000c2d0       ?RedrawAll@CPluginW2800@@UAEXXZ 1000d2d0 f   ConEmuPlugin2800.obj
 0001:0000c310       ?InputBox@CPluginW2800@@UAE_NPB_W000AAPA_W@Z 1000d310 f   ConEmuPlugin2800.obj
 0001:0000c390       ?ShowUserScreen@CPluginW2800@@UAEX_N@Z 1000d390 f   ConEmuPlugin2800.obj
 0001:0000c3e0       ?LoadFarColors@CPluginW2800@@UAEXAAY0BAA@E@Z 1000d3e0 f   ConEmuPlugin2800.obj
 0001:0000c570       ?LoadFarSettings@CPluginW2800@@UAEXPAUCEFarInterfaceSettings@@PAUCEFarPanelSettings@@@Z 1000d570 f   ConEmuPlugin2800.obj
 0001:0000c780       ?GetFarRect@CPluginW2800@@UAE_NAAU_SMALL_RECT@@@Z 1000d780 f   ConEmuPlugin2800.obj
 0001:0000c7f0       ?CheckPanelExist@CPluginW2800@@UAE_NXZ 1000d7f0 f   ConEmuPlugin2800.obj
 0001:0000c840       ?GetActiveWindowType@CPluginW2800@@UAEHXZ 1000d840 f   ConEmuPlugin2800.obj
 0001:0000c910       ?GetWindowTypeName@CPluginW2800@@UAEPB_WH@Z 1000d910 f   ConEmuPlugin2800.obj
 0001:0000c9a0       ?GuiMacroDlg@CPluginW2800@@UAEXXZ 1000d9a0 f   ConEmuPlugin2800.obj
 0001:0000cf10       ?Open@CPluginW2800@@UAEPAXPBX@Z 1000df10 f   ConEmuPlugin2800.obj
 0001:0000d140       ??0FarMacroValue@@QAE@XZ   1000e140 f i ConEmuPlugin2800.obj
 0001:0000d180       ??0?$MArray@UWindowInfo@@@@QAE@XZ 1000e180 f i ConEmuPlugin2800.obj
 0001:0000d1c0       ??1?$MArray@UWindowInfo@@@@QAE@XZ 1000e1c0 f i ConEmuPlugin2800.obj
 0001:0000d1e0       ??A?$MArray@UWindowInfo@@@@QBEABUWindowInfo@@H@Z 1000e1e0 f i ConEmuPlugin2800.obj
 0001:0000d200       ??A?$MArray@UWindowInfo@@@@QAEAAUWindowInfo@@H@Z 1000e200 f i ConEmuPlugin2800.obj
 0001:0000d220       ?push_back@?$MArray@UWindowInfo@@@@QAEHABUWindowInfo@@@Z 1000e220 f i ConEmuPlugin2800.obj
 0001:0000d2b0       ?insert@?$MArray@UWindowInfo@@@@QAEXHABUWindowInfo@@@Z 1000e2b0 f i ConEmuPlugin2800.obj
 0001:0000d370       ?erase@?$MArray@UWindowInfo@@@@QAEXH@Z 1000e370 f i ConEmuPlugin2800.obj
 0001:0000d400       ?size@?$MArray@UWindowInfo@@@@QBEHXZ 1000e400 f i ConEmuPlugin2800.obj
 0001:0000d420       ?clear@?$MArray@UWindowInfo@@@@QAEXXZ 1000e420 f i ConEmuPlugin2800.obj
 0001:0000d470       ?addsize@?$MArray@UWindowInfo@@@@QAEXH@Z 1000e470 f i ConEmuPlugin2800.obj
 0001:0000d560       ??0CPluginW995@@QAE@XZ     1000e560 f   ConEmuPlugin995.obj
 0001:0000d7f0       ?Open@CPluginW995@@UAEPAXPBX@Z 1000e7f0 f i ConEmuPlugin995.obj
 0001:0000d810       ?ProcessEditorEventPtr@CPluginW995@@UAEHPAX@Z 1000e810 f i ConEmuPlugin995.obj
 0001:0000d820       ?ProcessSynchroEventPtr@CPluginW995@@UAEHPAX@Z 1000e820 f i ConEmuPlugin995.obj
 0001:0000d830       ?ProcessViewerEventPtr@CPluginW995@@UAEHPAX@Z 1000e830 f i ConEmuPlugin995.obj
 0001:0000d840       ??_ECPluginW995@@UAEPAXI@Z 1000e840 f i ConEmuPlugin995.obj
 0001:0000d840       ??_GCPluginW995@@UAEPAXI@Z 1000e840 f i ConEmuPlugin995.obj
 0001:0000d870       ??1CPluginW995@@UAE@XZ     1000e870 f i ConEmuPlugin995.obj
 0001:0000d890       ?GetPanelDir@CPluginW995@@UAEPA_WKPA_WH@Z 1000e890 f   ConEmuPlugin995.obj
 0001:0000d9c0       ?GetPanelInfo@CPluginW995@@UAE_NKPAUCEPanelInfo@@@Z 1000e9c0 f   ConEmuPlugin995.obj
 0001:0000dca0       ?GetPanelItemInfo@CPluginW995@@UAE_NABUCEPanelInfo@@_NHAAU_WIN32_FIND_DATAW@@PAPA_W@Z 1000eca0 f   ConEmuPlugin995.obj
 0001:0000deb0       ?PanelControlApi@CPluginW995@@UAEHPAXHH0@Z 1000eeb0 f   ConEmuPlugin995.obj
 0001:0000df00       ?GetPluginInfoPtr@CPluginW995@@UAEXPAX@Z 1000ef00 f   ConEmuPlugin995.obj
 0001:0000dfa0       ?SetStartupInfoPtr@CPluginW995@@UAEXPAX@Z 1000efa0 f   ConEmuPlugin995.obj
 0001:0000e150       ?GetEditorModifiedState@CPluginW995@@UAEKXZ 1000f150 f   ConEmuPlugin995.obj
 0001:0000e190       ?ProcessEditorInputPtr@CPluginW995@@UAEHPBX@Z 1000f190 f   ConEmuPlugin995.obj
 0001:0000e1c0       ?GetWindowCount@CPluginW995@@UAEHXZ 1000f1c0 f   ConEmuPlugin995.obj
 0001:0000e210       ?UpdateConEmuTabsApi@CPluginW995@@UAE_NH@Z 1000f210 f   ConEmuPlugin995.obj
 0001:0000e4f0       ?ExitFar@CPluginW995@@UAEXXZ 1000f4f0 f   ConEmuPlugin995.obj
 0001:0000e580       ?ShowMessage@CPluginW995@@UAEHPB_WH_N@Z 1000f580 f   ConEmuPlugin995.obj
 0001:0000e600       ?GetMsg@CPluginW995@@UAEPB_WHPA_WI@Z 1000f600 f   ConEmuPlugin995.obj
 0001:0000e680       ?SetWindow@CPluginW995@@UAEXH@Z 1000f680 f   ConEmuPlugin995.obj
 0001:0000e6e0       ?PostMacroApi@CPluginW995@@UAEXPB_WPAU_INPUT_RECORD@@_N@Z 1000f6e0 f   ConEmuPlugin995.obj
 0001:0000e7b0       ?ShowPluginMenu@CPluginW995@@UAEHPAUConEmuPluginMenuItem@@HH@Z 1000f7b0 f   ConEmuPlugin995.obj
 0001:0000e940       ?OpenEditor@CPluginW995@@UAE_NPB_W_N11HH@Z 1000f940 f   ConEmuPlugin995.obj
 0001:0000ea60       ?ExecuteSynchroApi@CPluginW995@@UAE_NXZ 1000fa60 f   ConEmuPlugin995.obj
 0001:0000eaa0       ?WaitEndSynchro@CPluginW995@@UAEXXZ 1000faa0 f   ConEmuPlugin995.obj
 0001:0000ec50       ?StopWaitEndSynchro@CPluginW995@@UAEXXZ 1000fc50 f   ConEmuPlugin995.obj
 0001:0000ec80       ?IsMacroActive@CPluginW995@@UAE_NXZ 1000fc80 f   ConEmuPlugin995.obj
 0001:0000ece0       ?GetMacroArea@CPluginW995@@UAEHXZ 1000fce0 f   ConEmuPlugin995.obj
 0001:0000ed20       ?RedrawAll@CPluginW995@@UAEXXZ 1000fd20 f   ConEmuPlugin995.obj
 0001:0000ed60       ?InputBox@CPluginW995@@UAE_NPB_W000AAPA_W@Z 1000fd60 f   ConEmuPlugin995.obj
 0001:0000edd0       ?ShowUserScreen@CPluginW995@@UAEX_N@Z 1000fdd0 f   ConEmuPlugin995.obj
 0001:0000ee20       ?LoadFarColors@CPluginW995@@UAEXAAY0BAA@E@Z 1000fe20 f   ConEmuPlugin995.obj
 0001:0000eef0       ?LoadFarSettings@CPluginW995@@UAEXPAUCEFarInterfaceSettings@@PAUCEFarPanelSettings@@@Z 1000fef0 f   ConEmuPlugin995.obj
 0001:0000ef60       ?GetFarRect@CPluginW995@@UAE_NAAU_SMALL_RECT@@@Z 1000ff60 f   ConEmuPlugin995.obj
 0001:0000efd0       ?CheckPanelExist@CPluginW995@@UAE_NXZ 1000ffd0 f   ConEmuPlugin995.obj
 0001:0000f020       ?GetActiveWindowType@CPluginW995@@UAEHXZ 10010020 f   ConEmuPlugin995.obj
 0001:0000f0f0       ?GetWindowTypeName@CPluginW995@@UAEPB_WH@Z 100100f0 f   ConEmuPlugin995.obj
 0001:0000f180       ?GuiMacroDlg@CPluginW995@@UAEXXZ 10010180 f   ConEmuPlugin995.obj
 0001:0000f6d0       ??0CPluginAnsi@@QAE@XZ     100106d0 f   ConEmuPluginA.obj
 0001:0000f930       ?ExecuteSynchroApi@CPluginAnsi@@UAE_NXZ 10010930 f i ConEmuPluginA.obj
 0001:0000f940       ?GetFarRect@CPluginAnsi@@UAE_NAAU_SMALL_RECT@@@Z 10010940 f i ConEmuPluginA.obj
 0001:0000f950       ?Open@CPluginAnsi@@UAEPAXPBX@Z 10010950 f i ConEmuPluginA.obj
 0001:0000f970       ?ProcessEditorEventPtr@CPluginAnsi@@UAEHPAX@Z 10010970 f i ConEmuPluginA.obj
 0001:0000f980       ?ProcessEditorInputPtr@CPluginAnsi@@UAEHPBX@Z 10010980 f i ConEmuPluginA.obj
 0001:0000f990       ?ProcessSynchroEventPtr@CPluginAnsi@@UAEHPAX@Z 10010990 f i ConEmuPluginA.obj
 0001:0000f9a0       ?ProcessViewerEventPtr@CPluginAnsi@@UAEHPAX@Z 100109a0 f i ConEmuPluginA.obj
 0001:0000f9b0       ?StopWaitEndSynchro@CPluginAnsi@@UAEXXZ 100109b0 f i ConEmuPluginA.obj
 0001:0000f9c0       ?WaitEndSynchro@CPluginAnsi@@UAEXXZ 100109c0 f i ConEmuPluginA.obj
 0001:0000f9d0       ??_ECPluginAnsi@@UAEPAXI@Z 100109d0 f i ConEmuPluginA.obj
 0001:0000f9d0       ??_GCPluginAnsi@@UAEPAXI@Z 100109d0 f i ConEmuPluginA.obj
 0001:0000fa00       ??1CPluginAnsi@@UAE@XZ     10010a00 f i ConEmuPluginA.obj
 0001:0000fa20       ?GetPanelDir@CPluginAnsi@@UAEPA_WKPA_WH@Z 10010a20 f   ConEmuPluginA.obj
 0001:0000fb20       ?GetPanelInfo@CPluginAnsi@@UAE_NKPAUCEPanelInfo@@@Z 10010b20 f   ConEmuPluginA.obj
 0001:0000fe00       ?GetPanelItemInfo@CPluginAnsi@@UAE_NABUCEPanelInfo@@_NHAAU_WIN32_FIND_DATAW@@PAPA_W@Z 10010e00 f   ConEmuPluginA.obj
 0001:0000ff80       ?PanelControlApi@CPluginAnsi@@UAEHPAXHH0@Z 10010f80 f   ConEmuPluginA.obj
 0001:0000ffe0       ?SetStartupInfoPtr@CPluginAnsi@@UAEXPAX@Z 10010fe0 f   ConEmuPluginA.obj
 0001:000101a0       ?GetPluginInfoPtr@CPluginAnsi@@UAEXPAX@Z 100111a0 f   ConEmuPluginA.obj
 0001:00010250       ?GetEditorModifiedState@CPluginAnsi@@UAEKXZ 10011250 f   ConEmuPluginA.obj
 0001:00010290       ?GetWindowCount@CPluginAnsi@@UAEHXZ 10011290 f   ConEmuPluginA.obj
 0001:000102e0       ?UpdateConEmuTabsApi@CPluginAnsi@@UAE_NH@Z 100112e0 f   ConEmuPluginA.obj
 0001:000105a0       ?ExitFar@CPluginAnsi@@UAEXXZ 100115a0 f   ConEmuPluginA.obj
 0001:00010600       ?SetWindow@CPluginAnsi@@UAEXH@Z 10011600 f   ConEmuPluginA.obj
 0001:00010670       ?PostMacroApi@CPluginAnsi@@UAEXPB_WPAU_INPUT_RECORD@@_N@Z 10011670 f   ConEmuPluginA.obj
 0001:00010760       ?ShowPluginMenu@CPluginAnsi@@UAEHPAUConEmuPluginMenuItem@@HH@Z 10011760 f   ConEmuPluginA.obj
 0001:00010950       ?OpenEditor@CPluginAnsi@@UAE_NPB_W_N11HH@Z 10011950 f   ConEmuPluginA.obj
 0001:00010ab0       ?ShowMessage@CPluginAnsi@@UAEHPB_WH_N@Z 10011ab0 f   ConEmuPluginA.obj
 0001:00010b80       ?GetMsg@CPluginAnsi@@UAEPB_WHPA_WI@Z 10011b80 f   ConEmuPluginA.obj
 0001:00010c40       ?IsMacroActive@CPluginAnsi@@UAE_NXZ 10011c40 f   ConEmuPluginA.obj
 0001:00010cb0       ?GetMacroArea@CPluginAnsi@@UAEHXZ 10011cb0 f   ConEmuPluginA.obj
 0001:00010cc0       ?RedrawAll@CPluginAnsi@@UAEXXZ 10011cc0 f   ConEmuPluginA.obj
 0001:00010d00       ?InputBox@CPluginAnsi@@UAE_NPB_W000AAPA_W@Z 10011d00 f   ConEmuPluginA.obj
 0001:00010e30       ?ShowUserScreen@CPluginAnsi@@UAEX_N@Z 10011e30 f   ConEmuPluginA.obj
 0001:00010e80       ?LoadFarColors@CPluginAnsi@@UAEXAAY0BAA@E@Z 10011e80 f   ConEmuPluginA.obj
 0001:00010f50       ?LoadFarSettings@CPluginAnsi@@UAEXPAUCEFarInterfaceSettings@@PAUCEFarPanelSettings@@@Z 10011f50 f   ConEmuPluginA.obj
 0001:00010fc0       ?CheckPanelExist@CPluginAnsi@@UAE_NXZ 10011fc0 f   ConEmuPluginA.obj
 0001:00011010       ?GetActiveWindowType@CPluginAnsi@@UAEHXZ 10012010 f   ConEmuPluginA.obj
 0001:00011090       ?GetWindowTypeName@CPluginAnsi@@UAEPB_WH@Z 10012090 f   ConEmuPluginA.obj
 0001:00011120       ?GuiMacroDlg@CPluginAnsi@@UAEXXZ 10012120 f   ConEmuPluginA.obj
 0001:00011770       ?Plugin@@YIPAVCPluginBase@@XZ 10012770 f   ConEmuPluginBase.obj
 0001:000118a0       ??0CPluginBase@@QAE@XZ     100128a0 f   ConEmuPluginBase.obj
 0001:00011b50       ??_GCPluginBase@@UAEPAXI@Z 10012b50 f i ConEmuPluginBase.obj
 0001:00011b50       ??_ECPluginBase@@UAEPAXI@Z 10012b50 f i ConEmuPluginBase.obj
 0001:00011b80       ??1CPluginBase@@UAE@XZ     10012b80 f   ConEmuPluginBase.obj
 0001:00011ba0       ?DllMain_ProcessAttach@CPluginBase@@KIXPAUHINSTANCE__@@@Z 10012ba0 f   ConEmuPluginBase.obj
 0001:00011c90       ?DllMain_ProcessDetach@CPluginBase@@KIXXZ 10012c90 f   ConEmuPluginBase.obj
 0001:00011e10       ??_GMSection@@QAEPAXI@Z    10012e10 f i ConEmuPluginBase.obj
 0001:00011e40       ??_GCPluginBackground@@QAEPAXI@Z 10012e40 f i ConEmuPluginBase.obj
 0001:00011e70       ?LoadFarVersion@CPluginBase@@SI_NXZ 10012e70 f   ConEmuPluginBase.obj
 0001:000122b0       ?ShowMessageGui@CPluginBase@@QAEHHH@Z 100132b0 f   ConEmuPluginBase.obj
 0001:00012360       ?BackgroundMacroError@CPluginBase@@SGKPAX@Z 10013360 f   ConEmuPluginBase.obj
 0001:000123b0       ?PostMacro@CPluginBase@@QAEXPB_WPAU_INPUT_RECORD@@_N@Z 100133b0 f   ConEmuPluginBase.obj
 0001:00012470       ?isMacroActive@CPluginBase@@QAE_NAAH@Z 10013470 f   ConEmuPluginBase.obj
 0001:000124c0       ?CheckBufferEnabled@CPluginBase@@QAE_NXZ 100134c0 f   ConEmuPluginBase.obj
 0001:00012550       ?PanelControl@CPluginBase@@QAEHPAXHH0@Z 10013550 f   ConEmuPluginBase.obj
 0001:00012600       ?GetPanelInfo@CPluginBase@@QAE_NKPAUBkPanelInfo@@@Z 10013600 f   ConEmuPluginBase.obj
 0001:000126a0       ?FillUpdateBackground@CPluginBase@@QAEXPAUPaintBackgroundArg@@@Z 100136a0 f   ConEmuPluginBase.obj
 0001:00012870       ?StorePanelDirs@CPluginBase@@QAE_NPB_W0@Z 10013870 f   ConEmuPluginBase.obj
 0001:00012a20       _wmemmove                  10013a20 f i ConEmuPluginBase.obj
 0001:00012a40       ?UpdatePanelDirs@CPluginBase@@QAEXXZ 10013a40 f   ConEmuPluginBase.obj
 0001:00012c30       ?IsFarLua@FarVersion@@QBE_NXZ 10013c30 f i ConEmuPluginBase.obj
 0001:00012c80       ?RunExternalProgram@CPluginBase@@QAE_NPA_W@Z 10013c80 f   ConEmuPluginBase.obj
 0001:00012e70       ?ProcessCommandLine@CPluginBase@@QAE_NPA_W@Z 10013e70 f   ConEmuPluginBase.obj
 0001:00012ec0       ?ShowPluginMenu@CPluginBase@@QAEXW4PluginCallCommands@@@Z 10013ec0 f   ConEmuPluginBase.obj
 0001:00013170       ?ShowTabsList@CPluginBase@@QAEXXZ 10014170 f   ConEmuPluginBase.obj
 0001:00013540       ?ShowPanelsList@CPluginBase@@QAEXXZ 10014540 f   ConEmuPluginBase.obj
 0001:000136c0       ?DataSize@CESERVER_REQ@@QAEKXZ 100146c0 f i ConEmuPluginBase.obj
 0001:00013700       ?EditViewConsoleOutput@CPluginBase@@QAEX_N@Z 10014700 f   ConEmuPluginBase.obj
 0001:000137c0       ?SwitchTabCommand@CPluginBase@@QAEXW4PluginMenuCommands@@@Z 100147c0 f   ConEmuPluginBase.obj
 0001:00013880       ?ProcessSynchroEvent@CPluginBase@@QAEHHPAX@Z 10014880 f   ConEmuPluginBase.obj
 0001:00013930       ?ProcessEditorInputInternal@CPluginBase@@QAEXABU_INPUT_RECORD@@@Z 10014930 f   ConEmuPluginBase.obj
 0001:00013990       ?ProcessEditorViewerEvent@CPluginBase@@QAEHHH@Z 10014990 f   ConEmuPluginBase.obj
 0001:00013aa0       ?isModalEditorViewer@CPluginBase@@QAE_NXZ 10014aa0 f   ConEmuPluginBase.obj
 0001:00013af0       ?GetMainThreadId@CPluginBase@@SIKXZ 10014af0 f   ConEmuPluginBase.obj
 0001:00013b90       ?ShowConsoleInfo@CPluginBase@@QAEXXZ 10014b90 f   ConEmuPluginBase.obj
 0001:00013d10       ?RunExternalProgramW@CPluginBase@@SI_NPA_W0_N@Z 10014d10 f   ConEmuPluginBase.obj
 0001:00013f80       ?StartDebugger@CPluginBase@@QAE_NXZ 10014f80 f   ConEmuPluginBase.obj
 0001:000142b0       ?Attach2Gui@CPluginBase@@QAE_NXZ 100152b0 f   ConEmuPluginBase.obj
 0001:00014770       ?FindServerCmd@CPluginBase@@QAE_NKAAK_N@Z 10015770 f   ConEmuPluginBase.obj
 0001:00014860       ?ShowMessage@CPluginBase@@QAEHHH@Z 10015860 f   ConEmuPluginBase.obj
 0001:000148e0       ?OutDataAlloc@CPluginBase@@SI_NK@Z 100158e0 f   ConEmuPluginBase.obj
 0001:00014950       ?OutDataRealloc@CPluginBase@@SI_NK@Z 10015950 f   ConEmuPluginBase.obj
 0001:00014a30       ?OutDataWrite@CPluginBase@@SI_NPAXK@Z 10015a30 f   ConEmuPluginBase.obj
 0001:00014b00       ?CreateTabs@CPluginBase@@SI_NH@Z 10015b00 f   ConEmuPluginBase.obj
 0001:00014bd0       ?AddTab@CPluginBase@@QAE_NAAHH_N1HPB_W2HHHH@Z 10015bd0 f   ConEmuPluginBase.obj
 0001:00014fe0       _wmemcmp                   10015fe0 f i ConEmuPluginBase.obj
 0001:00015040       ?SendTabs@CPluginBase@@SIXH_N@Z 10016040 f   ConEmuPluginBase.obj
 0001:00015220       ?CloseTabs@CPluginBase@@SIXXZ 10016220 f   ConEmuPluginBase.obj
 0001:000152a0       ?UpdateConEmuTabs@CPluginBase@@QAE_N_N@Z 100162a0 f   ConEmuPluginBase.obj
 0001:000155a0       ?CheckResources@CPluginBase@@QAEX_N@Z 100165a0 f   ConEmuPluginBase.obj
 0001:00015710       ?InitResources@CPluginBase@@QAEXXZ 10016710 f   ConEmuPluginBase.obj
 0001:00015970       ?CloseMapHeader@CPluginBase@@SIXXZ 10016970 f   ConEmuPluginBase.obj
 0001:000159a0       ?OpenMapHeader@CPluginBase@@SIHXZ 100169a0 f   ConEmuPluginBase.obj
 0001:00015ac0       ?InitRootRegKey@CPluginBase@@IAEXXZ 10016ac0 f   ConEmuPluginBase.obj
 0001:00015be0       ?SetRootRegKey@CPluginBase@@IAEXPA_W@Z 10016be0 f   ConEmuPluginBase.obj
 0001:00015ce0       ?LoadPanelTabsFromRegistry@CPluginBase@@IAEXXZ 10016ce0 f   ConEmuPluginBase.obj
 0001:00015de0       ?InitHWND@CPluginBase@@SIXXZ 10016de0 f   ConEmuPluginBase.obj
 0001:00016080       ?CheckConEmuDetached@CPluginBase@@SIXXZ 10017080 f   ConEmuPluginBase.obj
 0001:00016120       ?EmergencyShow@CPluginBase@@KIXXZ 10017120 f   ConEmuPluginBase.obj
 0001:00016180       ?MonitorThreadProcW@CPluginBase@@SGKPAX@Z 10017180 f   ConEmuPluginBase.obj
 0001:00016630       ?OpenPluginCommon@CPluginBase@@QAEPAXHH_N@Z 10017630 f   ConEmuPluginBase.obj
 0001:000169b0       ?ExitFarCommon@CPluginBase@@QAEX_N@Z 100179b0 f   ConEmuPluginBase.obj
 0001:00016a00       ?OnMainThreadActivated@CPluginBase@@QAEXXZ 10017a00 f   ConEmuPluginBase.obj
 0001:00016bd0       ?ProcessSetWindowCommand@CPluginBase@@QAEXXZ 10017bd0 f   ConEmuPluginBase.obj
 0001:00016d10       ?CommonPluginStartup@CPluginBase@@QAEXXZ 10017d10 f   ConEmuPluginBase.obj
 0001:00016e40       ?StopThread@CPluginBase@@QAEX_N@Z 10017e40 f   ConEmuPluginBase.obj
 0001:000171b0       ??_G?$MFileMapping@UCESERVER_CONSOLE_MAPPING_HDR@@@@QAEPAXI@Z 100181b0 f i ConEmuPluginBase.obj
 0001:000171e0       ?ShutdownPluginStep@CPluginBase@@SIXPB_WHHHH@Z 100181e0 f   ConEmuPluginBase.obj
 0001:00017200       ?ExecuteSynchro@CPluginBase@@QAEXXZ 10018200 f   ConEmuPluginBase.obj
 0001:000172c0       ?WaitPluginActivation@CPluginBase@@SIKKPAPAXHK@Z 100182c0 f   ConEmuPluginBase.obj
 0001:00017420       ?ActivatePlugin@CPluginBase@@QAE_NKPAXK@Z 10018420 f   ConEmuPluginBase.obj
 0001:000176b0       ?cmd_OpenEditorLine@CPluginBase@@QAE_NPAUCESERVER_REQ_FAREDITOR@@@Z 100186b0 f   ConEmuPluginBase.obj
 0001:000177a0       ?cmd_RedrawFarCall@CPluginBase@@QAE_NAAPAUCESERVER_REQ@@PAPAU2@@Z 100187a0 f   ConEmuPluginBase.obj
 0001:00017850       ?cmd_SetWindow@CPluginBase@@QAE_NPAX_N@Z 10018850 f   ConEmuPluginBase.obj
 0001:00017910       ?cmd_LeftClickSync@CPluginBase@@QAEXPAX@Z 10018910 f   ConEmuPluginBase.obj
 0001:00017a40       ?cmd_CloseQSearch@CPluginBase@@QAEXXZ 10018a40 f   ConEmuPluginBase.obj
 0001:00017a80       ?cmd_EMenu@CPluginBase@@QAEXPAX@Z 10018a80 f   ConEmuPluginBase.obj
 0001:00017b50       ?cmd_ExternalCallback@CPluginBase@@QAE_NPAX@Z 10018b50 f   ConEmuPluginBase.obj
 0001:00017bd0       ?cmd_ConSetFont@CPluginBase@@QAEXPAX@Z 10018bd0 f   ConEmuPluginBase.obj
 0001:00017c20       ?cmd_GuiChanged@CPluginBase@@QAEXPAX@Z 10018c20 f   ConEmuPluginBase.obj
 0001:00017d00       ?ProcessCommand@CPluginBase@@QAE_NKHPAXPAPAUCESERVER_REQ@@_N@Z 10018d00 f   ConEmuPluginBase.obj
 0001:00018230       ?FarSetConsoleSize@CPluginBase@@SI_NFF@Z 10019230 f   ConEmuPluginBase.obj
 0001:00018350       ?ReloadFarInfoApi@CPluginBase@@IAE_NXZ 10019350 f   ConEmuPluginBase.obj
 0001:00018590       ?ReloadFarInfo@CPluginBase@@QAE_N_N@Z 10019590 f   ConEmuPluginBase.obj
 0001:00018860       ?pcc_Selected@CPluginBase@@SI_NW4PluginMenuCommands@@@Z 10019860 f   ConEmuPluginBase.obj
 0001:000188d0       ?pcc_Disabled@CPluginBase@@SI_NW4PluginMenuCommands@@@Z 100198d0 f   ConEmuPluginBase.obj
 0001:00018980       ?TouchReadPeekConsoleInputs@CPluginBase@@SIXH@Z 10019980 f   ConEmuPluginBase.obj
 0001:000189e0       ?OnConsolePeekReadInput@CPluginBase@@SIX_N@Z 100199e0 f   ConEmuPluginBase.obj
 0001:00018be0       ?ActiveServerPID@CESERVER_CONSOLE_MAPPING_HDR@@QBEKXZ 10019be0 f i ConEmuPluginBase.obj
 0001:00018c20       ?UngetDummyMouseEvent@CPluginBase@@SI_N_NPAUHookCallbackArg@@@Z 10019c20 f   ConEmuPluginBase.obj
 0001:00018e50       ??4HANDLE2@@QAEAAU0@PAX@Z  10019e50 f i ConEmuPluginBase.obj
 0001:00018e70       ?FillLoadedParm@CPluginBase@@SIXPAUConEmuLoadedArg@@PAUHINSTANCE__@@H@Z 10019e70 f   ConEmuPluginBase.obj
 0001:00018f50       ?NotifyConEmuUnloaded@CPluginBase@@SIXXZ 10019f50 f   ConEmuPluginBase.obj
 0001:00019090       ?OnPanelViewCallbacks@CPluginBase@@SI_NPAUHookCallbackArg@@P6GHPAXPAU_INPUT_RECORD@@KPAKPAH@Z5@Z 1001a090 f   ConEmuPluginBase.obj
 0001:00019170       ?OnShellExecuteExW_Except@CPluginBase@@SGXPAUHookCallbackArg@@@Z 1001a170 f   ConEmuPluginBase.obj
 0001:000191b0       ?OnGetNumberOfConsoleInputEventsPost@CPluginBase@@SGXPAUHookCallbackArg@@@Z 1001a1b0 f   ConEmuPluginBase.obj
 0001:000191f0       ?OnConsolePeekInput@CPluginBase@@SGHPAUHookCallbackArg@@@Z 1001a1f0 f   ConEmuPluginBase.obj
 0001:00019270       ?OnConsolePeekInputPost@CPluginBase@@SGXPAUHookCallbackArg@@@Z 1001a270 f   ConEmuPluginBase.obj
 0001:000192b0       ?OnConsoleReadInputWork@CPluginBase@@SIHPAUHookCallbackArg@@@Z 1001a2b0 f   ConEmuPluginBase.obj
 0001:00019350       ?OnConsoleReadInput@CPluginBase@@SGHPAUHookCallbackArg@@@Z 1001a350 f   ConEmuPluginBase.obj
 0001:00019360       ?OnConsoleReadInputPost@CPluginBase@@SGXPAUHookCallbackArg@@@Z 1001a360 f   ConEmuPluginBase.obj
 0001:000195a0       ?OnWriteConsoleOutput@CPluginBase@@SGHPAUHookCallbackArg@@@Z 1001a5a0 f   ConEmuPluginBase.obj
 0001:00019680       ?OnConsoleDetaching@CPluginBase@@SGHPAUHookCallbackArg@@@Z 1001a680 f   ConEmuPluginBase.obj
 0001:000197b0       ?OnConsoleWasAttached@CPluginBase@@SGXPAUHookCallbackArg@@@Z 1001a7b0 f   ConEmuPluginBase.obj
 0001:00019820       ?OnCurDirChanged@CPluginBase@@SGXXZ 1001a820 f   ConEmuPluginBase.obj
 0001:000198a0       ?OnLibraryLoaded@CPluginBase@@SGXPAUHINSTANCE__@@@Z 1001a8a0 f   ConEmuPluginBase.obj
 0001:00019920       ?ToUnicode@CPluginBase@@SIPA_WPBD@Z 1001a920 f   ConEmuPluginBase.obj
 0001:000199a0       ?ToOem@CPluginBase@@SIXPB_WPADH@Z 1001a9a0 f   ConEmuPluginBase.obj
 0001:000199f0       ?ToOem@CPluginBase@@SIPADPB_W@Z 1001a9f0 f   ConEmuPluginBase.obj
 0001:00019a50       ?ProcessDragFrom@CPluginBase@@QAEXXZ 1001aa50 f   ConEmuPluginBase.obj
 0001:0001a040       ?ProcessDragTo@CPluginBase@@QAEXXZ 1001b040 f   ConEmuPluginBase.obj
 0001:0001a440       ?IsCurrentTabModal@CPluginBase@@QAE_NXZ 1001b440 f   ConEmuPluginBase.obj
 0001:0001a500       ?PrintText@CPluginBase@@QAE_NPB_W@Z 1001b500 f   ConEmuPluginBase.obj
 0001:0001a7f0       ?Ptr@?$MFileMapping@UCESERVER_CONSOLE_MAPPING_HDR@@@@QAEPAUCESERVER_CONSOLE_MAPPING_HDR@@XZ 1001b7f0 f i ConEmuPluginBase.obj
 0001:0001a810       ??$wcscpy_c@$0BBE@@@YIHAAY0BBE@_WPB_W@Z 1001b810 f i ConEmuPluginBase.obj
 0001:0001a840       ??$wcscat_c@$0BBE@@@YIHAAY0BBE@_WPB_W@Z 1001b840 f i ConEmuPluginBase.obj
 0001:0001a870       ??$wcscat_c@$0CAE@@@YIHAAY0CAE@_WPB_W@Z 1001b870 f i ConEmuPluginBase.obj
 0001:0001a8a0       ?EvaluateDefaultFontWidth@@YIHHPB_W@Z 1001b8a0 f   EmergencyShow.obj
 0001:0001a9e0       ?SetUserFriendlyFont@@YIXPAUHWND__@@HH@Z 1001b9e0 f   EmergencyShow.obj
 0001:0001aee0       ?CorrectConsolePos@@YIXPAUHWND__@@@Z 1001bee0 f   EmergencyShow.obj
 0001:0001b020       ?EmergencyShow@@YIXPAUHWND__@@HH@Z 1001c020 f   EmergencyShow.obj
 0001:0001b170       ?IsFileBatch@@YI_NPB_W@Z   1001c170 f   Execute.obj
 0001:0001b1f0       ?GetImageSubsystem@@YI_NPB_WAAK11@Z 1001c1f0 f   Execute.obj
 0001:0001b510       ?GetImageSubsystem@@YI_NAAK0@Z 1001c510 f   Execute.obj
 0001:0001b5c0       ?GetImageSubsystem@@YI_NU_PROCESS_INFORMATION@@AAK1@Z 1001c5c0 f   Execute.obj
 0001:0001b7b0       ?GetEnclosingSectionHeader@@YIPAU_IMAGE_SECTION_HEADER@@KPAUIMAGE_MAPPING@@@Z 1001c7b0 f   Execute.obj
 0001:0001b840       ?GetPtrFromRVA@@YIPAXKPAUIMAGE_MAPPING@@@Z 1001c840 f   Execute.obj
 0001:0001b8a0       ?FindImageSubsystem@@YI_NPB_WAAK1PAK@Z 1001c8a0 f   Execute.obj
 0001:0001c280       ?HeapInitialize@@YI_NXZ    1001d280 f   Memory.obj
 0001:0001c2b0       ?HeapDeinitialize@@YIXXZ   1001d2b0 f   Memory.obj
 0001:0001c2e0       ?xf_malloc@@YAPAXI@Z       1001d2e0 f   Memory.obj
 0001:0001c310       ?xf_calloc@@YAPAXII@Z      1001d310 f   Memory.obj
 0001:0001c340       ?xf_realloc@@YAPAXPAXI@Z   1001d340 f   Memory.obj
 0001:0001c380       ?xf_free@@YAXPAX@Z         1001d380 f   Memory.obj
 0001:0001c3b0       ?xf_validate@@YA_NPAX@Z    1001d3b0 f   Memory.obj
 0001:0001c3e0       ??2@YAPAXI@Z               1001d3e0 f   Memory.obj
 0001:0001c400       ??_U@YAPAXI@Z              1001d400 f   Memory.obj
 0001:0001c420       ??3@YAXPAX@Z               1001d420 f   Memory.obj
 0001:0001c440       ??_V@YAXPAX@Z              1001d440 f   Memory.obj
 0001:0001c460       ?lstrdup@@YIPADPBD@Z       1001d460 f   Memory.obj
 0001:0001c4d0       ?StringCchCopyA@@YGJPADIPBD@Z 1001d4d0 f i Memory.obj
 0001:0001c5f0       ?lstrdup@@YIPA_WPB_WI@Z    1001d5f0 f   Memory.obj
 0001:0001c750       ?lstrdupW@@YIPA_WPBDI@Z    1001d750 f   Memory.obj
 0001:0001c7d0       ?lstrmerge@@YIPA_WPB_W0000@Z 1001d7d0 f   Memory.obj
 0001:0001c900       ?lstrmerge@@YI_NPAPA_WPB_W111@Z 1001d900 f   Memory.obj
 0001:0001c960       ?FindMonitorsWorkspace@@YGHPAUHMONITOR__@@PAUHDC__@@PAUtagRECT@@J@Z 1001d960 f   Monitors.obj
 0001:0001c9e0       ?GetAllMonitorsWorkspace@@YI?AUtagRECT@@XZ 1001d9e0 f   Monitors.obj
 0001:0001ca60       ?FindPrimaryMonitor@@YGHPAUHMONITOR__@@PAUHDC__@@PAUtagRECT@@J@Z 1001da60 f   Monitors.obj
 0001:0001cae0       ?GetMonitorInfoSafe@@YI_NPAUHMONITOR__@@AAUtagMONITORINFO@@@Z 1001dae0 f   Monitors.obj
 0001:0001cb30       ?GetPrimaryMonitorInfo@@YIPAUHMONITOR__@@PAUtagMONITORINFO@@@Z 1001db30 f   Monitors.obj
 0001:0001cbe0       ?GetNearestMonitorInfo@@YIPAUHMONITOR__@@PAUtagMONITORINFO@@PAU1@PBUtagRECT@@PAUHWND__@@@Z 1001dbe0 f   Monitors.obj
 0001:0001ccd0       ?EnumAllMonitors@@YGHPAUHMONITOR__@@PAUHDC__@@PAUtagRECT@@J@Z 1001dcd0 f   Monitors.obj
 0001:0001cd40       ?MonitorSortCallback@@YIHAAU_FindAllMonitorsItem@@0@Z 1001dd40 f   Monitors.obj
 0001:0001cdb0       ?GetNextMonitorInfo@@YIPAUHMONITOR__@@PAUtagMONITORINFO@@PBUtagRECT@@_N@Z 1001ddb0 f   Monitors.obj
 0001:0001cf80       ??0_FindAllMonitors@@QAE@XZ 1001df80 f i Monitors.obj
 0001:0001cfa0       ??1_FindAllMonitors@@QAE@XZ 1001dfa0 f i Monitors.obj
 0001:0001cfd0       ?FindTaskbarWindow@@YIPAUHWND__@@PAUtagRECT@@@Z 1001dfd0 f   Monitors.obj
 0001:0001d040       ?IsTaskbarAutoHidden@@YI_NPAUtagRECT@@PAI@Z 1001e040 f   Monitors.obj
 0001:0001d100       ??0?$MArray@U_FindAllMonitorsItem@@@@QAE@XZ 1001e100 f i Monitors.obj
 0001:0001d140       ??1?$MArray@U_FindAllMonitorsItem@@@@QAE@XZ 1001e140 f i Monitors.obj
 0001:0001d160       ??A?$MArray@U_FindAllMonitorsItem@@@@QAEAAU_FindAllMonitorsItem@@H@Z 1001e160 f i Monitors.obj
 0001:0001d180       ?push_back@?$MArray@U_FindAllMonitorsItem@@@@QAEHABU_FindAllMonitorsItem@@@Z 1001e180 f i Monitors.obj
 0001:0001d210       ?size@?$MArray@U_FindAllMonitorsItem@@@@QBEHXZ 1001e210 f i Monitors.obj
 0001:0001d230       ?sort@?$MArray@U_FindAllMonitorsItem@@@@QAEXP6IHAAU_FindAllMonitorsItem@@0@Z@Z 1001e230 f i Monitors.obj
 0001:0001d320       ?clear@?$MArray@U_FindAllMonitorsItem@@@@QAEXXZ 1001e320 f i Monitors.obj
 0001:0001d370       ?addsize@?$MArray@U_FindAllMonitorsItem@@@@QAEXH@Z 1001e370 f i Monitors.obj
 0001:0001d460       ??0MSection@@QAE@XZ        1001e460 f   MSection.obj
 0001:0001d510       ??1MSection@@QAE@XZ        1001e510 f   MSection.obj
 0001:0001d5b0       ?Process_Lock@MSection@@IAEXXZ 1001e5b0 f   MSection.obj
 0001:0001d5d0       ?Process_Unlock@MSection@@IAEXXZ 1001e5d0 f   MSection.obj
 0001:0001d5f0       ?ThreadTerminated@MSection@@QAEXK@Z 1001e5f0 f   MSection.obj
 0001:0001d640       ?AddRef@MSection@@IAEXK@Z  1001e640 f   MSection.obj
 0001:0001d730       ?ReleaseRef@MSection@@IAEHK@Z 1001e730 f   MSection.obj
 0001:0001d800       ?WaitUnlocked@MSection@@IAEXKK@Z 1001e800 f   MSection.obj
 0001:0001d8a0       ?MyEnterCriticalSection@MSection@@IAE_NK@Z 1001e8a0 f   MSection.obj
 0001:0001da10       ?Lock@MSection@@IAEHHK@Z   1001ea10 f   MSection.obj
 0001:0001db60       ?Unlock@MSection@@IAEXH@Z  1001eb60 f   MSection.obj
 0001:0001dbd0       ?isLockedExclusive@MSection@@QAE_NXZ 1001ebd0 f   MSection.obj
 0001:0001dc20       ??0MSectionThread@@QAE@PAVMSection@@@Z 1001ec20 f   MSection.obj
 0001:0001dc50       ??1MSectionThread@@QAE@XZ  1001ec50 f   MSection.obj
 0001:0001dc80       ??0MSectionLock@@QAE@XZ    1001ec80 f   MSection.obj
 0001:0001dcb0       ??1MSectionLock@@QAE@XZ    1001ecb0 f   MSection.obj
 0001:0001dce0       ?Lock@MSectionLock@@QAEHPAVMSection@@HK@Z 1001ece0 f   MSection.obj
 0001:0001dd60       ?RelockExclusive@MSectionLock@@QAEHK@Z 1001ed60 f   MSection.obj
 0001:0001ddd0       ?Unlock@MSectionLock@@QAEXXZ 1001edd0 f   MSection.obj
 0001:0001de10       ?isLocked@MSectionLock@@QAEHH@Z 1001ee10 f   MSection.obj
 0001:0001de60       ??0MSectionSimple@@QAE@_N@Z 1001ee60 f   MSectionSimple.obj
 0001:0001deb0       ??1MSectionSimple@@QAE@XZ  1001eeb0 f   MSectionSimple.obj
 0001:0001ded0       ?IsInitialized@MSectionSimple@@QAE_NXZ 1001eed0 f   MSectionSimple.obj
 0001:0001df10       ?Init@MSectionSimple@@QAEXXZ 1001ef10 f   MSectionSimple.obj
 0001:0001df40       ?Close@MSectionSimple@@QAEXXZ 1001ef40 f   MSectionSimple.obj
 0001:0001df70       ?Enter@MSectionSimple@@QAEXXZ 1001ef70 f   MSectionSimple.obj
 0001:0001df90       ?Leave@MSectionSimple@@QAEXXZ 1001ef90 f   MSectionSimple.obj
 0001:0001dfb0       ?TryEnter@MSectionSimple@@QAE_NXZ 1001efb0 f   MSectionSimple.obj
 0001:0001e000       ?RecreateAndLock@MSectionSimple@@QAE_NXZ 1001f000 f   MSectionSimple.obj
 0001:0001e090       ??0MSectionLockSimple@@QAE@XZ 1001f090 f   MSectionSimple.obj
 0001:0001e0b0       ??1MSectionLockSimple@@QAE@XZ 1001f0b0 f   MSectionSimple.obj
 0001:0001e0d0       ?Lock@MSectionLockSimple@@QAEHPAUMSectionSimple@@K@Z 1001f0d0 f   MSectionSimple.obj
 0001:0001e180       ?Unlock@MSectionLockSimple@@QAEXXZ 1001f180 f   MSectionSimple.obj
 0001:0001e1b0       ?isLocked@MSectionLockSimple@@QAEHXZ 1001f1b0 f   MSectionSimple.obj
 0001:0001e1d0       ?NullSecurity@@YIPAU_SECURITY_ATTRIBUTES@@XZ 1001f1d0 f   MSecurity.obj
 0001:0001e220       ??0MNullDesc@@QAE@XZ       1001f220 f i MSecurity.obj
 0001:0001e280       ?NullSecurity@MNullDesc@@QAEPAU_SECURITY_ATTRIBUTES@@XZ 1001f280 f i MSecurity.obj
 0001:0001e380       ?LoadAdvApi@MNullDesc@@IAEHXZ 1001f380 f i MSecurity.obj
 0001:0001e5d0       ?UnloadAdvApi@MNullDesc@@IAEXXZ 1001f5d0 f i MSecurity.obj
 0001:0001e600       ?LocalSecurity@@YIPAU_SECURITY_ATTRIBUTES@@XZ 1001f600 f   MSecurity.obj
 0001:0001e650       ?LocalSecurity@MNullDesc@@QAEPAU_SECURITY_ATTRIBUTES@@XZ 1001f650 f i MSecurity.obj
 0001:0001e870       ?ShutdownSecurity@@YIXXZ   1001f870 f   MSecurity.obj
 0001:0001e8c0       ??_GMNullDesc@@QAEPAXI@Z   1001f8c0 f i MSecurity.obj
 0001:0001e8f0       ??1MNullDesc@@QAE@XZ       1001f8f0 f i MSecurity.obj
 0001:0001e970       ??0MSetter@@QAE@PAJ@Z      1001f970 f   MSetter.obj
 0001:0001e9b0       ??0MSetter@@QAE@PA_N@Z     1001f9b0 f   MSetter.obj
 0001:0001e9f0       ??0MSetter@@QAE@PAKK@Z     1001f9f0 f   MSetter.obj
 0001:0001ea30       ??1MSetter@@QAE@XZ         1001fa30 f   MSetter.obj
 0001:0001ea50       ?Unlock@MSetter@@QAEXXZ    1001fa50 f   MSetter.obj
 0001:0001eae0       ?msprintf@@YAPB_WPA_WIPB_WZZ 1001fae0 f   MStrSafe.obj
 0001:0001f100       ?msprintf@@YAPBDPADIPBDZZ  10020100 f   MStrSafe.obj
 0001:0001f560       ?lstrcmpni@@YIHPBD0H@Z     10020560 f   MStrSafe.obj
 0001:0001f690       ?lstrcmpni@@YIHPB_W0H@Z    10020690 f   MStrSafe.obj
 0001:0001f7f0       ?startswith@@YIHPB_W0_N@Z  100207f0 f   MStrSafe.obj
 0001:0001f880       ??0CPluginBackground@@QAE@XZ 10020880 f   PluginBackground.obj
 0001:0001fac0       ??1CPluginBackground@@QAE@XZ 10020ac0 f   PluginBackground.obj
 0001:0001fd10       ?RegisterSubplugin@CPluginBackground@@QAEHPAURegisterBackgroundArg@@@Z 10020d10 f   PluginBackground.obj
 0001:00020000       ?ReallocItems@CPluginBackground@@IAEXH@Z 10021000 f   PluginBackground.obj
 0001:00020080       ?OnMainThreadActivated@CPluginBackground@@QAEXHH@Z 10021080 f   PluginBackground.obj
 0001:000201a0       ?SetForceCheck@CPluginBackground@@QAEXXZ 100211a0 f   PluginBackground.obj
 0001:000201d0       ?SetForceUpdate@CPluginBackground@@QAEX_N@Z 100211d0 f   PluginBackground.obj
 0001:00020210       ?SetForceThLoad@CPluginBackground@@QAEXXZ 10021210 f   PluginBackground.obj
 0001:00020250       ?IsParmChanged@CPluginBackground@@IAE_NPAUPaintBackgroundArg@@0@Z 10021250 f   PluginBackground.obj
 0001:00020530       ?CheckPanelFolders@CPluginBackground@@IAEXH@Z 10021530 f   PluginBackground.obj
 0001:00020630       ?SetDcPanelRect@CPluginBackground@@IAEXPAUtagRECT@@PAUBkPanelInfo@@PAUPaintBackgroundArg@@@Z 10021630 f   PluginBackground.obj
 0001:00020770       ?UpdateBackground_Exec@CPluginBackground@@KIXPAURegisterBackgroundArg@@PAUPaintBackgroundArg@@@Z 10021770 f   PluginBackground.obj
 0001:000207c0       ?UpdateBackground@CPluginBackground@@IAEXXZ 100217c0 f   PluginBackground.obj
 0001:00021630       ?LoadThSet@CPluginBackground@@IAEHH@Z 10022630 f   PluginBackground.obj
 0001:00021850       ?MonitorBackground@CPluginBackground@@QAEXXZ 10022850 f   PluginBackground.obj
 0001:00021900       ?GetTo@?$MFileMapping@UPanelViewSetMapping@@@@QAE_NPAUPanelViewSetMapping@@H@Z 10022900 f i PluginBackground.obj
 0001:00021950       ?InitName@?$MFileMapping@UPanelViewSetMapping@@@@QAEPB_WPB_WKK@Z 10022950 f i PluginBackground.obj
 0001:000219a0       ?CloseMap@?$MFileMapping@UPanelViewSetMapping@@@@QAEXXZ 100229a0 f i PluginBackground.obj
 0001:00021a10       ?Open@?$MFileMapping@UPanelViewSetMapping@@@@QAEPAUPanelViewSetMapping@@HH@Z 10022a10 f i PluginBackground.obj
 0001:00021a30       ??0?$MFileMapping@UPanelViewSetMapping@@@@QAE@XZ 10022a30 f i PluginBackground.obj
 0001:00021a90       ??1?$MFileMapping@UPanelViewSetMapping@@@@QAE@XZ 10022a90 f i PluginBackground.obj
 0001:00021ab0       ?IsValid@?$MFileMapping@UPanelViewSetMapping@@@@QAE_NXZ 10022ab0 f i PluginBackground.obj
 0001:00021ad0       ?ClosePtr@?$MFileMapping@UPanelViewSetMapping@@@@QAEXXZ 10022ad0 f i PluginBackground.obj
 0001:00021b00       ?InternalOpenCreate@?$MFileMapping@UPanelViewSetMapping@@@@IAEPAUPanelViewSetMapping@@HHH@Z 10022b00 f i PluginBackground.obj
 0001:00021dc0       ?PlugServerInit@@YIXXZ     10022dc0 f   PluginSrv.obj
 0001:00021dd0       ?PlugServerStart@@YI_NXZ   10022dd0 f   PluginSrv.obj
 0001:00021ec0       ?PlugServerStop@@YIX_N@Z   10022ec0 f   PluginSrv.obj
 0001:00021f20       ?cmd_FarSetChanged@@YIXPAUFAR_REQ_FARSETCHANGED@@@Z 10022f20 f   PluginSrv.obj
 0001:00021f90       ?PlugServerCommand@@YGHPAXPAUCESERVER_REQ@@AAPAU1@AAK3J@Z 10022f90 f   PluginSrv.obj
 0001:000226a0       ?PlugServerFree@@YGXPAUCESERVER_REQ@@J@Z 100236a0 f   PluginSrv.obj
 0001:000226b0       ?SetOverlapped@?$PipeServer@UCESERVER_REQ@@@@QAEX_N@Z 100236b0 f i PluginSrv.obj
 0001:000226d0       ?SetLoopCommands@?$PipeServer@UCESERVER_REQ@@@@QAEX_N@Z 100236d0 f i PluginSrv.obj
 0001:000226f0       ?SetDummyAnswerSize@?$PipeServer@UCESERVER_REQ@@@@QAEXH@Z 100236f0 f i PluginSrv.obj
 0001:00022710       ?SetMaxCount@?$PipeServer@UCESERVER_REQ@@@@QAEXH@Z 10023710 f i PluginSrv.obj
 0001:00022750       ?StartPipeServer@?$PipeServer@UCESERVER_REQ@@@@QAE_N_NPB_WJPAU_SECURITY_ATTRIBUTES@@P6GHPAXPAUCESERVER_REQ@@AAPAU3@AAK6J@ZP6GX4J@ZP6GH3J@Z99@Z 10023750 f i PluginSrv.obj
 0001:00022930       ?StopPipeServer@?$PipeServer@UCESERVER_REQ@@@@QAEX_NAA_N@Z 10023930 f i PluginSrv.obj
 0001:00022fc0       ?BreakConnection@?$PipeServer@UCESERVER_REQ@@@@QAEXPAX@Z 10023fc0 f i PluginSrv.obj
 0001:00022fe0       ?DumpError@?$PipeServer@UCESERVER_REQ@@@@IAEXPAUPipeInst@1@PB_WH@Z 10023fe0 f i PluginSrv.obj
 0001:000230d0       ?_Disconnect@?$PipeServer@UCESERVER_REQ@@@@IAEXPAUPipeInst@1@_N11@Z 100240d0 f i PluginSrv.obj
 0001:00023150       ?StartPipeInstance@?$PipeServer@UCESERVER_REQ@@@@IAE_NPAUPipeInst@1@@Z 10024150 f i PluginSrv.obj
 0001:000232d0       ?TerminatePipeThread@?$PipeServer@UCESERVER_REQ@@@@KIXAAPAXABUPipeInst@1@AA_N@Z 100242d0 f i PluginSrv.obj
 0001:00023360       ?_PipeServerThread@?$PipeServer@UCESERVER_REQ@@@@KGKPAX@Z 10024360 f i PluginSrv.obj
 0001:000233d0       ?PipeServerThread@?$PipeServer@UCESERVER_REQ@@@@IAEKPAUPipeInst@1@@Z 100243d0 f i PluginSrv.obj
 0001:00023760       ?PipeServerRead@?$PipeServer@UCESERVER_REQ@@@@IAEHPAUPipeInst@1@@Z 10024760 f i PluginSrv.obj
 0001:00023af0       ?PipeServerWrite@?$PipeServer@UCESERVER_REQ@@@@IAEHPAUPipeInst@1@PBXKPAKH@Z 10024af0 f i PluginSrv.obj
 0001:00023c90       ?WaitForClient@?$PipeServer@UCESERVER_REQ@@@@IAE_NPAUPipeInst@1@AAH1@Z 10024c90 f i PluginSrv.obj
 0001:00024070       ?WriteDummyAnswer@?$PipeServer@UCESERVER_REQ@@@@IAEHPAUPipeInst@1@@Z 10025070 f i PluginSrv.obj
 0001:000240f0       ?WaitOverlapped@?$PipeServer@UCESERVER_REQ@@@@IAEHPAUPipeInst@1@PAK@Z 100250f0 f i PluginSrv.obj
 0001:00024320       ?AllocRequestBuf@PipeInst@?$PipeServer@UCESERVER_REQ@@@@QAEPAUCESERVER_REQ@@K@Z 10025320 f i PluginSrv.obj
 0001:000243a0       ??$wcscpy_c@$0BAE@@@YIHAAY0BAE@_WPB_W@Z 100253a0 f i PluginSrv.obj
 0001:000244b0       ?SetConEmuEnvHWND@@YIXPB_WPAUHWND__@@@Z 100254b0 f   SetEnvVar.obj
 0001:00024500       ?SetConEmuEnvVar@@YIXPAUHWND__@@@Z 10025500 f   SetEnvVar.obj
 0001:00024570       ?SetConEmuEnvVarChild@@YIXPAUHWND__@@0@Z 10025570 f   SetEnvVar.obj
 0001:000245a0       ?SetConEmuWorkEnvVar@@YIXPAUHINSTANCE__@@@Z 100255a0 f   SetEnvVar.obj
 0001:00024720       ??0CEnvStrings@@QAE@PA_W@Z 10025720 f   SetEnvVar.obj
 0001:000247b0       ??1CEnvStrings@@QAE@XZ     100257b0 f   SetEnvVar.obj
 0001:000247e0       ?ShutdownConsole@@YGXXZ    100257e0 f   WConsole.obj
 0001:00024830       ?SetConsoleInfo@@YIHPAUHWND__@@PAU_CONSOLE_INFO@@@Z 10025830 f   WConsole.obj
 0001:00024b10       ?ChangeScreenBufferSize@@YIXAAU_CONSOLE_SCREEN_BUFFER_INFO@@FFFF@Z 10025b10 f   WConsole.obj
 0001:00024c20       ?GetConWindowSize@@YIHABU_CONSOLE_SCREEN_BUFFER_INFO@@HHKPAH1PAK@Z 10025c20 f   WConsole.obj
 0001:00024d70       ?GetConsoleSizeInfo@@YIXPAU_CONSOLE_INFO@@@Z 10025d70 f   WConsole.obj
 0001:00024e20       ?apiGetConsoleScreenBufferInfoEx@@YIHPAXPAUMY_CONSOLE_SCREEN_BUFFER_INFOEX@@@Z 10025e20 f   WConsole.obj
 0001:00024e90       ?apiSetConsoleScreenBufferInfoEx@@YIHPAXPAUMY_CONSOLE_SCREEN_BUFFER_INFOEX@@@Z 10025e90 f   WConsole.obj
 0001:00024f10       ?apiGetConsoleFontSize@@YIHPAXAAH1AAY0CA@_W@Z 10025f10 f   WConsole.obj
 0001:00024fb0       ?apiSetConsoleFontSize@@YIHPAXHHPB_W@Z 10025fb0 f   WConsole.obj
 0001:00025100       ?apiFixFontSizeForBufferSize@@YIHPAXU_COORD@@PADH@Z 10026100 f   WConsole.obj
 0001:00025610       ?SetConsoleFontSizeTo@@YIXPAUHWND__@@HHPB_WGG@Z 10026610 f   WConsole.obj
 0001:00025b90       ?MyGetLargestConsoleWindowSize@@YI?AU_COORD@@PAX@Z 10026b90 f   WConsole.obj
 0001:00025c20       ?SearchAppPaths@@YI_NPB_WAAUCmdArg@@_NPAU1@@Z 10026c20 f   WFiles.obj
 0001:00026150       ?GetFullPathNameEx@@YIPA_WPB_W@Z 10027150 f   WFiles.obj
 0001:00026230       ?FindFileName@@YI_NPB_WAAUCmdArg@@@Z 10027230 f   WFiles.obj
 0001:00026420       ?MakePathProperCase@@YI_NAAUCmdArg@@@Z 10027420 f   WFiles.obj
 0001:00026650       ?ReadTextFile@@YIHPB_WKAAPA_WAAK2K@Z 10027650 f   WFiles.obj
 0001:00026a80       ?WriteTextFile@@YIHPB_W0HK_NPAK@Z 10027a80 f   WFiles.obj
 0001:00026d00       ?FilesExists@@YI_NPB_W0_NH@Z 10027d00 f   WFiles.obj
 0001:00026e40       ?IsDotsName@@YI_NPB_W@Z    10027e40 f   WFiles.obj
 0001:00026ea0       ?FileExistSubDir@@YI_NPB_W0HAAUCmdArg@@@Z 10027ea0 f   WFiles.obj
 0001:000270a0       ?DirectoryExists@@YI_NPB_W@Z 100280a0 f   WFiles.obj
 0001:00027200       ?MyCreateDirectory@@YI_NPA_W@Z 10028200 f   WFiles.obj
 0001:00027310       ?FileCompare@@YI_NPB_W0@Z  10028310 f   WFiles.obj
 0001:00027530       ?apiCancelSynchronousIo@@YIHPAX@Z 10028530 f   WFiles.obj
 0001:000275c0       ?HasZoneIdentifier@@YI_NPB_WAAH@Z 100285c0 f   WFiles.obj
 0001:00027680       ?DropZoneIdentifier@@YI_NPB_WAAK@Z 10028680 f   WFiles.obj
 0001:00027730       ?getWindowInfo@@YIXPAUHWND__@@AAY0EAA@_W_NPAK@Z 10028730 f   WObjects.obj
 0001:000278f0       ?FileExists@@YI_NPB_WPAK@Z 100288f0 f   WObjects.obj
 0001:00027ad0       ?FileSearchInDir@@YI_NPB_WAAUCmdArg@@@Z 10028ad0 f   WObjects.obj
 0001:00027c90       ?FileExistsSearch@@YI_NPB_WAAUCmdArg@@_N2@Z 10028c90 f   WObjects.obj
 0001:00027da0       ?GetShortFileName@@YI_NPB_WHPA_WH@Z 10028da0 f   WObjects.obj
 0001:00027fb0       ?GetShortFileNameEx@@YIPA_WPB_WH@Z 10028fb0 f   WObjects.obj
 0001:000283e0       ?IsWine@@YI_NXZ            100293e0 f   WObjects.obj
 0001:00028500       ?IsWinPE@@YI_NXZ           10029500 f   WObjects.obj
 0001:00028570       ?GetOsVersionInformational@@YI_NPAU_OSVERSIONINFOW@@@Z 10029570 f   WObjects.obj
 0001:000285a0       ?IsWinVerOrHigher@@YI_NG@Z 100295a0 f   WObjects.obj
 0001:00028650       ?IsWin2kEql@@YI_NXZ        10029650 f   WObjects.obj
 0001:000286f0       ?IsWin5family@@YI_NXZ      100296f0 f   WObjects.obj
 0001:00028780       ?IsWinXPSP1@@YI_NXZ        10029780 f   WObjects.obj
 0001:00028840       ?IsWin6@@YI_NXZ            10029840 f   WObjects.obj
 0001:00028880       ?IsWin7@@YI_NXZ            10029880 f   WObjects.obj
 0001:000288c0       ?IsWin10@@YI_NXZ           100298c0 f   WObjects.obj
 0001:00028900       ?IsDbcs@@YI_NXZ            10029900 f   WObjects.obj
 0001:00028920       ?IsWindows64@@YI_NXZ       10029920 f   WObjects.obj
 0001:000289b0       ?IsHwFullScreenAvailable@@YI_NXZ 100299b0 f   WObjects.obj
 0001:00028a50       ?IsVsNetHostExe@@YI_NPB_W@Z 10029a50 f   WObjects.obj
 0001:00028ad0       ?IsGDB@@YI_NPB_W@Z         10029ad0 f   WObjects.obj
 0001:00028b20       ?GetProcessBits@@YIHKPAX@Z 10029b20 f   WObjects.obj
 0001:00028c20       ?GetProcessInfo@@YI_NKPAUtagPROCESSENTRY32W@@@Z 10029c20 f   WObjects.obj
 0001:00028d10       ?isTerminalMode@@YI_NXZ    10029d10 f   WObjects.obj
 0001:00029030       ?IsModuleValid@@YI_NPAUHINSTANCE__@@H@Z 1002a030 f   WObjects.obj
 0001:000291c0       ?CheckCallbackPtr@@YI_NPAUHINSTANCE__@@IPAP6GHXZHHH@Z 1002a1c0 f   WObjects.obj
 0001:00029310       ?ExpandMacroValues@@YIPA_WPB_WPAPB_WI@Z 1002a310 f   WObjects.obj
 0001:000294d0       ?ExpandEnvStr@@YIPA_WPB_W@Z 1002a4d0 f   WObjects.obj
 0001:000295b0       ?GetEnvVar@@YIPA_WPB_W@Z   1002a5b0 f   WObjects.obj
 0001:00029680       ?GetComspecFromEnvVar@@YIPB_WPA_WKW4ComSpecBits@@@Z 1002a680 f   WObjects.obj
 0001:00029900       ?GetComspec@@YIPA_WPBUConEmuComspec@@@Z 1002a900 f   WObjects.obj
 0001:00029b40       ?IsExportEnvVarAllowed@@YI_NPB_W@Z 1002ab40 f   WObjects.obj
 0001:00029bb0       ?ApplyExportEnvVar@@YIXPB_W@Z 1002abb0 f   WObjects.obj
 0001:00029c30       ?CoordInSmallRect@@YI_NABU_COORD@@ABU_SMALL_RECT@@@Z 1002ac30 f   WObjects.obj
 0001:00029ca0       ?GetCpFromString@@YIIPB_WPAPB_W@Z 1002aca0 f   WObjects.obj
 0001:00029e10       ??$wcscpy_c@$0EAA@@@YIHAAY0EAA@_WPB_W@Z 1002ae10 f i WObjects.obj
 0001:00029e40       ??$wcscpy_c@$0BAA@@@YIHAAY0BAA@_WPB_W@Z 1002ae40 f i WObjects.obj
 0001:00029e70       ?apiThreadHelper@@YGKPAX@Z 1002ae70 f   WThreads.obj
 0001:00029fe0       ?apiCreateThread@@YIPAXP6GKPAX@Z0PAKPBDH@Z 1002afe0 f   WThreads.obj
 0001:0002a150       ??0ConEmuThreadStartArg@@QAE@P6GKPAX@Z0K@Z 1002b150 f i WThreads.obj
 0001:0002a190       ?apiTerminateThreadEx@@YIHPAXKPBDH@Z 1002b190 f   WThreads.obj
 0001:0002a2a0       ?SetThreadName@@YIXKPAD@Z  1002b2a0 f   WThreads.obj
 0001:0002a330       ?apiSetForegroundWindow@@YI_NPAUHWND__@@@Z 1002b330 f   WUser.obj
 0001:0002a360       ?apiShowWindow@@YI_NPAUHWND__@@H@Z 1002b360 f   WUser.obj
 0001:0002a390       ?apiShowWindowAsync@@YI_NPAUHWND__@@H@Z 1002b390 f   WUser.obj
 0001:0002a3c0       ?IsUserAdmin@@YI_NXZ       1002b3c0 f   WUser.obj
 0001:0002a4b0       ?GetLogonSID@@YI_NPAXPAPA_W@Z 1002b4b0 f   WUser.obj
 0001:0002a5d0       ?RemoveOldComSpecC@@YIXXZ  1002b5d0 f   WUser.obj
 0001:0002a700       ?DuplicateProcessHandle@@YIPAXK@Z 1002b700 f   WUser.obj
 0001:0002a780       ?FindComspec@@YIXPAUConEmuComspec@@_N@Z 1002b780 f   WUser.obj
 0001:0002b150       ?UpdateComspec@@YIXPAUConEmuComspec@@_N@Z 1002c150 f   WUser.obj
 0001:0002b490       ?SetEnvVarExpanded@@YIXPB_W0@Z 1002c490 f   WUser.obj
 0001:0002b670       _wcsrchr                   1002c670 f   libCRT:strrchr.obj
 0001:0002b6a0       _wcschr                    1002c6a0 f   libCRT:strchr.obj
 0001:0002b6d0       _strpbrk                   1002c6d0 f   libCRT:strpbrk.obj
 0001:0002b760       _wcspbrk                   1002c760 f   libCRT:strpbrk.obj
 0001:0002b7b0       _wcsncmp                   1002c7b0 f   libCRT:strncmp.obj
 0001:0002b800       _strrchr                   1002c800 f   libCRT:strrchr.obj
 0001:0002b830       _wcsstr                    1002c830 f   libCRT:strstr.obj
 0001:0002b890       _memset                    1002c890 f   libCRT:memset.obj
 0001:0002b8d0       _memmove                   1002c8d0 f   libCRT:memmove.obj
 0001:0002b930       __aullshr                  1002c930 f   libCRT:vc_ullshr.obj
 0001:0002b950       _memcpy                    1002c950 f   libCRT:memcpy.obj
 0001:0002b980       _memcmp                    1002c980 f   libCRT:memcmp.obj
 0001:0002b9c0       _iswdigit                  1002c9c0 f i libCRT:strtol.obj
 0001:0002b9e0       _iswspace                  1002c9e0 f i libCRT:strtol.obj
 0001:0002bba0       _wcstol                    1002cba0 f   libCRT:strtol.obj
 0001:0002bbc0       _wcstoul                   1002cbc0 f   libCRT:strtol.obj
 0001:0002bbe0       _strchr                    1002cbe0 f   libCRT:strchr.obj
 0001:0002bbf6       _SetEnvironmentVariableW@8 1002cbf6 f   kernel32:KERNEL32.dll
 0001:0002bbfc       _lstrlenW@4                1002cbfc f   kernel32:KERNEL32.dll
 0001:0002bc02       _lstrcpynW@12              1002cc02 f   kernel32:KERNEL32.dll
 0001:0002bc08       _lstrcmpiW@8               1002cc08 f   kernel32:KERNEL32.dll
 0001:0002bc0e       _lstrcmpW@8                1002cc0e f   kernel32:KERNEL32.dll
 0001:0002bc14       _GetCurrentDirectoryW@8    1002cc14 f   kernel32:KERNEL32.dll
 0001:0002bc1a       _SearchPathW@24            1002cc1a f   kernel32:KERNEL32.dll
 0001:0002bc20       _GetProcAddress@8          1002cc20 f   kernel32:KERNEL32.dll
 0001:0002bc26       _GetModuleHandleW@4        1002cc26 f   kernel32:KERNEL32.dll
 0001:0002bc2c       _GetModuleFileNameW@12     1002cc2c f   kernel32:KERNEL32.dll
 0001:0002bc32       _SetNamedPipeHandleState@16 1002cc32 f   kernel32:KERNEL32.dll
 0001:0002bc38       _GetCurrentProcessId@0     1002cc38 f   kernel32:KERNEL32.dll
 0001:0002bc3e       _Sleep@4                   1002cc3e f   kernel32:KERNEL32.dll
 0001:0002bc44       _SetLastError@4            1002cc44 f   kernel32:KERNEL32.dll
 0001:0002bc4a       _WaitNamedPipeW@8          1002cc4a f   kernel32:KERNEL32.dll
 0001:0002bc50       _WaitForSingleObject@8     1002cc50 f   kernel32:KERNEL32.dll
 0001:0002bc56       _GetLastError@0            1002cc56 f   kernel32:KERNEL32.dll
 0001:0002bc5c       _CreateFileW@28            1002cc5c f   kernel32:KERNEL32.dll
 0001:0002bc62       _GetTickCount@0            1002cc62 f   kernel32:KERNEL32.dll
 0001:0002bc68       _IsDebuggerPresent@0       1002cc68 f   kernel32:KERNEL32.dll
 0001:0002bc6e       _GetCurrentThreadId@0      1002cc6e f   kernel32:KERNEL32.dll
 0001:0002bc74       _ReadFile@20               1002cc74 f   kernel32:KERNEL32.dll
 0001:0002bc7a       _CloseHandle@4             1002cc7a f   kernel32:KERNEL32.dll
 0001:0002bc80       _TransactNamedPipe@28      1002cc80 f   kernel32:KERNEL32.dll
 0001:0002bc86       _WriteFile@20              1002cc86 f   kernel32:KERNEL32.dll
 0001:0002bc8c       _GetConsoleWindow@0        1002cc8c f   kernel32:KERNEL32.dll
 0001:0002bc92       _UnmapViewOfFile@4         1002cc92 f   kernel32:KERNEL32.dll
 0001:0002bc98       _MapViewOfFile@20          1002cc98 f   kernel32:KERNEL32.dll
 0001:0002bc9e       _OpenFileMappingW@12       1002cc9e f   kernel32:KERNEL32.dll
 0001:0002bca4       _LoadLibraryW@4            1002cca4 f   kernel32:KERNEL32.dll
 0001:0002bcaa       _CreateFileMappingW@24     1002ccaa f   kernel32:KERNEL32.dll
 0001:0002bcb0       _VirtualProtect@16         1002ccb0 f   kernel32:KERNEL32.dll
 0001:0002bcb6       _lstrcpyW@8                1002ccb6 f   kernel32:KERNEL32.dll
 0001:0002bcbc       _MultiByteToWideChar@24    1002ccbc f   kernel32:KERNEL32.dll
 0001:0002bcc2       _lstrcpynA@12              1002ccc2 f   kernel32:KERNEL32.dll
 0001:0002bcc8       _lstrlenA@4                1002ccc8 f   kernel32:KERNEL32.dll
 0001:0002bcce       _WideCharToMultiByte@32    1002ccce f   kernel32:KERNEL32.dll
 0001:0002bcd4       _lstrcpyA@8                1002ccd4 f   kernel32:KERNEL32.dll
 0001:0002bcda       _lstrcatW@8                1002ccda f   kernel32:KERNEL32.dll
 0001:0002bce0       _GetConsoleCursorInfo@8    1002cce0 f   kernel32:KERNEL32.dll
 0001:0002bce6       _GetConsoleScreenBufferInfo@8 1002cce6 f   kernel32:KERNEL32.dll
 0001:0002bcec       _GetStdHandle@4            1002ccec f   kernel32:KERNEL32.dll
 0001:0002bcf2       _InterlockedIncrement@4    1002ccf2 f   kernel32:KERNEL32.dll
 0001:0002bcf8       _GetConsoleTitleW@8        1002ccf8 f   kernel32:KERNEL32.dll
 0001:0002bcfe       _DeleteFileW@4             1002ccfe f   kernel32:KERNEL32.dll
 0001:0002bd04       _Thread32Next@8            1002cd04 f   kernel32:KERNEL32.dll
 0001:0002bd0a       _Thread32First@8           1002cd0a f   kernel32:KERNEL32.dll
 0001:0002bd10       _CreateToolhelp32Snapshot@8 1002cd10 f   kernel32:KERNEL32.dll
 0001:0002bd16       _GetConsoleMode@8          1002cd16 f   kernel32:KERNEL32.dll
 0001:0002bd1c       _GetExitCodeProcess@8      1002cd1c f   kernel32:KERNEL32.dll
 0001:0002bd22       _CreateProcessW@40         1002cd22 f   kernel32:KERNEL32.dll
 0001:0002bd28       _SetConsoleMode@8          1002cd28 f   kernel32:KERNEL32.dll
 0001:0002bd2e       _GetEnvironmentStringsW@0  1002cd2e f   kernel32:KERNEL32.dll
 0001:0002bd34       _GetEnvironmentVariableW@12 1002cd34 f   kernel32:KERNEL32.dll
 0001:0002bd3a       _WaitForMultipleObjects@16 1002cd3a f   kernel32:KERNEL32.dll
 0001:0002bd40       _CreateEventW@16           1002cd40 f   kernel32:KERNEL32.dll
 0001:0002bd46       _SetConsoleTitleW@4        1002cd46 f   kernel32:KERNEL32.dll
 0001:0002bd4c       _CreateSemaphoreW@16       1002cd4c f   kernel32:KERNEL32.dll
 0001:0002bd52       _ResetEvent@4              1002cd52 f   kernel32:KERNEL32.dll
 0001:0002bd58       _TerminateProcess@8        1002cd58 f   kernel32:KERNEL32.dll
 0001:0002bd5e       _GetCurrentProcess@0       1002cd5e f   kernel32:KERNEL32.dll
 0001:0002bd64       _SetEvent@4                1002cd64 f   kernel32:KERNEL32.dll
 0001:0002bd6a       _IsBadStringPtrW@8         1002cd6a f   kernel32:KERNEL32.dll
 0001:0002bd70       _Module32NextW@8           1002cd70 f   kernel32:KERNEL32.dll
 0001:0002bd76       _Module32FirstW@8          1002cd76 f   kernel32:KERNEL32.dll
 0001:0002bd7c       _InterlockedDecrement@4    1002cd7c f   kernel32:KERNEL32.dll
 0001:0002bd82       _ReleaseSemaphore@12       1002cd82 f   kernel32:KERNEL32.dll
 0001:0002bd88       _WriteConsoleInputW@16     1002cd88 f   kernel32:KERNEL32.dll
 0001:0002bd8e       _GetNumberOfConsoleInputEvents@8 1002cd8e f   kernel32:KERNEL32.dll
 0001:0002bd94       _ReadConsoleInputW@16      1002cd94 f   kernel32:KERNEL32.dll
 0001:0002bd9a       _PeekConsoleInputW@16      1002cd9a f   kernel32:KERNEL32.dll
 0001:0002bda0       _SuspendThread@4           1002cda0 f   kernel32:KERNEL32.dll
 0001:0002bda6       _ResumeThread@4            1002cda6 f   kernel32:KERNEL32.dll
 0001:0002bdac       _VerifyVersionInfoW@16     1002cdac f   kernel32:KERNEL32.dll
 0001:0002bdb2       _VerSetConditionMask@16    1002cdb2 f   kernel32:KERNEL32.dll
 0001:0002bdb8       _ReleaseMutex@4            1002cdb8 f   kernel32:KERNEL32.dll
 0001:0002bdbe       _CreateMutexW@12           1002cdbe f   kernel32:KERNEL32.dll
 0001:0002bdc4       _SetFilePointer@16         1002cdc4 f   kernel32:KERNEL32.dll
 0001:0002bdca       _GetFileInformationByHandle@8 1002cdca f   kernel32:KERNEL32.dll
 0001:0002bdd0       _ReadProcessMemory@20      1002cdd0 f   kernel32:KERNEL32.dll
 0001:0002bdd6       _FreeLibrary@4             1002cdd6 f   kernel32:KERNEL32.dll
 0001:0002bddc       _ExpandEnvironmentStringsW@12 1002cddc f   kernel32:KERNEL32.dll
 0001:0002bde2       _DebugBreak@0              1002cde2 f   kernel32:KERNEL32.dll
 0001:0002bde8       _HeapCreate@12             1002cde8 f   kernel32:KERNEL32.dll
 0001:0002bdee       _HeapDestroy@4             1002cdee f   kernel32:KERNEL32.dll
 0001:0002bdf4       _HeapAlloc@12              1002cdf4 f   kernel32:KERNEL32.dll
 0001:0002bdfa       _HeapReAlloc@16            1002cdfa f   kernel32:KERNEL32.dll
 0001:0002be00       _HeapFree@12               1002ce00 f   kernel32:KERNEL32.dll
 0001:0002be06       _HeapValidate@12           1002ce06 f   kernel32:KERNEL32.dll
 0001:0002be0c       _OpenThread@12             1002ce0c f   kernel32:KERNEL32.dll
 0001:0002be12       _InitializeCriticalSection@4 1002ce12 f   kernel32:KERNEL32.dll
 0001:0002be18       _DeleteCriticalSection@4   1002ce18 f   kernel32:KERNEL32.dll
 0001:0002be1e       _EnterCriticalSection@4    1002ce1e f   kernel32:KERNEL32.dll
 0001:0002be24       _LeaveCriticalSection@4    1002ce24 f   kernel32:KERNEL32.dll
 0001:0002be2a       _TryEnterCriticalSection@4 1002ce2a f   kernel32:KERNEL32.dll
 0001:0002be30       _LocalFree@4               1002ce30 f   kernel32:KERNEL32.dll
 0001:0002be36       _LocalAlloc@8              1002ce36 f   kernel32:KERNEL32.dll
 0001:0002be3c       _lstrcmpiA@8               1002ce3c f   kernel32:KERNEL32.dll
 0001:0002be42       _GetExitCodeThread@8       1002ce42 f   kernel32:KERNEL32.dll
 0001:0002be48       _DisconnectNamedPipe@4     1002ce48 f   kernel32:KERNEL32.dll
 0001:0002be4e       _SetThreadPriority@8       1002ce4e f   kernel32:KERNEL32.dll
 0001:0002be54       _FlushFileBuffers@4        1002ce54 f   kernel32:KERNEL32.dll
 0001:0002be5a       _GetOverlappedResult@16    1002ce5a f   kernel32:KERNEL32.dll
 0001:0002be60       _ConnectNamedPipe@8        1002ce60 f   kernel32:KERNEL32.dll
 0001:0002be66       _CreateNamedPipeW@32       1002ce66 f   kernel32:KERNEL32.dll
 0001:0002be6c       _FreeEnvironmentStringsW@4 1002ce6c f   kernel32:KERNEL32.dll
 0001:0002be72       _SetConsoleWindowInfo@12   1002ce72 f   kernel32:KERNEL32.dll
 0001:0002be78       _GetConsoleOutputCP@0      1002ce78 f   kernel32:KERNEL32.dll
 0001:0002be7e       _GetLargestConsoleWindowSize@4 1002ce7e f   kernel32:KERNEL32.dll
 0001:0002be84       _GetFullPathNameW@16       1002ce84 f   kernel32:KERNEL32.dll
 0001:0002be8a       _FindClose@4               1002ce8a f   kernel32:KERNEL32.dll
 0001:0002be90       _FindFirstFileW@8          1002ce90 f   kernel32:KERNEL32.dll
 0001:0002be96       _GetFileSize@8             1002ce96 f   kernel32:KERNEL32.dll
 0001:0002be9c       _FindNextFileW@8           1002ce9c f   kernel32:KERNEL32.dll
 0001:0002bea2       _CreateDirectoryW@8        1002cea2 f   kernel32:KERNEL32.dll
 0001:0002bea8       _GetFileSizeEx@8           1002cea8 f   kernel32:KERNEL32.dll
 0001:0002beae       _GetPrivateProfileIntW@16  1002ceae f   kernel32:KERNEL32.dll
 0001:0002beb4       _WritePrivateProfileStringW@16 1002ceb4 f   kernel32:KERNEL32.dll
 0001:0002beba       _GetVersionExW@4           1002ceba f   kernel32:KERNEL32.dll
 0001:0002bec0       _OpenProcess@12            1002cec0 f   kernel32:KERNEL32.dll
 0001:0002bec6       _Process32NextW@8          1002cec6 f   kernel32:KERNEL32.dll
 0001:0002becc       _Process32FirstW@8         1002cecc f   kernel32:KERNEL32.dll
 0001:0002bed2       _IsBadReadPtr@8            1002ced2 f   kernel32:KERNEL32.dll
 0001:0002bed8       _VirtualFree@12            1002ced8 f   kernel32:KERNEL32.dll
 0001:0002bede       _VirtualAlloc@16           1002cede f   kernel32:KERNEL32.dll
 0001:0002bee4       _GetSystemInfo@4           1002cee4 f   kernel32:KERNEL32.dll
 0001:0002beea       _GetWindowsDirectoryW@8    1002ceea f   kernel32:KERNEL32.dll
 0001:0002bef0       _CreateThread@24           1002cef0 f   kernel32:KERNEL32.dll
 0001:0002bef6       _TerminateThread@8         1002cef6 f   kernel32:KERNEL32.dll
 0001:0002befc       _RaiseException@16         1002cefc f   kernel32:KERNEL32.dll
 0001:0002bf02       _DuplicateHandle@28        1002cf02 f   kernel32:KERNEL32.dll
 0001:0002bf08       _CharUpperBuffW@8          1002cf08 f   user32:USER32.dll
 0001:0002bf0e       _MapVirtualKeyW@8          1002cf0e f   user32:USER32.dll
 0001:0002bf14       _VkKeyScanW@4              1002cf14 f   user32:USER32.dll
 0001:0002bf1a       _IsWindow@4                1002cf1a f   user32:USER32.dll
 0001:0002bf20       _GetWindowLongW@8          1002cf20 f   user32:USER32.dll
 0001:0002bf26       _GetClassNameW@12          1002cf26 f   user32:USER32.dll
 0001:0002bf2c       _GetWindowThreadProcessId@8 1002cf2c f   user32:USER32.dll
 0001:0002bf32       _FindWindowW@8             1002cf32 f   user32:USER32.dll
 0001:0002bf38       _MessageBoxW@16            1002cf38 f   user32:USER32.dll
 0001:0002bf3e       _wsprintfW                 1002cf3e f   user32:USER32.dll
 0001:0002bf44       _GetParent@4               1002cf44 f   user32:USER32.dll
 0001:0002bf4a       _RegisterWindowMessageW@4  1002cf4a f   user32:USER32.dll
 0001:0002bf50       _IsWindowVisible@4         1002cf50 f   user32:USER32.dll
 0001:0002bf56       _PostMessageW@16           1002cf56 f   user32:USER32.dll
 0001:0002bf5c       _GetSystemMetrics@4        1002cf5c f   user32:USER32.dll
 0001:0002bf62       _GetMonitorInfoW@8         1002cf62 f   user32:USER32.dll
 0001:0002bf68       _MonitorFromWindow@8       1002cf68 f   user32:USER32.dll
 0001:0002bf6e       _SetWindowPos@28           1002cf6e f   user32:USER32.dll
 0001:0002bf74       _GetWindowRect@8           1002cf74 f   user32:USER32.dll
 0001:0002bf7a       _EnableWindow@8            1002cf7a f   user32:USER32.dll
 0001:0002bf80       _IsWindowEnabled@4         1002cf80 f   user32:USER32.dll
 0001:0002bf86       _IsRectEmpty@4             1002cf86 f   user32:USER32.dll
 0001:0002bf8c       _EnumDisplayMonitors@16    1002cf8c f   user32:USER32.dll
 0001:0002bf92       _SystemParametersInfoW@16  1002cf92 f   user32:USER32.dll
 0001:0002bf98       _MonitorFromRect@8         1002cf98 f   user32:USER32.dll
[...]
 0003:00002b58       ?gnAllowDummyMouseEvent@@3JA 10047b58     ConEmuPluginBase.obj
 0003:00002b5c       ?gnDummyMouseEventFromMacro@@3JA 10047b5c     ConEmuPluginBase.obj
 0003:00002b60       ?csData@@3PAVMSection@@A   10047b60     ConEmuPluginBase.obj
 0003:00002b64       ?gpCmdRet@@3PAUCESERVER_REQ@@A 10047b64     ConEmuPluginBase.obj
 0003:00002b68       ?gpData@@3PAEA             10047b68     ConEmuPluginBase.obj
 0003:00002b6c       ?gpCursor@@3PAEA           10047b6c     ConEmuPluginBase.obj
 0003:00002b70       ?gnDataSize@@3KA           10047b70     ConEmuPluginBase.obj
 0003:00002b74       ?gpReqCommandData@@3PAXA   10047b74     ConEmuPluginBase.obj
 0003:00002b78       ?ghReqCommandEvent@@3PAXA  10047b78     ConEmuPluginBase.obj
 0003:00002b7c       ?gbReqCommandWaiting@@3HA  10047b7c     ConEmuPluginBase.obj
 0003:00002b80       ?gnMsgTabChanged@@3IA      10047b80     ConEmuPluginBase.obj
 0003:00002b84       ?csTabs@@3PAVMSection@@A   10047b84     ConEmuPluginBase.obj
 0003:00002b88       ?gbPlugKeyChanged@@3HA     10047b88     ConEmuPluginBase.obj
 0003:00002b8c       ?ghRegMonitorKey@@3PAUHKEY__@@A 10047b8c     ConEmuPluginBase.obj
 0003:00002b90       ?ghRegMonitorEvt@@3PAXA    10047b90     ConEmuPluginBase.obj
 0003:00002b94       ?ghPluginSemaphore@@3PAXA  10047b94     ConEmuPluginBase.obj
 0003:00002b98       ?gsFarLang@@3PA_WA         10047b98     ConEmuPluginBase.obj
 0003:00002c18       ?gbNeedPostTabSend@@3HA    10047c18     ConEmuPluginBase.obj
 0003:00002c1c       ?gbNeedPostEditCheck@@3HA  10047c1c     ConEmuPluginBase.obj
 0003:00002c20       ?gbNeedPostReloadFarInfo@@3HA 10047c20     ConEmuPluginBase.obj
 0003:00002c24       ?gnNeedPostTabSendTick@@3KA 10047c24     ConEmuPluginBase.obj
 0003:00002c28       ?gpConMapInfo@@3PBUCESERVER_CONSOLE_MAPPING_HDR@@B 10047c28     ConEmuPluginBase.obj
 0003:00002c2c       ?gbStartedUnderConsole2@@3HA 10047c2c     ConEmuPluginBase.obj
 0003:00002c30       ?gnSelfPID@@3KA            10047c30     ConEmuPluginBase.obj
 0003:00002c34       ?ghFarInfoMapping@@3PAXA   10047c34     ConEmuPluginBase.obj
 0003:00002c38       ?gpFarInfo@@3PAUCEFAR_INFO_MAPPING@@A 10047c38     ConEmuPluginBase.obj
 0003:00002c3c       ?gpFarInfoMapping@@3PAUCEFAR_INFO_MAPPING@@A 10047c3c     ConEmuPluginBase.obj
 0003:00002c40       ?ghFarAliveEvent@@3PAXA    10047c40     ConEmuPluginBase.obj
 0003:00002c44       ?gPanelRegLeft@@3UPanelViewRegInfo@@A 10047c44     ConEmuPluginBase.obj
 0003:00002c5c       ?gPanelRegRight@@3UPanelViewRegInfo@@A 10047c5c     ConEmuPluginBase.obj
 0003:00002c74       ?ghConEmuCtrlPressed@@3PAXA 10047c74     ConEmuPluginBase.obj
 0003:00002c78       ?ghConEmuShiftPressed@@3PAXA 10047c78     ConEmuPluginBase.obj
 0003:00002c7c       ?gbWaitConsoleInputEmpty@@3HA 10047c7c     ConEmuPluginBase.obj
 0003:00002c80       ?gbWaitConsoleWrite@@3HA   10047c80     ConEmuPluginBase.obj
 0003:00002c84       ?ghConsoleInputEmpty@@3PAXA 10047c84     ConEmuPluginBase.obj
 0003:00002c88       ?ghConsoleWrite@@3PAXA     10047c88     ConEmuPluginBase.obj
 0003:00002c8c       ?gnSynchroCount@@3HA       10047c8c     ConEmuPluginBase.obj
 0003:00002ca4       ?AssertMsgBox@@3P6IHPB_WI0PAUHWND__@@_N@ZA 10047ca4     MAssert.obj
 0003:00002ca8       ?ghHeap@@3PAXA             10047ca8     Memory.obj
 0003:00002cac       ?gNullDesc@@3PAVMNullDesc@@A 10047cac     MSecurity.obj
 0003:00002cb0       ?gbNeedBgActivate@@3HA     10047cb0     PluginBackground.obj
 0003:00002cb4       ?gbBgPluginsAllowed@@3HA   10047cb4     PluginBackground.obj
 0003:00002cb8       ?gpBgPlugin@@3PAVCPluginBackground@@A 10047cb8     PluginBackground.obj
 0003:00002cc0       ?gszPluginServerPipe@@3PA_WA 10047cc0     PluginSrv.obj
 0003:00002ec8       ?gpPlugServer@@3PAU?$PipeServer@UCESERVER_REQ@@@@A 10047ec8     PluginSrv.obj
 0003:00002ecc       ?ghServerTerminateEvent@@3PAXA 10047ecc     PluginSrv.obj
 0003:00002ed0       ?gbForcedServerTermination@@3_NA 10047ed0     PluginSrv.obj
 0003:00002ed8       ?gpConsoleInfoStr@@3PAU_CONSOLE_INFO@@A 10047ed8     WConsole.obj
 0003:00002edc       ?ghConsoleSection@@3PAXA   10047edc     WConsole.obj
 0003:00002ee0       ?g_LastSetConsoleFont@@3UMY_CONSOLE_FONT_INFOEX@@A 10047ee0     WConsole.obj
 0003:00002f4c       ?gfnSearchAppPaths@@3P6I_NPB_WAAUCmdArg@@_NPAU1@@ZA 10047f4c     WObjects.obj
 0003:00002f50       ?gfVirtualAlloc@@3P6GPAXPAXKKK@ZA 10047f50     WObjects.obj
 0003:0000a3a8       ?g_ThreadsIdx@@3JA         1004f3a8     WThreads.obj
 0003:0000a3b4       __aenvptr                  1004f3b4     LIBCMT:dllcrt0.obj
 0003:0000a3b8       __wenvptr                  1004f3b8     LIBCMT:dllcrt0.obj
 0003:0000a3bc       ___error_mode              1004f3bc     LIBCMT:dllcrt0.obj
 0003:0000a3c0       ___app_type                1004f3c0     LIBCMT:dllcrt0.obj
 0003:0000a450       __umaskval                 1004f450     LIBCMT:crt0dat.obj
 0003:0000a454       __osplatform               1004f454     LIBCMT:crt0dat.obj
 0003:0000a458       __osver                    1004f458     LIBCMT:crt0dat.obj
 0003:0000a45c       __winver                   1004f45c     LIBCMT:crt0dat.obj
 0003:0000a460       __winmajor                 1004f460     LIBCMT:crt0dat.obj
 0003:0000a464       __winminor                 1004f464     LIBCMT:crt0dat.obj
 0003:0000a468       ___argc                    1004f468     LIBCMT:crt0dat.obj
 0003:0000a46c       ___argv                    1004f46c     LIBCMT:crt0dat.obj
 0003:0000a470       ___wargv                   1004f470     LIBCMT:crt0dat.obj
 0003:0000a474       __environ                  1004f474     LIBCMT:crt0dat.obj
 0003:0000a478       ___initenv                 1004f478     LIBCMT:crt0dat.obj
 0003:0000a47c       __wenviron                 1004f47c     LIBCMT:crt0dat.obj
 0003:0000a480       ___winitenv                1004f480     LIBCMT:crt0dat.obj
 0003:0000a484       __pgmptr                   1004f484     LIBCMT:crt0dat.obj
 0003:0000a488       __wpgmptr                  1004f488     LIBCMT:crt0dat.obj
 0003:0000a48c       __exitflag                 1004f48c     LIBCMT:crt0dat.obj
 0003:0000a490       __C_Termination_Done       1004f490     LIBCMT:crt0dat.obj
 0003:0000a494       __C_Exit_Done              1004f494     LIBCMT:crt0dat.obj
 0003:0000a498       _gpFlsAlloc                1004f498     LIBCMT:tidtable.obj
 0003:0000a49c       _gpFlsGetValue             1004f49c     LIBCMT:tidtable.obj
 0003:0000a4a0       _gpFlsSetValue             1004f4a0     LIBCMT:tidtable.obj
 0003:0000a4a4       _gpFlsFree                 1004f4a4     LIBCMT:tidtable.obj
 0003:0000a5b4       __crtheap                  1004f5b4     LIBCMT:heapinit.obj
 0003:0000aa20       ?__pInconsistency@@3P6AXXZA 1004fa20     LIBCMT:hooks.obj
 0003:0000aa40       ?_pnhHeap@@3P6AHI@ZA       1004fa40     LIBCMT:handler.obj
 0003:0000aa44       ___locale_changed          1004fa44     LIBCMT:setlocal.obj
 0003:0000aa48       ___lc_handle               1004fa48     LIBCMT:nlsdata2.obj
 0003:0000aa60       ___lc_codepage             1004fa60     LIBCMT:nlsdata2.obj
 0003:0000aa64       ___lc_collate_cp           1004fa64     LIBCMT:nlsdata2.obj
 0003:0000aa6c       ___mbulinfo                1004fa6c     LIBCMT:mbctype.obj
 0003:0000aa78       ___mbcodepage              1004fa78     LIBCMT:mbctype.obj
 0003:0000aa7c       ___ismbcodepage            1004fa7c     LIBCMT:mbctype.obj
 0003:0000aa80       ___mblcid                  1004fa80     LIBCMT:mbctype.obj
 0003:0000aa84       __maxwait                  1004fa84     LIBCMT:crtheap.obj
 0003:0000aa88       ___sbh_pHeaderDefer        1004fa88     LIBCMT:sbheap.obj
 0003:0000aa8c       __newmode                  1004fa8c     LIBCMT:_newmode.obj
 0003:0000adc0       ___lconv_static_null       1004fdc0     LIBCMT:lconv.obj
 0003:0000adc4       ___lconv_static_W_null     1004fdc4     LIBCMT:lconv.obj
 0003:0000ae94       ___sbh_initialized         1004fe94     <common>
 0003:0000ae98       ___sbh_cntHeaderList       1004fe98     <common>
 0003:0000ae9c       ___sbh_pHeaderList         1004fe9c     <common>
 0003:0000aea0       ___sbh_threshold           1004fea0     <common>
 0003:0000aea4       ___sbh_pHeaderScan         1004fea4     <common>
 0003:0000aea8       ___sbh_sizeHeaderList      1004fea8     <common>
 0003:0000aeac       ___sbh_indGroupDefer       1004feac     <common>
 0003:0000aeb0       ___setlc_active            1004feb0     <common>
 0003:0000aeb4       ___unguarded_readlc_active 1004feb4     <common>
 0003:0000aeb8       ___active_heap             1004feb8     <common>
 0003:0000aebc       __nhandle                  1004febc     <common>
 0003:0000aec0       ___pioinfo                 1004fec0     <common>
 0003:0000afc0       ___env_initialized         1004ffc0     <common>
 0003:0000afc4       ___onexitend               1004ffc4     <common>
 0003:0000afc8       ___onexitbegin             1004ffc8     <common>
 0003:0000afcc       ___mbctype_initialized     1004ffcc     <common>
 0003:0000afd0       __FPinit                   1004ffd0     <common>
 0003:0000afd4       ___initenv_end             1004ffd4     <common>
 0003:0000afd8       ___winitenv_end            1004ffd8     <common>
 0003:0000afdc       ___dyn_tls_init_callback   1004ffdc     <common>
 0003:0000afe0       __pDestructExceptionObject 1004ffe0     <common>
 0003:0000afe4       ___sse2_available          1004ffe4     <common>
 0003:0000afe8       __acmdln                   1004ffe8     <common>
 0003:0000afec       __pRawDllMain              1004ffec     <common>

 entry point at        0001:0002c7b5

 Static symbols

 0001:00000490       ?StringValidateDestW@@YGJPB_WII@Z 10001490 f   CmdArg.obj
 0001:000004c0       ?StringCopyWorkerW@@YGJPA_WIPAIPB_WI@Z 100014c0 f   CmdArg.obj
 0001:00003a00       ?StringValidateDestW@@YGJPB_WII@Z 10004a00 f   ConEmuCheck.obj
 0001:00003a30       ?StringCopyWorkerW@@YGJPA_WIPAIPB_WI@Z 10004a30 f   ConEmuCheck.obj
 0001:000055b0       ?StringValidateDestW@@YGJPB_WII@Z 100065b0 f   ConEmuCheckEx.obj
 0001:000055e0       ?StringCopyWorkerW@@YGJPA_WIPAIPB_WI@Z 100065e0 f   ConEmuCheckEx.obj
 0001:00005770       ?StringValidateDestAndLengthW@@YGJPB_WIPAII@Z 10006770 f   ConEmuCheckEx.obj
 0001:000057c0       ?StringLengthWorkerW@@YGJPB_WIPAI@Z 100067c0 f   ConEmuCheckEx.obj
 0001:00005de0       ?StringValidateDestW@@YGJPB_WII@Z 10006de0 f   ConEmuInjects.obj
 0001:00005e10       ?StringCopyWorkerW@@YGJPA_WIPAIPB_WI@Z 10006e10 f   ConEmuInjects.obj
 0001:00006870       ?ChangeExports@@YI_NPBUExportFunc@@PAUHINSTANCE__@@@Z 10007870 f   ConEmuPlugin.obj
 0001:000095b0       ?GetFarSetting@@YIHPAXIPB_W@Z 1000a5b0 f   ConEmuPlugin1900.obj
 0001:00009850       ?CallGuiMacroProc@@YIXXZ   1000a850 f   ConEmuPlugin1900.obj
 0001:00009c20       ?CallGuiMacroDlg@@YGHPAXHH0@Z 1000ac20 f   ConEmuPlugin1900.obj
 0001:0000a140       ?MAKEFARVERSION@@YI?AUVersionInfo@@KKKKW4VERSION_STAGE@@@Z 1000b140 f   ConEmuPlugin2800.obj
 0001:0000b870       ?WExists@@YIHABUWindowInfo@@ABV?$MArray@UWindowInfo@@@@@Z 1000c870 f   ConEmuPlugin2800.obj
 0001:0000c700       ?GetFarSetting@@YIHPAXIPB_W@Z 1000d700 f   ConEmuPlugin2800.obj
 0001:0000c9b0       ?CallGuiMacroProc@@YIXXZ   1000d9b0 f   ConEmuPlugin2800.obj
 0001:0000cd10       ?CallGuiMacroDlg@@YGHPAXHH0@Z 1000dd10 f   ConEmuPlugin2800.obj
 0001:0000d160       ?FreeMacroResult@@YGXPAXPAUFarMacroValue@@I@Z 1000e160 f   ConEmuPlugin2800.obj
 0001:0000f190       ?CallGuiMacroProc@@YIXXZ   10010190 f   ConEmuPlugin995.obj
 0001:0000f4f0       ?CallGuiMacroDlg@@YGJPAXHHJ@Z 100104f0 f   ConEmuPlugin995.obj
 0001:00011130       ?CallGuiMacroProc@@YIXXZ   10012130 f   ConEmuPluginA.obj
 0001:000114e0       ?CallGuiMacroDlg@@YGJPAXHHJ@Z 100124e0 f   ConEmuPluginA.obj
 0001:00011f10       ?LoadFarVersion@@YI_NAAUFarVersion@@AAY0CAA@_W@Z 10012f10 f   ConEmuPluginBase.obj
 0001:00011fb0       ?SetDefaultFarVersion@@YIXAAUFarVersion@@@Z 10012fb0 f   ConEmuPluginBase.obj
 0001:00012000       ?LoadFarVersion@@YI_NPB_WAAUFarVersion@@AAY0CAA@_W@Z 10013000 f   ConEmuPluginBase.obj
 0001:00012060       ?LoadAppVersion@@YI_NPB_WAAUtagVS_FIXEDFILEINFO@@AAY0CAA@_W@Z 10013060 f   ConEmuPluginBase.obj
 0001:00012250       ?ConvertVersionToFarVersion@@YIXABUtagVS_FIXEDFILEINFO@@AAUFarVersion@@@Z 10013250 f   ConEmuPluginBase.obj
 0001:0001a650       ?StringValidateDestW@@YGJPB_WII@Z 1001b650 f   ConEmuPluginBase.obj
 0001:0001a680       ?StringValidateDestAndLengthW@@YGJPB_WIPAII@Z 1001b680 f   ConEmuPluginBase.obj
 0001:0001a6d0       ?StringLengthWorkerW@@YGJPB_WIPAI@Z 1001b6d0 f   ConEmuPluginBase.obj
 0001:0001a740       ?StringCopyWorkerW@@YGJPA_WIPAIPB_WI@Z 1001b740 f   ConEmuPluginBase.obj
 0001:0001c1a0       ?StringValidateDestW@@YGJPB_WII@Z 1001d1a0 f   Execute.obj
 0001:0001c1d0       ?StringCopyWorkerW@@YGJPA_WIPAIPB_WI@Z 1001d1d0 f   Execute.obj
 0001:0001c520       ?StringValidateDestA@@YGJPBDII@Z 1001d520 f   Memory.obj
 0001:0001c550       ?StringCopyWorkerA@@YGJPADIPAIPBDI@Z 1001d550 f   Memory.obj
 0001:0001c670       ?StringValidateDestW@@YGJPB_WII@Z 1001d670 f   Memory.obj
 0001:0001c6a0       ?StringCopyWorkerW@@YGJPA_WIPAIPB_WI@Z 1001d6a0 f   Memory.obj
 0001:00021ce0       ?StringValidateDestW@@YGJPB_WII@Z 10022ce0 f   PluginBackground.obj
 0001:00021d10       ?StringCopyWorkerW@@YGJPA_WIPAIPB_WI@Z 10022d10 f   PluginBackground.obj
 0001:000243d0       ?StringValidateDestW@@YGJPB_WII@Z 100253d0 f   PluginSrv.obj
 0001:00024400       ?StringCopyWorkerW@@YGJPA_WIPAIPB_WI@Z 10025400 f   PluginSrv.obj
 0001:00027ed0       ?StringValidateDestW@@YGJPB_WII@Z 10028ed0 f   WObjects.obj
 0001:00027f00       ?StringCopyWorkerW@@YGJPA_WIPAIPB_WI@Z 10028f00 f   WObjects.obj
 0001:00028450       ?CheckRegKeyExist@@YI_NPAURegKeyExistArg@@@Z 10029450 f   WObjects.obj
 0001:00029840       ?StringValidateDestAndLengthW@@YGJPB_WIPAII@Z 1002a840 f   WObjects.obj
 0001:00029890       ?StringLengthWorkerW@@YGJPB_WIPAI@Z 1002a890 f   WObjects.obj
 0001:0002b590       ?StringValidateDestW@@YGJPB_WII@Z 1002c590 f   WUser.obj
 0001:0002b5c0       ?StringCopyWorkerW@@YGJPA_WIPAIPB_WI@Z 1002c5c0 f   WUser.obj
 0001:0002ba00       ?strtoxl@@YAKPB_WPAPA_WHH@Z 1002ca00 f   libCRT:strtol.obj
 0001:0002c56a       ___DllMainCRTStartup@12    1002d56a f   LIBCMT:dllcrt0.obj
 0001:0002c7cb       _has_osfxsr_set            1002d7cb f   LIBCMT:cpu_disp.obj
 0001:0002c8e4       __unwind_handler           1002d8e4 f   LIBCMT:exsup.obj
 0001:0002ca00       _ValidateScopeTableHandlers 1002da00 f   LIBCMT:eh3valid.obj
 0001:0002ce29       _xcptlookup                1002de29 f   LIBCMT:winxfltr.obj
 0001:0002d080       __initterm                 1002e080 f   LIBCMT:crt0dat.obj
 0001:0002d1e3       _doexit                    1002e1e3 f   LIBCMT:crt0dat.obj
 0001:0002df90       _parse_cmdline             1002ef90 f   LIBCMT:stdargv.obj
 0001:0002e5d0       _ValidateLocalCookies      1002f5d0 f   LIBCMT:chandler4.obj
 0001:0002eeee       _ctrlevent_capture@4       1002feee f   LIBCMT:winsig.obj
 0001:0002ef89       _siglookup                 1002ff89 f   LIBCMT:winsig.obj
 0001:0002f4f4       ___crtInitCritSecNoSpinCount@8 100304f4 f   LIBCMT:initcrit.obj
 0001:0002f8f1       __copytlocinfo_nolock      100308f1 f   LIBCMT:setlocal.obj
 0001:0002f917       __updatetlocinfoEx_nolock  10030917 f   LIBCMT:setlocal.obj
 0001:0002fa3a       _sync_legacy_variables_lk  10030a3a f   LIBCMT:setlocal.obj
 0001:0002fd94       __setlocale_get_all        10030d94 f   LIBCMT:setlocal.obj
 0001:00030177       __setlocale_set_cat        10031177 f   LIBCMT:setlocal.obj
 0001:00030475       __setlocale_nolock         10031475 f   LIBCMT:setlocal.obj
 0001:00030969       ?CPtoLCID@@YAHH@Z          10031969 f   LIBCMT:mbctype.obj
 0001:00030998       ?setSBCS@@YAXPAUthreadmbcinfostruct@@@Z 10031998 f   LIBCMT:mbctype.obj
 0001:000309fc       ?setSBUpLow@@YAXPAUthreadmbcinfostruct@@@Z 100319fc f   LIBCMT:mbctype.obj
 0001:00030cdb       ?getSystemCP@@YAHH@Z       10031cdb f   LIBCMT:mbctype.obj
 0001:00032319       ?x_ismbbtype_l@@YAHPAUlocaleinfo_struct@@IHH@Z 10033319 f   LIBCMT:ismbbyte.obj
 0001:000328dc       __unwind_handler4          100338dc f   LIBCMT:exsup4.obj
 0001:00032d8f       __get_lc_time              10033d8f f   LIBCMT:inittime.obj
 0001:00033980       _fix_grouping              10034980 f   LIBCMT:initnum.obj
 0001:00033c0f       _fix_grouping              10034c0f f   LIBCMT:initmon.obj
 0001:00034b46       ?_store_str@@YAXPADPAPADPAI@Z 10035b46 f   LIBCMT:_strftime.obj
 0001:00034b66       ?_store_number@@YAXHPAPADPAI@Z 10035b66 f   LIBCMT:_strftime.obj
 0001:00034b9c       ?_store_num@@YAXHHPAPADPAII@Z 10035b9c f   LIBCMT:_strftime.obj
 0001:00034c17       ?_expandtime@@YAHPAUlocaleinfo_struct@@DPBUtm@@PAPADPAIPAU__lc_time_data@@I@Z 10035c17 f   LIBCMT:_strftime.obj
 0001:00034fcb       ?_store_winword@@YAHPAUlocaleinfo_struct@@HPBUtm@@PAPADPAIPAU__lc_time_data@@@Z 10035fcb f   LIBCMT:_strftime.obj
 0001:0003576b       _TranslateName             1003676b f   LIBCMT:getqloc.obj
 0001:000357cd       _GetLcidFromDefault        100367cd f   LIBCMT:getqloc.obj
 0001:000357e1       _ProcessCodePage           100367e1 f   LIBCMT:getqloc.obj
 0001:0003585d       _TestDefaultCountry        1003685d f   LIBCMT:getqloc.obj
 0001:00035881       _LcidFromHexString         10036881 f   LIBCMT:getqloc.obj
 0001:000358b5       _GetPrimaryLen             100368b5 f   LIBCMT:getqloc.obj
 0001:000358d0       _CountryEnumProc@4         100368d0 f   LIBCMT:getqloc.obj
 0001:00035968       _TestDefaultLanguage       10036968 f   LIBCMT:getqloc.obj
 0001:000359df       _LangCountryEnumProc@4     100369df f   LIBCMT:getqloc.obj
 0001:00035be5       _LanguageEnumProc@4        10036be5 f   LIBCMT:getqloc.obj
 0001:00035ca6       _GetLcidFromCountry        10036ca6 f   LIBCMT:getqloc.obj
 0001:00035cd8       _GetLcidFromLangCountry    10036cd8 f   LIBCMT:getqloc.obj
 0001:00035d4d       _GetLcidFromLanguage       10036d4d f   LIBCMT:getqloc.obj
 0001:00035f8f       ?__crtGetStringTypeA_stat@@YAHPAUlocaleinfo_struct@@KPBDHPAGHHH@Z 10036f8f f   LIBCMT:_a_str.obj
 0001:0003624b       ?strncnt@@YAHPBDH@Z        1003724b f   LIBCMT:_a_map.obj
 0001:00036269       ?__crtLCMapStringA_stat@@YAHPAUlocaleinfo_struct@@KKPBDHPADHHH@Z 10037269 f   LIBCMT:_a_map.obj
 0001:00036db3       __tzset_nolock             10037db3 f   LIBCMT:tzset.obj
 0001:00037119       _cvtdate                   10038119 f   LIBCMT:tzset.obj
 0001:00037310       __isindst_nolock           10038310 f   LIBCMT:tzset.obj
 0001:00037bff       _xtoa_s@20                 10038bff f   LIBCMT:xtoas.obj
 0001:00037d43       @x64toa_s@24               10038d43 f   LIBCMT:xtoas.obj
 0001:00038257       ?__crtGetLocaleInfoA_stat@@YAHPAUlocaleinfo_struct@@KKPADHH@Z 10039257 f   LIBCMT:_a_loc.obj
 0001:00038465       __getenv_s_helper          10039465 f   LIBCMT:getenv.obj
 0001:000384ff       __dupenv_s_helper          100394ff f   LIBCMT:getenv.obj
 0001:00038a0b       ?strtoxlX@@YAKPAUlocaleinfo_struct@@PBDPAPBDHHH@Z 10039a0b f   LIBCMT:_strtol.obj
 0001:00038c74       ?strtoxl@@YAKPAUlocaleinfo_struct@@PBDPAPBDHH@Z 10039c74 f   LIBCMT:_strtol.obj
 0001:00038d25       ?strtoxq@@YA_KPAUlocaleinfo_struct@@PBDPAPBDHH@Z 10039d25 f   LIBCMT:_strtoq.obj
 0001:00039304       ?__crtGetStringTypeW_stat@@YAHPAUlocaleinfo_struct@@KPBGHPAGHH@Z 1003a304 f   LIBCMT:_w_str.obj
 0001:000396f4       ?strncnt@@YAHPBDH@Z        1003a6f4 f   LIBCMT:_a_cmp.obj
 0001:00039712       ?__crtCompareStringA_stat@@YAHPAUlocaleinfo_struct@@KKPBDH1HH@Z 1003a712 f   LIBCMT:_a_cmp.obj
 0001:00039be7       _findenv                   1003abe7 f   LIBCMT:setenv.obj
 0001:00039c39       _copy_environ              1003ac39 f   LIBCMT:setenv.obj
