 ConEmuTh

 Timestamp is 55dadaa1 (Mon Aug 24 11:49:37 2015)

 Preferred load address is 10000000

 Start         Length     Name                   Class
 0001:00000000 00014d52H .text                   CODE
 0002:00000000 00000318H .idata$5                DATA
 0002:00000318 00000004H .CRT$XCA                DATA
 0002:0000031c 00000004H .CRT$XCZ                DATA
 0002:00000320 00000004H .CRT$XIA                DATA
 0002:00000324 00000008H .CRT$XIC                DATA
 0002:0000032c 00000004H .CRT$XIZ                DATA
 0002:00000330 00000004H .CRT$XPA                DATA
 0002:00000334 00000004H .CRT$XPZ                DATA
 0002:00000338 00000004H .CRT$XTA                DATA
 0002:0000033c 00000004H .CRT$XTZ                DATA
 0002:00000340 000026c4H .rdata                  DATA
 0002:00002a08 00000374H .xdata$x                DATA
 0002:00002d7c 0000008cH .idata$2                DATA
 0002:00002e08 00000014H .idata$3                DATA
 0002:00002e1c 00000318H .idata$4                DATA
 0002:00003134 00000d72H .idata$6                DATA
 0002:00003eb0 00000168H .edata                  DATA
 0003:00000000 00000e10H .data                   DATA
 0003:00000e20 0002962cH .bss                    DATA
 0004:00000000 000000e8H .rsrc$01                DATA
 0004:000000f0 000013a8H .rsrc$02                DATA

  Address         Publics by Value              Rva+Base       Lib:Object

 0000:00000000       __except_list              00000000     <absolute>
 0000:00000000       ___safe_se_handler_count   00000000     <absolute>
 0000:00000000       ___safe_se_handler_table   00000000     <absolute>
 0000:00000000       ___ImageBase               10000000     <linker-defined>
 0001:00000000       ?GetBuffer@CmdArg@@QAEPA_WH@Z 10001000 f   CmdArg.obj
 0001:00000079       ?Empty@CmdArg@@QAEXXZ      10001079 f   CmdArg.obj
 0001:0000009b       ?IsEmpty@CmdArg@@QAE_NXZ   1000109b f   CmdArg.obj
 0001:000000ae       ?StringCchCopyNW@@YGJPA_WIPB_WI@Z 100010ae f i CmdArg.obj
 0001:0000012a       ??0CmdArg@@QAE@XZ          1000112a f   CmdArg.obj
 0001:00000140       ??1CmdArg@@QAE@XZ          10001140 f   CmdArg.obj
 0001:00000176       ?AttachInt@CmdArg@@AAEPB_WAAPA_W@Z 10001176 f   CmdArg.obj
 0001:000001b4       ?Set@CmdArg@@QAEPB_WPB_WH@Z 100011b4 f   CmdArg.obj
 0001:00000215       ?SavePathVar@CmdArg@@QAEXPB_W@Z 10001215 f   CmdArg.obj
 0001:00000240       ?Attach@CmdArg@@QAEPB_WPA_W@Z 10001240 f   CmdArg.obj
 0001:0000024d       ?PointToName@@YIPB_WPB_W@Z 1000124d f   CmdLine.obj
 0001:00000288       ?PointToExt@@YIPB_WPB_W@Z  10001288 f   CmdLine.obj
 0001:0000029d       ?Unquote@@YIPB_WPA_W_N@Z   1000129d f   CmdLine.obj
 0001:000002e0       ?CommonShutdown@@YIXXZ     100012e0 f   Common.obj
 0001:0000034a       ?ExecutePrepareCmd@@YIXPAUCESERVER_REQ_HDR@@KI@Z 1000134a f   ConEmuCheck.obj
 0001:000003ad       ?ExecuteFreeResult@@YIXAAPAUCESERVER_REQ@@@Z 100013ad f   ConEmuCheck.obj
 0001:000003be       ?StringCchCopyW@@YGJPA_WIPB_W@Z 100013be f i ConEmuCheck.obj
 0001:000003f0       ?ExecutePrepareCmd@@YIXPAUCESERVER_REQ@@KI@Z 100013f0 f   ConEmuCheck.obj
 0001:0000041e       ?ExecuteNewCmd@@YIPAUCESERVER_REQ@@KI@Z 1000141e f   ConEmuCheck.obj
 0001:00000458       ?ModuleName@@YIPB_WPB_W@Z  10001458 f   ConEmuCheck.obj
 0001:000004e0       ?ExecuteOpenPipe@@YIPAXPB_WAAY0CAI@_W0KKHPAXH@Z 100014e0 f   ConEmuCheck.obj
 0001:0000062f       ?ExecuteCmd@@YIPAUCESERVER_REQ@@PB_WPAU1@KPAUHWND__@@HKH@Z 1000162f f   ConEmuCheck.obj
 0001:0000078e       ?ExecuteGuiCmd@@YIPAUCESERVER_REQ@@PAUHWND__@@PAU1@0H@Z 1000178e f   ConEmuCheck.obj
 0001:00000a46       _GetMinFarVersionW@0       10001a46 f   ConEmuTh.obj
 0001:00000a4c       ?GetPluginInfoWcmn@@YGXPAX@Z 10001a4c f   ConEmuTh.obj
 0001:00000a79       ?GetMainThreadId@@YIKXZ    10001a79 f   ConEmuTh.obj
 0001:00000c1b       ?LoadFarVersion@@YIHXZ     10001c1b f   ConEmuTh.obj
 0001:00000c66       ?OpenW@@YGPAXPBUOpenInfo@@@Z 10001c66 f   ConEmuTh.obj
 0001:00000c95       ?ShowMessage@@YIHHH@Z      10001c95 f   ConEmuTh.obj
 0001:00000ccd       ?GetMsgW@@YIPB_WH@Z        10001ccd f   ConEmuTh.obj
 0001:00000d06       ?PostMacro@@YIXPA_W@Z      10001d06 f   ConEmuTh.obj
 0001:00000e3a       ?ShowPluginMenu@@YIHXZ     10001e3a f   ConEmuTh.obj
 0001:00000e72       ?CheckPanelSettings@@YIHH@Z 10001e72 f   ConEmuTh.obj
 0001:00000eaa       ?LoadPanelItemInfo@@YIXPAUCeFullPanelInfo@@H@Z 10001eaa f   ConEmuTh.obj
 0001:00000ee2       ?GetActivePanel@@YIPAUCeFullPanelInfo@@XZ 10001ee2 f   ConEmuTh.obj
 0001:00000f23       ?ResetUngetBuffer@@YIXXZ   10001f23 f   ConEmuTh.obj
 0001:00000f32       ?OnPreReadConsole@@YGHPAXPAU_INPUT_RECORD@@KPAKPAH@Z 10001f32 f   ConEmuTh.obj
 0001:00000f4e       ?ShowLastError@@YIHXZ      10001f4e f   ConEmuTh.obj
 0001:00000fbb       ?GetFocusedThumbnails@@YIPAUCeFullPanelInfo@@XZ 10001fbb f   ConEmuTh.obj
 0001:00001006       ?CheckWindows@@YI_NXZ      10002006 f   ConEmuTh.obj
 0001:0000107d       ?CheckVarsInitialized@@YIXXZ 1000207d f   ConEmuTh.obj
 0001:00001192       ?ExecuteInMainThread@@YIXPAUConEmuThSynchroArg@@@Z 10002192 f   ConEmuTh.obj
 0001:000011fe       ?GetFarRect@@YIHPAU_SMALL_RECT@@@Z 100021fe f   ConEmuTh.obj
 0001:0000126c       ?SettingsLoad@@YIHPB_WPAK@Z 1000226c f   ConEmuTh.obj
 0001:000012a4       ?SettingsLoadReg@@YIHPB_W0PAK@Z 100022a4 f   ConEmuTh.obj
 0001:00001306       ?SettingsSave@@YIXPB_WPAK@Z 10002306 f   ConEmuTh.obj
 0001:0000133e       ?SettingsSaveReg@@YIXPB_W0PAK@Z 1000233e f   ConEmuTh.obj
 0001:0000138a       ?SavePanelViewState@@YIXHK@Z 1000238a f   ConEmuTh.obj
 0001:000013b7       ?isPreloadByDefault@@YI_NXZ 100023b7 f   ConEmuTh.obj
 0001:000013df       ?FreeUserData@CePluginPanelItem@@QAEXXZ 100023df f   ConEmuTh.obj
 0001:00001420       ?FreeItem@CePluginPanelItem@@QAEXXZ 10002420 f   ConEmuTh.obj
 0001:00001435       ??0?$MFileMapping@UPanelViewSetMapping@@@@QAE@XZ 10002435 f i ConEmuTh.obj
 0001:00001435       ??0?$MFileMapping@Utag_DetectedDialog@@@@QAE@XZ 10002435 f i ConEmuTh.obj
 0001:00001459       ?ClosePtr@?$MFileMapping@Utag_DetectedDialog@@@@QAEXXZ 10002459 f i ConEmuTh.obj
 0001:00001459       ?ClosePtr@?$MFileMapping@UPanelViewSetMapping@@@@QAEXXZ 10002459 f i ConEmuTh.obj
 0001:00001470       _DllMain@12                10002470 f   ConEmuTh.obj
 0001:00001515       ?ReloadResourcesW@@YIXXZ   10002515 f   ConEmuTh.obj
 0001:00001578       ?ReloadPanelsInfo@@YIXXZ   10002578 f   ConEmuTh.obj
 0001:000016ce       ?OnPreWriteConsoleOutput@@YGHPAXPBU_CHAR_INFO@@U_COORD@@2PAU_SMALL_RECT@@@Z 100026ce f   ConEmuTh.obj
 0001:000017e1       ?IsThumbnailsActive@@YIPAUCeFullPanelInfo@@H@Z 100027e1 f   ConEmuTh.obj
 0001:00001979       ?SettingsLoadOther@@YIXPB_W@Z 10002979 f   ConEmuTh.obj
 0001:00001a73       ?SetFrom@?$MFileMapping@Utag_DetectedDialog@@@@QAE_NPBUtag_DetectedDialog@@H@Z 10002a73 f i ConEmuTh.obj
 0001:00001ac3       ?CloseMap@?$MFileMapping@UPanelViewSetMapping@@@@QAEXXZ 10002ac3 f i ConEmuTh.obj
 0001:00001ac3       ?CloseMap@?$MFileMapping@Utag_DetectedDialog@@@@QAEXXZ 10002ac3 f i ConEmuTh.obj
 0001:00001af7       ?ProcessConsoleInput@@YIHHPAU_INPUT_RECORD@@KPAK@Z 10002af7 f   ConEmuTh.obj
 0001:00001d9a       ?UpdateEnvVar@@YIXH@Z      10002d9a f   ConEmuTh.obj
 0001:00001dba       ?InitName@?$MFileMapping@UPanelViewSetMapping@@@@QAEPB_WPB_WKK@Z 10002dba f i ConEmuTh.obj
 0001:00001dba       ?InitName@?$MFileMapping@Utag_DetectedDialog@@@@QAEPB_WPB_WKK@Z 10002dba f i ConEmuTh.obj
 0001:00001dea       ?InternalOpenCreate@?$MFileMapping@Utag_DetectedDialog@@@@IAEPAUtag_DetectedDialog@@HHH@Z 10002dea f i ConEmuTh.obj
 0001:00001f01       ?InternalOpenCreate@?$MFileMapping@UPanelViewSetMapping@@@@IAEPAUPanelViewSetMapping@@HHH@Z 10002f01 f i ConEmuTh.obj
 0001:00002018       ??_G?$MFileMapping@Utag_DetectedDialog@@@@QAEPAXI@Z 10003018 f i ConEmuTh.obj
 0001:00002039       ?OnPostPeekConsole@@YGHPAXPAU_INPUT_RECORD@@KPAKPAH@Z 10003039 f   ConEmuTh.obj
 0001:00002076       ?OnPostReadConsole@@YGHPAXPAU_INPUT_RECORD@@KPAKPAH@Z 10003076 f   ConEmuTh.obj
 0001:000020b4       ?ExitPlugin@@YIXXZ         100030b4 f   ConEmuTh.obj
 0001:000021ad       _ExitFARW@0                100031ad f   ConEmuTh.obj
 0001:000021d4       ?ExitFARW3@@YGXPAX@Z       100031d4 f   ConEmuTh.obj
 0001:00002202       ?OnReadyForPanelsReload@@YIXXZ 10003202 f   ConEmuTh.obj
 0001:0000231c       ?ProcessSynchroEventCommon@@YIHHPAX@Z 1000331c f   ConEmuTh.obj
 0001:0000245c       _ProcessSynchroEventW@8    1000345c f   ConEmuTh.obj
 0001:0000246c       ?LoadThSet@@YIHK@Z         1000346c f   ConEmuTh.obj
 0001:000025c7       ?CheckConEmu@@YIHH@Z       100035c7 f   ConEmuTh.obj
 0001:000026a1       ?StartPlugin@@YIXH@Z       100036a1 f   ConEmuTh.obj
 0001:000027b5       ?OnPrePeekConsole@@YGHPAXPAU_INPUT_RECORD@@KPAKPAH@Z 100037b5 f   ConEmuTh.obj
 0001:00002858       ?EntryPoint@@YIXHH_N@Z     10003858 f   ConEmuTh.obj
 0001:000029d4       _SetStartupInfoW@4         100039d4 f   ConEmuTh.obj
 0001:00002a28       ?OpenPluginWcmn@@YIPAXHH_N@Z 10003a28 f   ConEmuTh.obj
 0001:00002a69       ?GetStdIndex@Far3Color@@SIHKPBK@Z 10003a69 f i ConEmuTh1900.obj
 0001:00002a83       ?Color2FgIndex@Far3Color@@SIXKAAGPBK@Z 10003a83 f i ConEmuTh1900.obj
 0001:00002b52       ?Color2BgIndex@Far3Color@@SIXKHAAGPBK@Z 10003b52 f i ConEmuTh1900.obj
 0001:00002c38       ?FarColor_3_2@@YIEABUFarColor@@@Z 10003c38 f i ConEmuTh1900.obj
 0001:00002cc9       ?GetPluginInfoW1900@@YIXPAX@Z 10003cc9 f   ConEmuTh1900.obj
 0001:00002d1a       ?SetStartupInfoW1900@@YIXPAX@Z 10003d1a f   ConEmuTh1900.obj
 0001:00002e08       ?OpenW1900@@YIPAXPBX@Z     10003e08 f   ConEmuTh1900.obj
 0001:00002e60       ?ExitFARW1900@@YIXXZ       10003e60 f   ConEmuTh1900.obj
 0001:00002e8f       ?ShowMessageW1900@@YIHPB_WH@Z 10003e8f f   ConEmuTh1900.obj
 0001:00002eff       ?ShowMessageW1900@@YIHHH@Z 10003eff f   ConEmuTh1900.obj
 0001:00002f2f       ?GetMsgW1900@@YIPB_WH@Z    10003f2f f   ConEmuTh1900.obj
 0001:00002f4e       ?PostMacroW1900@@YIXPA_W@Z 10003f4e f   ConEmuTh1900.obj
 0001:00002fb3       ?ShowPluginMenuW1900@@YIHXZ 10003fb3 f   ConEmuTh1900.obj
 0001:0000314c       ?LoadPanelItemInfoW1900@@YIXPAUCeFullPanelInfo@@H@Z 1000414c f   ConEmuTh1900.obj
 0001:0000340c       ?LoadPanelInfoW1900@@YIHH@Z 1000440c f   ConEmuTh1900.obj
 0001:0000381b       ?ReloadPanelsInfoW1900@@YIXXZ 1000481b f   ConEmuTh1900.obj
 0001:00003834       ?SetCurrentPanelItemW1900@@YIXHHH@Z 10004834 f   ConEmuTh1900.obj
 0001:0000390c       ?CheckPanelSettingsW1900@@YIHH@Z 1000490c f   ConEmuTh1900.obj
 0001:000039ad       ?ExecuteInMainThreadW1900@@YIXPAUConEmuThSynchroArg@@@Z 100049ad f   ConEmuTh1900.obj
 0001:000039c4       ?GetFarRectW1900@@YIXPAU_SMALL_RECT@@@Z 100049c4 f   ConEmuTh1900.obj
 0001:000039f2       ?CheckFarPanelsW1900@@YI_NXZ 100049f2 f   ConEmuTh1900.obj
 0001:00003a36       ?SettingsLoadW1900@@YIHPB_WPAK@Z 10004a36 f   ConEmuTh1900.obj
 0001:00003acb       ?SettingsSaveW1900@@YIXPB_WPAK@Z 10004acb f   ConEmuTh1900.obj
 0001:00003b65       __initp_misc_winxfltr      10004b65 f   libcmt:winxfltr.obj
 0001:00003b65       ?OnThreadStopped@?$CQueueProcessor@PAUIMAGE_CACHE_INFO@@@@MAEXXZ 10004b65 f   ImgCache.obj
 0001:00003b65       ?SettingsLoadOtherW1900@@YIXXZ 10004b65 f   ConEmuTh1900.obj
 0001:00003b65       ?LoadPanelItemInfoA@@YIXPAUCeFullPanelInfo@@H@Z 10004b65 f   ConEmuThA.obj
 0001:00003b65       ?SettingsLoadOtherW2800@@YIXXZ 10004b65 f   ConEmuTh2800.obj
 0001:00003b66       ?IsFarLua@FarVersion@@QBE_NXZ 10004b66 f i ConEmuTh2800.obj
 0001:00003b81       _GetGlobalInfoW@4          10004b81 f   ConEmuTh2800.obj
 0001:00003c14       ?GetPluginInfoW2800@@YIXPAX@Z 10004c14 f   ConEmuTh2800.obj
 0001:00003c65       ?SetStartupInfoW2800@@YIXPAX@Z 10004c65 f   ConEmuTh2800.obj
 0001:00003d53       ?ProcessSynchroEventW3@@YGHPAX@Z 10004d53 f   ConEmuTh2800.obj
 0001:00003d65       ?ExitFARW2800@@YIXXZ       10004d65 f   ConEmuTh2800.obj
 0001:00003d94       ?ShowMessageW2800@@YIHPB_WH@Z 10004d94 f   ConEmuTh2800.obj
 0001:00003e04       ?ShowMessageW2800@@YIHHH@Z 10004e04 f   ConEmuTh2800.obj
 0001:00003e34       ?GetMsgW2800@@YIPB_WH@Z    10004e34 f   ConEmuTh2800.obj
 0001:00003e53       ?PostMacroW2800@@YIXPA_W@Z 10004e53 f   ConEmuTh2800.obj
 0001:00003eba       ?ShowPluginMenuW2800@@YIHXZ 10004eba f   ConEmuTh2800.obj
 0001:00004053       ?FreePanelItemUserData2800@@YIXPAXKP6GHXZ@Z 10005053 f   ConEmuTh2800.obj
 0001:0000407c       ?LoadPanelItemInfoW2800@@YIXPAUCeFullPanelInfo@@H@Z 1000507c f   ConEmuTh2800.obj
 0001:00004378       ?LoadPanelInfoW2800@@YIHH@Z 10005378 f   ConEmuTh2800.obj
 0001:00004787       ?ReloadPanelsInfoW2800@@YIXXZ 10005787 f   ConEmuTh2800.obj
 0001:000047a0       ?SetCurrentPanelItemW2800@@YIXHHH@Z 100057a0 f   ConEmuTh2800.obj
 0001:00004872       ?SetCurrentPanelItemW2800Int@@YIXHHH@Z 10005872 f   ConEmuTh2800.obj
 0001:00004946       ?CheckPanelSettingsW2800@@YIHH@Z 10005946 f   ConEmuTh2800.obj
 0001:000049e7       ?ExecuteInMainThreadW2800@@YIXPAUConEmuThSynchroArg@@@Z 100059e7 f   ConEmuTh2800.obj
 0001:000049fe       ?GetFarRectW2800@@YIXPAU_SMALL_RECT@@@Z 100059fe f   ConEmuTh2800.obj
 0001:00004a2c       ?CheckFarPanelsW2800@@YI_NXZ 10005a2c f   ConEmuTh2800.obj
 0001:00004a8a       ?SettingsLoadW2800@@YIHPB_WPAK@Z 10005a8a f   ConEmuTh2800.obj
 0001:00004b15       ?SettingsSaveW2800@@YIXPB_WPAK@Z 10005b15 f   ConEmuTh2800.obj
 0001:00004ba5       ?OpenW2800@@YIPAXPBX@Z     10005ba5 f   ConEmuTh2800.obj
 0001:00004c47       ?GetPluginInfoW995@@YIXPAX@Z 10005c47 f   ConEmuTh995.obj
 0001:00004c9f       ?SetStartupInfoW995@@YIXPAX@Z 10005c9f f   ConEmuTh995.obj
 0001:00004de4       _OpenPluginW@8             10005de4 f   ConEmuTh995.obj
 0001:00004e14       ?ExitFARW995@@YIXXZ        10005e14 f   ConEmuTh995.obj
 0001:00004e5a       ?ShowMessageW995@@YIHPB_WH@Z 10005e5a f   ConEmuTh995.obj
 0001:00004e7f       ?ShowMessageW995@@YIHHH@Z  10005e7f f   ConEmuTh995.obj
 0001:00004ead       ?GetMsgW995@@YIPB_WH@Z     10005ead f   ConEmuTh995.obj
 0001:00004eca       ?PostMacroW995@@YIXPA_W@Z  10005eca f   ConEmuTh995.obj
 0001:00004f1d       ?ShowPluginMenuW995@@YIHXZ 10005f1d f   ConEmuTh995.obj
 0001:0000503b       ?LoadPanelItemInfoW995@@YIXPAUCeFullPanelInfo@@H@Z 1000603b f   ConEmuTh995.obj
 0001:00005180       ?LoadPanelInfo995@@YIHH@Z  10006180 f   ConEmuTh995.obj
 0001:00005434       ?ReloadPanelsInfoW995@@YIXXZ 10006434 f   ConEmuTh995.obj
 0001:0000544d       ?SetCurrentPanelItemW995@@YIXHHH@Z 1000644d f   ConEmuTh995.obj
 0001:00005514       ?CheckPanelSettingsW995@@YIHH@Z 10006514 f   ConEmuTh995.obj
 0001:00005570       ?ExecuteInMainThreadW995@@YIXPAUConEmuThSynchroArg@@@Z 10006570 f   ConEmuTh995.obj
 0001:00005583       ?GetFarRectW995@@YIXPAU_SMALL_RECT@@@Z 10006583 f   ConEmuTh995.obj
 0001:000055ad       ?CheckFarPanelsW995@@YI_NXZ 100065ad f   ConEmuTh995.obj
 0001:000055f2       ?SettingsLoadW995@@YIHPB_WPAK@Z 100065f2 f   ConEmuTh995.obj
 0001:00005603       ?SettingsSaveW995@@YIXPB_WPAK@Z 10006603 f   ConEmuTh995.obj
 0001:00005614       ?SettingsLoadOtherW995@@YIXXZ 10006614 f   ConEmuTh995.obj
 0001:0000561f       _GetMinFarVersion@0        1000661f f   ConEmuThA.obj
 0001:0000564e       _GetPluginInfo@4           1000664e f   ConEmuThA.obj
 0001:000056af       _ExitFAR@0                 100066af f   ConEmuThA.obj
 0001:000056fa       ?ShowMessageA@@YIHPBDH@Z   100066fa f   ConEmuThA.obj
 0001:00005729       ?ShowMessageA@@YIHHH@Z     10006729 f   ConEmuThA.obj
 0001:00005761       ?PostMacroA@@YIXPAD@Z      10006761 f   ConEmuThA.obj
 0001:000057b9       ?ShowPluginMenuA@@YIHXZ    100067b9 f   ConEmuThA.obj
 0001:00005939       ?GetMsgA@@YIPB_WHPA_W@Z    10006939 f   ConEmuThA.obj
 0001:000059d9       ?LoadPanelInfoA@@YIHH@Z    100069d9 f   ConEmuThA.obj
 0001:00005d30       ?ReloadPanelsInfoA@@YIXXZ  10006d30 f   ConEmuThA.obj
 0001:00005d49       ?SetCurrentPanelItemA@@YIXHHH@Z 10006d49 f   ConEmuThA.obj
 0001:00005e21       ?CheckPanelSettingsA@@YIHH@Z 10006e21 f   ConEmuThA.obj
 0001:00005e89       ?CheckFarPanelsA@@YI_NXZ   10006e89 f   ConEmuThA.obj
 0001:00005eec       ?SettingsLoadA@@YIHPB_WPAK@Z 10006eec f   ConEmuThA.obj
 0001:00005efd       ?SettingsSaveA@@YIXPB_WPAK@Z 10006efd f   ConEmuThA.obj
 0001:00005f0e       ?SettingsLoadOtherA@@YIXXZ 10006f0e f   ConEmuThA.obj
 0001:00005f19       ?ReloadResourcesA@@YIXXZ   10006f19 f   ConEmuThA.obj
 0001:00005fa4       _SetStartupInfo@4          10006fa4 f   ConEmuThA.obj
 0001:00006114       _OpenPlugin@8              10007114 f   ConEmuThA.obj
 0001:00006137       ?GetIndexFromWndCoord@CeFullPanelInfo@@QAEHHHAAH@Z 10007137 f   Display.obj
 0001:000061ae       ?GetConCoordFromIndex@CeFullPanelInfo@@QAEHHAAU_COORD@@@Z 100071ae f   Display.obj
 0001:00006244       ?LoadItemColors@CeFullPanelInfo@@QAEXHPAUCePluginPanelItem@@PAUCePluginPanelItemColor@@HH@Z 10007244 f   Display.obj
 0001:0000646c       ?GetItemColors@CeFullPanelInfo@@QAEPAUHBRUSH__@@HPAUCePluginPanelItem@@PAUCePluginPanelItemColor@@HAAK2@Z 1000746c f   Display.obj
 0001:000064c6       ?CalcTopPanelItem@CeFullPanelInfo@@QAEHHH@Z 100074c6 f   Display.obj
 0001:00006574       ?DisplayReloadPanel@CeFullPanelInfo@@QAEXXZ 10007574 f   Display.obj
 0001:00006597       ?UnregisterPanelView@CeFullPanelInfo@@QAEH_N@Z 10007597 f   Display.obj
 0001:00006694       ?RequestSetPos@CeFullPanelInfo@@QAEXHHH@Z 10007694 f   Display.obj
 0001:0000674b       ?ReallocItems@CeFullPanelInfo@@QAEHH@Z 1000774b f   Display.obj
 0001:0000686e       ?FarItem2CeItem@CeFullPanelInfo@@QAEHHPB_W0KU_FILETIME@@_KHPAXKP6GHXZ2K@Z 1000786e f   Display.obj
 0001:00006b33       ?BisItem2CeItem@CeFullPanelInfo@@QAEHHH_KKKHH@Z 10007b33 f   Display.obj
 0001:00006bbe       ?DrawItemText@CeFullPanelInfo@@QAEHPAUHDC__@@PAUtagRECT@@1PAUCePluginPanelItem@@PB_WPAUHBRUSH__@@H@Z 10007bbe f   Display.obj
 0001:00007069       ?Close@CeFullPanelInfo@@QAEXXZ 10008069 f   Display.obj
 0001:0000709d       ?FinalRelease@CeFullPanelInfo@@QAEXXZ 1000809d f   Display.obj
 0001:00007167       ?PaintItem@CeFullPanelInfo@@QAEHPAUHDC__@@HHHPAUCePluginPanelItem@@PAUCePluginPanelItemColor@@HHPAUHBRUSH__@@3K@Z 10008167 f   Display.obj
 0001:00007589       ?Invalidate@CeFullPanelInfo@@QAEXXZ 10008589 f   Display.obj
 0001:000075cc       ?Paint@CeFullPanelInfo@@QAEXPAUHWND__@@AAUtagPAINTSTRUCT@@AAUtagRECT@@@Z 100085cc f   Display.obj
 0001:00007ce3       ?OnSettingsChanged@CeFullPanelInfo@@QAEHH@Z 10008ce3 f   Display.obj
 0001:00007d74       ?DisplayWndProc@CeFullPanelInfo@@SGJPAUHWND__@@IIJ@Z 10008d74 f   Display.obj
 0001:0000821c       ?InvalidateAll@CeFullPanelInfo@@SIXXZ 1000921c f   Display.obj
 0001:0000825a       ?RegisterPanelView@CeFullPanelInfo@@QAEHXZ 1000925a f   Display.obj
 0001:000084cc       ?CreateView@CeFullPanelInfo@@QAEPAUHWND__@@XZ 100094cc f   Display.obj
 0001:00008785       ?DisplayThread@CeFullPanelInfo@@SGKPAX@Z 10009785 f   Display.obj
 0001:00008879       ?LoadModules@CImgCache@@IAEXXZ 10009879 f   ImgCache.obj
 0001:00008abf       ?FreeModules@CImgCache@@IAEXXZ 10009abf f   ImgCache.obj
 0001:00008b7a       ?SetCacheLocation@CImgCache@@QAEXPB_W@Z 10009b7a f   ImgCache.obj
 0001:00008bd6       ?CheckLoadDibCreated@CImgCache@@IAEHXZ 10009bd6 f   ImgCache.obj
 0001:00008ce2       ?CheckDrawDibCreated@CImgCache@@IAEHXZ 10009ce2 f   ImgCache.obj
 0001:00008dee       ?FindInCache@CImgCache@@IAEHPAUCePluginPanelItem@@PAHI@Z 10009dee f   ImgCache.obj
 0001:00008f8b       ?CopyBits@CImgCache@@IAEXU_COORD@@PAEK01@Z 10009f8b f   ImgCache.obj
 0001:00008fe3       ?LoadShellIcon@CImgCache@@QAEHPAUIMAGE_CACHE_INFO@@H@Z 10009fe3 f   ImgCache.obj
 0001:0000926c       ?LoadThumbnail@CImgCache@@QAEHPAUIMAGE_CACHE_INFO@@@Z 1000a26c f   ImgCache.obj
 0001:0000978e       ??0?$CQueueProcessor@PAUIMAGE_CACHE_INFO@@@@QAE@XZ 1000a78e f i ImgCache.obj
 0001:000097df       ?IsStopRequested@?$CQueueProcessor@PAUIMAGE_CACHE_INFO@@@@UAE_NABQAUIMAGE_CACHE_INFO@@@Z 1000a7df f i ImgCache.obj
 0001:000097f0       ?ProcessItem@?$CQueueProcessor@PAUIMAGE_CACHE_INFO@@@@MAEJAAPAUIMAGE_CACHE_INFO@@J@Z 1000a7f0 f i ImgCache.obj
 0001:000097f8       ?ApplyChanges@?$CQueueProcessor@PAUIMAGE_CACHE_INFO@@@@MAEXAAPAUIMAGE_CACHE_INFO@@ABQAU2@@Z 1000a7f8 f i ImgCache.obj
 0001:000097f8       ?OnItemFailed@?$CQueueProcessor@PAUIMAGE_CACHE_INFO@@@@MAEXAAPAUIMAGE_CACHE_INFO@@J@Z 1000a7f8 f i ImgCache.obj
 0001:000097f8       ?OnItemReady@?$CQueueProcessor@PAUIMAGE_CACHE_INFO@@@@MAEXAAPAUIMAGE_CACHE_INFO@@J@Z 1000a7f8 f i ImgCache.obj
 0001:000097fb       ?IsTerminationRequested@?$CQueueProcessor@PAUIMAGE_CACHE_INFO@@@@MAE_NXZ 1000a7fb f i ImgCache.obj
 0001:000097fb       ?IsTerminationRequested@CImgLoader@@UAE_NXZ 1000a7fb f i ImgCache.obj
 0001:000097ff       ?OnThreadStarted@?$CQueueProcessor@PAUIMAGE_CACHE_INFO@@@@MAEJXZ 1000a7ff f i ImgCache.obj
 0001:00009802       ?CopyItem@?$CQueueProcessor@PAUIMAGE_CACHE_INFO@@@@MAEXPBQAUIMAGE_CACHE_INFO@@PAPAU2@@Z 1000a802 f i ImgCache.obj
 0001:0000981e       ?IsEqual@?$CQueueProcessor@PAUIMAGE_CACHE_INFO@@@@MAE_NABQAUIMAGE_CACHE_INFO@@J0J@Z 1000a81e f i ImgCache.obj
 0001:00009854       ?FreeItem@?$CQueueProcessor@PAUIMAGE_CACHE_INFO@@@@MAEXABQAUIMAGE_CACHE_INFO@@@Z 1000a854 f i ImgCache.obj
 0001:00009857       ?ClearQueue@?$CQueueProcessor@PAUIMAGE_CACHE_INFO@@@@AAEXXZ 1000a857 f i ImgCache.obj
 0001:000098b4       ?InitializeQueue@?$CQueueProcessor@PAUIMAGE_CACHE_INFO@@@@AAEXH@Z 1000a8b4 f i ImgCache.obj
 0001:00009925       ?CheckWaitingCount@?$CQueueProcessor@PAUIMAGE_CACHE_INFO@@@@AAEXXZ 1000a925 f i ImgCache.obj
 0001:0000995c       ?ProcessItem@?$CQueueProcessor@PAUIMAGE_CACHE_INFO@@@@IAEJPAUProcessingItem@1@@Z 1000a95c f i ImgCache.obj
 0001:0000999d       ??0CImgCache@@QAE@PAUHINSTANCE__@@@Z 1000a99d f   ImgCache.obj
 0001:00009a9d       ?PaintItem@CImgCache@@QAEHPAUHDC__@@HHHPAUCePluginPanelItem@@PAPB_WPAH@Z 1000aa9d f   ImgCache.obj
 0001:00009ecb       ?Terminate@?$CQueueProcessor@PAUIMAGE_CACHE_INFO@@@@QAEXK@Z 1000aecb f i ImgCache.obj
 0001:00009f16       ?FindOrCreate@?$CQueueProcessor@PAUIMAGE_CACHE_INFO@@@@AAEPAUProcessingItem@1@ABQAUIMAGE_CACHE_INFO@@J_NW4ProcessingPriority@@@Z 1000af16 f i ImgCache.obj
 0001:0000a082       ?ProcessingStep@?$CQueueProcessor@PAUIMAGE_CACHE_INFO@@@@IAE_NXZ 1000b082 f i ImgCache.obj
 0001:0000a1f3       ??$SafeDelete@UMSectionSimple@@@@YIXAAPAUMSectionSimple@@@Z 1000b1f3 f i ImgCache.obj
 0001:0000a211       ?Reset@CImgCache@@QAEXXZ   1000b211 f   ImgCache.obj
 0001:0000a356       ?Init@CImgCache@@QAEXK@Z   1000b356 f   ImgCache.obj
 0001:0000a39a       ??1?$CQueueProcessor@PAUIMAGE_CACHE_INFO@@@@UAE@XZ 1000b39a f i ImgCache.obj
 0001:0000a3f0       ?ProcessingThread@?$CQueueProcessor@PAUIMAGE_CACHE_INFO@@@@KGKPAX@Z 1000b3f0 f i ImgCache.obj
 0001:0000a413       ??1CImgCache@@QAE@XZ       1000b413 f   ImgCache.obj
 0001:0000a4a6       ?OnThreadStarted@CImgLoader@@UAEJXZ 1000b4a6 f i ImgCache.obj
 0001:0000a4b1       ?OnThreadStopped@CImgLoader@@UAEXXZ 1000b4b1 f i ImgCache.obj
 0001:0000a4b7       ?IsEqual@CImgLoader@@UAE_NAAPBUIMAGE_CACHE_INFO@@JAAPAU2@J@Z 1000b4b7 f i ImgCache.obj
 0001:0000a4d9       ?CheckHighPriority@CImgLoader@@UAE_NAAPBUIMAGE_CACHE_INFO@@@Z 1000b4d9 f i ImgCache.obj
 0001:0000a4d9       ?CheckHighPriority@?$CQueueProcessor@PAUIMAGE_CACHE_INFO@@@@MAE_NABQAUIMAGE_CACHE_INFO@@@Z 1000b4d9 f i ImgCache.obj
 0001:0000a4de       ?ProcessItem@CImgLoader@@UAEJAAPAUIMAGE_CACHE_INFO@@J@Z 1000b4de f i ImgCache.obj
 0001:0000a523       ?CheckThread@?$CQueueProcessor@PAUIMAGE_CACHE_INFO@@@@IAEJXZ 1000b523 f i ImgCache.obj
 0001:0000a5b3       ??_GCImgLoader@@UAEPAXI@Z  1000b5b3 f i ImgCache.obj
 0001:0000a5b3       ??_E?$CQueueProcessor@PAUIMAGE_CACHE_INFO@@@@UAEPAXI@Z 1000b5b3 f i ImgCache.obj
 0001:0000a5b3       ??_G?$CQueueProcessor@PAUIMAGE_CACHE_INFO@@@@UAEPAXI@Z 1000b5b3 f i ImgCache.obj
 0001:0000a5b3       ??_ECImgLoader@@UAEPAXI@Z  1000b5b3 f i ImgCache.obj
 0001:0000a5cf       ?RequestItem@?$CQueueProcessor@PAUIMAGE_CACHE_INFO@@@@QAEJ_NW4ProcessingPriority@@QAUIMAGE_CACHE_INFO@@J@Z 1000b5cf f i ImgCache.obj
 0001:0000a673       ?RequestItem@CImgCache@@QAEHPAUCePluginPanelItem@@I@Z 1000b673 f   ImgCache.obj
 0001:0000a714       ?HeapInitialize@@YI_NXZ    1000b714 f   Memory.obj
 0001:0000a73a       ?HeapDeinitialize@@YIXXZ   1000b73a f   Memory.obj
 0001:0000a752       ?xf_malloc@@YAPAXI@Z       1000b752 f   Memory.obj
 0001:0000a765       ?xf_calloc@@YAPAXII@Z      1000b765 f   Memory.obj
 0001:0000a77e       ?xf_realloc@@YAPAXPAXI@Z   1000b77e f   Memory.obj
 0001:0000a7a3       ?xf_free@@YAXPAX@Z         1000b7a3 f   Memory.obj
 0001:0000a7c1       ??_U@YAPAXI@Z              1000b7c1 f   Memory.obj
 0001:0000a7c1       ??2@YAPAXI@Z               1000b7c1 f   Memory.obj
 0001:0000a7c6       ??3@YAXPAX@Z               1000b7c6 f   Memory.obj
 0001:0000a7c6       ??_V@YAXPAX@Z              1000b7c6 f   Memory.obj
 0001:0000a7cb       ?lstrdup@@YIPA_WPB_WI@Z    1000b7cb f   Memory.obj
 0001:0000a80e       ?lstrmerge@@YIPA_WPB_W0000@Z 1000b80e f   Memory.obj
 0001:0000a8a4       ??0MSection@@QAE@XZ        1000b8a4 f   MSection.obj
 0001:0000a909       ??1MSection@@QAE@XZ        1000b909 f   MSection.obj
 0001:0000a964       ?AddRef@MSection@@IAEXK@Z  1000b964 f   MSection.obj
 0001:0000a9c2       ?ReleaseRef@MSection@@IAEHK@Z 1000b9c2 f   MSection.obj
 0001:0000aa2b       ?WaitUnlocked@MSection@@IAEXKK@Z 1000ba2b f   MSection.obj
 0001:0000aa86       ?MyEnterCriticalSection@MSection@@IAE_NK@Z 1000ba86 f   MSection.obj
 0001:0000ab70       ?Lock@MSection@@IAEHHK@Z   1000bb70 f   MSection.obj
 0001:0000ac35       ?Unlock@MSection@@IAEXH@Z  1000bc35 f   MSection.obj
 0001:0000ac6f       ??0MSectionLock@@QAE@XZ    1000bc6f f   MSection.obj
 0001:0000ac7c       ?Lock@MSectionLock@@QAEHPAVMSection@@HK@Z 1000bc7c f   MSection.obj
 0001:0000acc6       ?Unlock@MSectionLock@@QAEXXZ 1000bcc6 f   MSection.obj
 0001:0000ace3       ??1MSectionLock@@QAE@XZ    1000bce3 f   MSection.obj
 0001:0000acfc       ?Init@MSectionSimple@@QAEXXZ 1000bcfc f   MSectionSimple.obj
 0001:0000ad12       ?Close@MSectionSimple@@QAEXXZ 1000bd12 f   MSectionSimple.obj
 0001:0000ad28       ?Enter@MSectionSimple@@QAEXXZ 1000bd28 f   MSectionSimple.obj
 0001:0000ad30       ?Leave@MSectionSimple@@QAEXXZ 1000bd30 f   MSectionSimple.obj
 0001:0000ad38       ?TryEnter@MSectionSimple@@QAE_NXZ 1000bd38 f   MSectionSimple.obj
 0001:0000ad57       ?RecreateAndLock@MSectionSimple@@QAE_NXZ 1000bd57 f   MSectionSimple.obj
 0001:0000ada2       ??0MSectionLockSimple@@QAE@XZ 1000bda2 f   MSectionSimple.obj
 0001:0000adac       ?Unlock@MSectionLockSimple@@QAEXXZ 1000bdac f   MSectionSimple.obj
 0001:0000adc8       ??0MSectionSimple@@QAE@_N@Z 1000bdc8 f   MSectionSimple.obj
 0001:0000adf1       ??1MSectionSimple@@QAE@XZ  1000bdf1 f   MSectionSimple.obj
 0001:0000adf6       ??1MSectionLockSimple@@QAE@XZ 1000bdf6 f   MSectionSimple.obj
 0001:0000ae02       ?Lock@MSectionLockSimple@@QAEHPAUMSectionSimple@@K@Z 1000be02 f   MSectionSimple.obj
 0001:0000ae6e       ?UnloadAdvApi@MNullDesc@@IAEXXZ 1000be6e f i MSecurity.obj
 0001:0000ae85       ??0MNullDesc@@QAE@XZ       1000be85 f i MSecurity.obj
 0001:0000aea7       ??1MNullDesc@@QAE@XZ       1000bea7 f i MSecurity.obj
 0001:0000aedf       ?LoadAdvApi@MNullDesc@@IAEHXZ 1000bedf f i MSecurity.obj
 0001:0000b012       ?LocalSecurity@MNullDesc@@QAEPAU_SECURITY_ATTRIBUTES@@XZ 1000c012 f i MSecurity.obj
 0001:0000b14b       ?LocalSecurity@@YIPAU_SECURITY_ATTRIBUTES@@XZ 1000c14b f   MSecurity.obj
 0001:0000b179       ?ShutdownSecurity@@YIXXZ   1000c179 f   MSecurity.obj
 0001:0000b19b       ?msprintf@@YAPB_WPA_WIPB_WZZ 1000c19b f   MStrSafe.obj
 0001:0000b50a       _wmemcmp                   1000c50a f i RgnDetect.obj
 0001:0000b53b       ??0CRgnDetect@@QAE@XZ      1000c53b f   RgnDetect.obj
 0001:0000b602       ??1CRgnDetect@@QAE@XZ      1000c602 f   RgnDetect.obj
 0001:0000b64b       ?GetDetectedDialogsPtr@CRgnDetect@@QBEPBUtag_DetectedDialog@@XZ 1000c64b f   RgnDetect.obj
 0001:0000b64f       ?GetFlags@CRgnDetect@@QBEKXZ 1000c64f f   RgnDetect.obj
 0001:0000b656       ?FindFrameRight_ByBottom@CRgnDetect@@IAE_NPA_WPAUtag_CharAttr@@HHAAH22@Z 1000c656 f   RgnDetect.obj
 0001:0000b706       ?FindFrameLeft_ByBottom@CRgnDetect@@IAE_NPA_WPAUtag_CharAttr@@HHAAH22@Z 1000c706 f   RgnDetect.obj
 0001:0000b7af       ?FindFrameTop_ByLeft@CRgnDetect@@IAE_NPA_WPAUtag_CharAttr@@HHAAH22@Z 1000c7af f   RgnDetect.obj
 0001:0000b834       ?FindFrameTop_ByRight@CRgnDetect@@IAE_NPA_WPAUtag_CharAttr@@HHAAH22@Z 1000c834 f   RgnDetect.obj
 0001:0000b8e7       ?FindFrameBottom_ByRight@CRgnDetect@@IAE_NPA_WPAUtag_CharAttr@@HHAAH22@Z 1000c8e7 f   RgnDetect.obj
 0001:0000b999       ?FindFrameBottom_ByLeft@CRgnDetect@@IAE_NPA_WPAUtag_CharAttr@@HHAAH22@Z 1000c999 f   RgnDetect.obj
 0001:0000ba23       ?FindDialog_Inner@CRgnDetect@@IAE_NPA_WPAUtag_CharAttr@@HHAAH2@Z 1000ca23 f   RgnDetect.obj
 0001:0000bb39       ?FindFrame_TopLeft@CRgnDetect@@IAE_NPA_WPAUtag_CharAttr@@HHAAH222@Z 1000cb39 f   RgnDetect.obj
 0001:0000bbf9       ?ExpandDialogFrame@CRgnDetect@@IAE_NPA_WPAUtag_CharAttr@@HHAAH2HH22@Z 1000cbf9 f   RgnDetect.obj
 0001:0000beab       ?FindByBackground@CRgnDetect@@IAE_NPA_WPAUtag_CharAttr@@HHAAH222AA_N@Z 1000ceab f   RgnDetect.obj
 0001:0000bf7b       ?MarkDialog@CRgnDetect@@IAEHPA_WPAUtag_CharAttr@@HHHHHH_N2K@Z 1000cf7b f   RgnDetect.obj
 0001:0000c650       ?OnWindowSizeChanged@CRgnDetect@@QAEXXZ 1000d650 f   RgnDetect.obj
 0001:0000c658       ?OnWriteConsoleOutput@CRgnDetect@@QAEXPBU_CHAR_INFO@@U_COORD@@1PAU_SMALL_RECT@@PBK@Z 1000d658 f   RgnDetect.obj
 0001:0000c893       ?SetFarRect@CRgnDetect@@QAEXPAU_SMALL_RECT@@@Z 1000d893 f   RgnDetect.obj
 0001:0000c924       ?TextWidth@CRgnDetect@@QAEHXZ 1000d924 f   RgnDetect.obj
 0001:0000c949       ?TextHeight@CRgnDetect@@QAEHXZ 1000d949 f   RgnDetect.obj
 0001:0000c96e       ?GetCharAttr@CRgnDetect@@QAEHHHAA_WAAUtag_CharAttr@@@Z 1000d96e f   RgnDetect.obj
 0001:0000c9e2       ?FindFrameRight_ByTop@CRgnDetect@@IAE_NPA_WPAUtag_CharAttr@@HHAAH22@Z 1000d9e2 f   RgnDetect.obj
 0001:0000caca       ?FindFrameLeft_ByTop@CRgnDetect@@IAE_NPA_WPAUtag_CharAttr@@HHAAH22@Z 1000daca f   RgnDetect.obj
 0001:0000cbde       ?FindDialog_TopLeft@CRgnDetect@@IAE_NPA_WPAUtag_CharAttr@@HHAAH222AA_N@Z 1000dbde f   RgnDetect.obj
 0001:0000cc64       ?FindDialog_TopRight@CRgnDetect@@IAE_NPA_WPAUtag_CharAttr@@HHAAH222AA_N@Z 1000dc64 f   RgnDetect.obj
 0001:0000ccf7       ?FindDialog_Left@CRgnDetect@@IAE_NPA_WPAUtag_CharAttr@@HHAAH222AA_N@Z 1000dcf7 f   RgnDetect.obj
 0001:0000ce3c       ?FindDialog_Right@CRgnDetect@@IAE_NPA_WPAUtag_CharAttr@@HHAAH222AA_N@Z 1000de3c f   RgnDetect.obj
 0001:0000cf02       ?FindDialog_Any@CRgnDetect@@IAE_NPA_WPAUtag_CharAttr@@HHAAH222AA_N@Z 1000df02 f   RgnDetect.obj
 0001:0000d0cb       ?DetectDialog@CRgnDetect@@IAE_NPA_WPAUtag_CharAttr@@HHHHPAH2@Z 1000e0cb f   RgnDetect.obj
 0001:0000d336       ?InitializeSBI@CRgnDetect@@QAEHPBK@Z 1000e336 f   RgnDetect.obj
 0001:0000d667       ?PrepareTransparent@CRgnDetect@@QAEXPBUCEFAR_INFO_MAPPING@@PBKPBU_CONSOLE_SCREEN_BUFFER_INFO@@PA_WPAUtag_CharAttr@@HH@Z 1000e667 f   RgnDetect.obj
 0001:0000dcf4       ?PrepareTransparent@CRgnDetect@@QAEXPBUCEFAR_INFO_MAPPING@@PBK@Z 1000ecf4 f   RgnDetect.obj
 0001:0000dd97       ?SearchAppPaths@@YI_NPB_WAAUCmdArg@@_NPAU1@@Z 1000ed97 f   WFiles.obj
 0001:0000e086       ?FileExists@@YI_NPB_WPAK@Z 1000f086 f   WObjects.obj
 0001:0000e19e       ?IsWindows64@@YI_NXZ       1000f19e f   WObjects.obj
 0001:0000e204       ?isTerminalMode@@YI_NXZ    1000f204 f   WObjects.obj
 0001:0000e3ff       ?ExpandEnvStr@@YIPA_WPB_W@Z 1000f3ff f   WObjects.obj
 0001:0000e47a       ?GetEnvVar@@YIPA_WPB_W@Z   1000f47a f   WObjects.obj
 0001:0000e4e9       ?apiTerminateThreadEx@@YIHPAXKPBDH@Z 1000f4e9 f   WThreads.obj
 0001:0000e5a3       ?SetThreadName@@YIXKPAD@Z  1000f5a3 f   WThreads.obj
 0001:0000e5eb       ?apiThreadHelper@@YGKPAX@Z 1000f5eb f   WThreads.obj
 0001:0000e6c2       ?apiCreateThread@@YIPAXP6GKPAX@Z0PAKPBDH@Z 1000f6c2 f   WThreads.obj
 0001:0000e7b1       ?apiShowWindow@@YI_NPAUHWND__@@H@Z 1000f7b1 f   WUser.obj
 0001:0000e7c0       _wcschr                    1000f7c0 f   libCRT:strchr.obj
 0001:0000e7f0       _wcsrchr                   1000f7f0 f   libCRT:strrchr.obj
 0001:0000e820       _wcspbrk                   1000f820 f   libCRT:strpbrk.obj
 0001:0000e870       _strrchr                   1000f870 f   libCRT:strrchr.obj
 0001:0000e8a0       _memmove                   1000f8a0 f   libCRT:memmove.obj
 0001:0000e900       _memset                    1000f900 f   libCRT:memset.obj
 0001:0000e940       __allshr                   1000f940 f   libCRT:vc_llshr.obj
 0001:0000e970       __alldiv                   1000f970 f   libCRT:vc_lldiv.obj
 0001:0000ea20       __allmul                   1000fa20 f   libCRT:vc_llmul.obj
 0001:0000ea60       _strchr                    1000fa60 f   libCRT:strchr.obj
 0001:0000ea76       _VerQueryValueW@16         1000fa76 f   version:VERSION.dll
 0001:0000ea7c       _GetFileVersionInfoW@16    1000fa7c f   version:VERSION.dll
 0001:0000ea82       _GetFileVersionInfoSizeW@8 1000fa82 f   version:VERSION.dll
 0001:0000ea90       __ftol2_sse                1000fa90 f   libcmt:ftol2.obj
 0001:0000ea99       __ftol2_pentium4           1000fa99 f   libcmt:ftol2.obj
 0001:0000eaac       __ftol2_sse_excpt          1000faac f   libcmt:ftol2.obj
 0001:0000eac6       __ftol2                    1000fac6 f   libcmt:ftol2.obj
 0001:0000eb3c       __SEH_prolog               1000fb3c f   libcmt:sehprolg.obj
 0001:0000eb77       __SEH_epilog               1000fb77 f   libcmt:sehprolg.obj
 0001:0000eb90       __except_handler3          1000fb90 f   libcmt:exsup3.obj
 0001:0000ec8e       __seh_longjmp_unwind@4     1000fc8e f   libcmt:exsup3.obj
 0001:0000eca9       ___CppXcptFilter           1000fca9 f i libcmt:dllcrt0.obj
 0001:0000ecc9       ___CRT_INIT@12             1000fcc9 f   libcmt:dllcrt0.obj
 0001:0000ee75       __CRT_INIT@12              1000fe75 f   libcmt:dllcrt0.obj
 0001:0000f0d6       __DllMainCRTStartup@12     100100d6 f   libcmt:dllcrt0.obj
 0001:0000f13c       __get_sse2_info            1001013c f   libcmt:cpu_disp.obj
 0001:0000f19e       ___sse2_available_init     1001019e f   libcmt:cpu_disp.obj
 0001:0000f1ab       _CallDestructExceptionObject 100101ab f   libcmt:calldtor.obj
 0001:0000f1e4       __global_unwind2           100101e4 f   libcmt:exsup.obj
 0001:0000f249       __local_unwind2            10010249 f   libcmt:exsup.obj
 0001:0000f2cd       __abnormal_termination     100102cd f   libcmt:exsup.obj
 0001:0000f2f0       __NLG_Notify1              100102f0 f   libcmt:exsup.obj
 0001:0000f2f9       __NLG_Notify               100102f9 f   libcmt:exsup.obj
 0001:0000f310       __NLG_Dispatch2            10010310     libcmt:exsup.obj
 0001:0000f310       __NLG_Dispatch             10010310     libcmt:exsup.obj
 0001:0000f318       __NLG_Call                 10010318 f   libcmt:exsup.obj
 0001:0000f31a       __NLG_Return2              1001031a     libcmt:exsup.obj
 0001:0000f3e0       __ValidateEH3RN            100103e0 f   libcmt:eh3valid.obj
 0001:0000f748       __XcptFilter               10010748 f   libcmt:winxfltr.obj
 0001:0000f8a8       __initterm_e               100108a8 f i libcmt:crt0dat.obj
 0001:0000f8cc       __amsg_exit                100108cc f   libcmt:crt0dat.obj
 0001:0000f8f5       ___crtCorExitProcess       100108f5 f   libcmt:crt0dat.obj
 0001:0000f920       ___crtExitProcess          10010920 f   libcmt:crt0dat.obj
 0001:0000f955       __get_osplatform           10010955 f   libcmt:crt0dat.obj
 0001:0000f991       __get_winmajor             10010991 f   libcmt:crt0dat.obj
 0001:0000f9d2       __cinit                    100109d2 f   libcmt:crt0dat.obj
 0001:0000fb28       __exit                     10010b28 f   libcmt:crt0dat.obj
 0001:0000fb3e       __cexit                    10010b3e f   libcmt:crt0dat.obj
 0001:0000fb4d       __init_pointers            10010b4d f   libcmt:crt0dat.obj
 0001:0000fb8f       __encode_pointer           10010b8f f   libcmt:tidtable.obj
 0001:0000fc02       __encoded_null             10010c02 f   libcmt:tidtable.obj
 0001:0000fc0b       __decode_pointer           10010c0b f   libcmt:tidtable.obj
 0001:0000fc7e       ___crtTlsAlloc@4           10010c7e f   libcmt:tidtable.obj
 0001:0000fc87       ___set_flsgetvalue         10010c87 f   libcmt:tidtable.obj
 0001:0000fcb1       __mtterm                   10010cb1 f   libcmt:tidtable.obj
 0001:0000fcee       __initptd                  10010cee f   libcmt:tidtable.obj
 0001:0000fdb6       __getptd_noexit            10010db6 f   libcmt:tidtable.obj
 0001:0000fe32       __getptd                   10010e32 f   libcmt:tidtable.obj
 0001:0000fe4c       __freefls@4                10010e4c f   libcmt:tidtable.obj
 0001:0000ff98       __freeptd                  10010f98 f   libcmt:tidtable.obj
 0001:00010006       __mtinit                   10011006 f   libcmt:tidtable.obj
 0001:00010180       _free                      10011180 f   libcmt:free.obj
 0001:0001020e       __calloc_impl              1001120e f   libcmt:calloc.obj
 0001:0001032c       _calloc                    1001132c f   libcmt:calloc.obj
 0001:0001036d       __ioinit                   1001136d f   libcmt:ioinit.obj
 0001:000105a7       __ioterm                   100115a7 f   libcmt:ioinit.obj
 0001:000105f5       __setenvp                  100115f5 f   libcmt:stdenvp.obj
 0001:000106fb       _ULongLongToULong          100116fb f i libcmt:stdargv.obj
 0001:00010726       _ULongAdd                  10011726 f i libcmt:stdargv.obj
 0001:0001092f       __setargv                  1001192f f   libcmt:stdargv.obj
 0001:00010a1e       ___crtGetEnvironmentStringsA 10011a1e f   libcmt:a_env.obj
 0001:00010b55       ___heap_select             10011b55 f   libcmt:heapinit.obj
 0001:00010bb2       __heap_init                10011bb2 f   libcmt:heapinit.obj
 0001:00010c12       __heap_term                10011c12 f   libcmt:heapinit.obj
 0001:00010c86       @__security_check_cookie@4 10011c86 f   libcmt:secchk.obj
 0001:00010c96       ___security_init_cookie    10011c96 f   libcmt:gs_support.obj
 0001:00010d28       __SEH_prolog4              10011d28 f   libcmt:sehprolg4.obj
 0001:00010d6d       __SEH_epilog4              10011d6d f   libcmt:sehprolg4.obj
 0001:00010d90       __except_handler4          10011d90 f   libcmt:chandler4.obj
 0001:00010f20       __ValidateImageBase        10011f20 f   libcmt:pesect.obj
 0001:00010f60       __FindPESection            10011f60 f   libcmt:pesect.obj
 0001:00010fa4       __IsNonwritableInCurrentImage 10011fa4 f   libcmt:pesect.obj
 0001:00011010       __NMSG_WRITE               10012010 f   libcmt:crt0msg.obj
 0001:00011195       __FF_MSGBANNER             10012195 f   libcmt:crt0msg.obj
 0001:000111ce       __mtinitlocks              100121ce f   libcmt:mlock.obj
 0001:0001121f       __mtdeletelocks            1001221f f   libcmt:mlock.obj
 0001:00011276       __unlock                   10012276 f   libcmt:mlock.obj
 0001:0001128d       __mtinitlocknum            1001228d f   libcmt:mlock.obj
 0001:00011350       __lock                     10012350 f   libcmt:mlock.obj
 0001:00011383       __invoke_watson            10012383 f   libcmt:invarg.obj
 0001:00011429       __invalid_parameter        10012429 f   libcmt:invarg.obj
 0001:00011434       __get_errno_from_oserr     10012434 f   libcmt:dosmap.obj
 0001:00011476       __errno                    10012476 f   libcmt:dosmap.obj
 0001:00011489       __initp_misc_cfltcvt_tab   10012489 f   libcmt:cmiscdat.obj
 0001:000114aa       ?terminate@@YAXXZ          100124aa f   libcmt:hooks.obj
 0001:000114e3       __initp_eh_hooks           100124e3 f   libcmt:hooks.obj
 0001:000114f4       __initp_misc_winsig        100124f4 f   libcmt:winsig.obj
 0001:00011549       ___get_sigabrt             10012549 f   libcmt:winsig.obj
 0001:00011556       _raise                     10012556 f   libcmt:winsig.obj
 0001:00011706       __initp_misc_rand_s        10012706 f   libcmt:rand_s.obj
 0001:00011715       __initp_misc_initcrit      10012715 f   libcmt:initcrit.obj
 0001:00011739       ___crtInitCritSecAndSpinCount 10012739 f   libcmt:initcrit.obj
 0001:0001180d       ___crtInitCritSecAndSpinCountEx 1001280d f   libcmt:initcrit.obj
 0001:00011821       __initp_heap_handler       10012821 f   libcmt:handler.obj
 0001:00011830       __callnewh                 10012830 f   libcmt:handler.obj
 0001:00011858       ___freetlocinfo            10012858 f   libcmt:setlocal.obj
 0001:000119a1       ___addlocaleref            100129a1 f   libcmt:setlocal.obj
 0001:00011a30       ___removelocaleref         10012a30 f   libcmt:setlocal.obj
 0001:00011b07       ___updatetlocinfo          10012b07 f   libcmt:setlocal.obj
 0001:00011da8       ___updatetmbcinfo          10012da8 f   libcmt:mbctype.obj
 0001:00011e53       ??0_LocaleUpdate@@QAE@PAUlocaleinfo_struct@@@Z 10012e53 f i libcmt:mbctype.obj
 0001:00011f70       __setmbcp_nolock           10012f70 f   libcmt:mbctype.obj
 0001:00012127       __setmbcp                  10013127 f   libcmt:mbctype.obj
 0001:000122c1       ___initmbctable            100132c1 f   libcmt:mbctype.obj
 0001:000122df       __calloc_crt               100132df f   libcmt:crtheap.obj
 0001:0001232b       ___sbh_heap_init           1001332b f   libcmt:sbheap.obj
 0001:00012379       ___sbh_find_block          10013379 f   libcmt:sbheap.obj
 0001:000123a9       ___sbh_free_block          100133a9 f   libcmt:sbheap.obj
 0001:000126bf       ___sbh_alloc_new_region    100136bf f   libcmt:sbheap.obj
 0001:0001276f       ___sbh_alloc_new_group     1001376f f   libcmt:sbheap.obj
 0001:00012877       ___sbh_alloc_block         10013877 f   libcmt:sbheap.obj
 0001:00012b5c       _strcpy_s                  10013b5c f   libcmt:strcpy_s.obj
 0001:00012c17       __ismbblead                10013c17 f   libcmt:ismbbyte.obj
 0001:00012c2f       _V6_HeapAlloc              10013c2f f   libcmt:malloc.obj
 0001:00012c7e       _malloc                    10013c7e f   libcmt:malloc.obj
 0001:00012d50       _memcpy                    10013d50 f   libcmt:memcpy.obj
 0001:000130b5       ___report_gsfailure        100140b5 f   libcmt:gs_report.obj
 0001:00013198       __local_unwind4            10014198 f   libcmt:exsup4.obj
 0001:0001326e       __seh_longjmp_unwind4@4    1001426e f   libcmt:exsup4.obj
 0001:0001328a       @_EH4_CallFilterFunc@8     1001428a f   libcmt:exsup4.obj
 0001:000132a1       @_EH4_TransferToHandler@8  100142a1 f   libcmt:exsup4.obj
 0001:000132ba       @_EH4_GlobalUnwind@4       100142ba f   libcmt:exsup4.obj
 0001:000132d4       @_EH4_LocalUnwind@16       100142d4 f   libcmt:exsup4.obj
 0001:000132eb       ___crtMessageBoxA          100142eb f   libcmt:crtmbox.obj
 0001:0001348d       _strcat_s                  1001448d f   libcmt:strcat_s.obj
 0001:00013501       __set_error_mode           10014501 f   libcmt:errmode.obj
 0001:0001354c       __fptrap                   1001454c f   libcmt:crt0fp.obj
 0001:00013555       _abort                     10014555 f   libcmt:abort.obj
 0001:0001366c       ___free_lc_time            1001466c f   libcmt:inittime.obj
 0001:000139e3       ___free_lconv_num          100149e3 f   libcmt:initnum.obj
 0001:00013a4c       ___free_lconv_mon          10014a4c f   libcmt:initmon.obj
 0001:00013b4a       __MarkAllocaS              10014b4a f i libcmt:_strftime.obj
 0001:00013b60       __freea                    10014b60 f i libcmt:_strftime.obj
 0001:00013b80       _strcspn                   10014b80 f   libcmt:strcspn.obj
 0001:00013d80       ___crtGetStringTypeA       10014d80 f   libcmt:_a_str.obj
 0001:00014276       ___crtLCMapStringA         10015276 f   libcmt:_a_map.obj
 0001:00014343       __VEC_memcpy               10015343 f   libcmt:p4_memcpy.obj
 0001:00014430       ___ascii_stricmp           10015430 f   libcmt:_stricmp.obj
 0001:0001447e       __isleadbyte_l             1001547e f i libcmt:__wctype.obj
 0001:000144c0       __alloca_probe_16          100154c0 f   libcmt:alloca16.obj
 0001:000144d6       __alloca_probe_8           100154d6     libcmt:alloca16.obj
 0001:000144ec       _atol                      100154ec f   libcmt:atox.obj
 0001:0001450e       ___ansicp                  1001550e f   libcmt:convrtcp.obj
 0001:00014557       ___convertcp               10015557 f   libcmt:convrtcp.obj
 0001:00014711       __resetstkoflw             10015711 f   libcmt:resetstk.obj
 0001:00014878       __SEH_prolog4_GS           10015878 f   libcmt:sehprolg4gs.obj
 0001:000148c0       __SEH_epilog4_GS           100158c0 f   libcmt:sehprolg4gs.obj
 0001:000148d0       __alloca_probe             100158d0     libcmt:chkstk.obj
 0001:000148d0       __chkstk                   100158d0 f   libcmt:chkstk.obj
 0001:00014b36       _strtolX                   10015b36 f   libcmt:_strtol.obj
 0001:00014b70       ___ascii_strnicmp          10015b70 f   libcmt:_strnicm.obj
 0001:00014be0       __aulldvrm                 10015be0 f   libcmt:ulldvrm.obj
 0001:00014c75       __isctype_l                10015c75 f   libcmt:_isctype.obj
 0001:00014d2e       _Thread32Next@8            10015d2e f   kernel32:KERNEL32.dll
 0001:00014d34       _Thread32First@8           10015d34 f   kernel32:KERNEL32.dll
 0001:00014d3a       _CreateToolhelp32Snapshot@8 10015d3a f   kernel32:KERNEL32.dll
 0001:00014d40       _Process32NextW@8          10015d40 f   kernel32:KERNEL32.dll
 0001:00014d46       _Process32FirstW@8         10015d46 f   kernel32:KERNEL32.dll
 0001:00014d4c       _RtlUnwind@16              10015d4c f   kernel32:KERNEL32.dll
 0002:00000000       __imp__RegCreateKeyExW@36  10016000     advapi32:ADVAPI32.dll
 0002:00000004       __imp__RegSetValueExW@24   10016004     advapi32:ADVAPI32.dll
 0002:00000008       __imp__RegOpenKeyExW@20    10016008     advapi32:ADVAPI32.dll
 0002:0000000c       __imp__RegQueryValueExW@24 1001600c     advapi32:ADVAPI32.dll
 0002:00000010       __imp__RegCloseKey@4       10016010     advapi32:ADVAPI32.dll
 0002:00000014       \177ADVAPI32_NULL_THUNK_DATA 10016014     advapi32:ADVAPI32.dll
 0002:00000018       __imp__CreateCompatibleBitmap@12 10016018     gdi32:GDI32.dll
 0002:0000001c       __imp__CreateCompatibleDC@4 1001601c     gdi32:GDI32.dll
 0002:00000020       __imp__CreateFontW@56      10016020     gdi32:GDI32.dll
 0002:00000024       __imp__BitBlt@36           10016024     gdi32:GDI32.dll
 0002:00000028       __imp__CreateDIBSection@24 10016028     gdi32:GDI32.dll
 0002:0000002c       __imp__GdiFlush@0          1001602c     gdi32:GDI32.dll
 0002:00000030       __imp__GetObjectW@12       10016030     gdi32:GDI32.dll
 0002:00000034       __imp__StretchBlt@44       10016034     gdi32:GDI32.dll
 0002:00000038       __imp__GdiAlphaBlend@44    10016038     gdi32:GDI32.dll
 0002:0000003c       __imp__SetStretchBltMode@8 1001603c     gdi32:GDI32.dll
 0002:00000040       __imp__DeleteDC@4          10016040     gdi32:GDI32.dll
 0002:00000044       __imp__SelectObject@8      10016044     gdi32:GDI32.dll
 0002:00000048       __imp__Rectangle@20        10016048     gdi32:GDI32.dll
 0002:0000004c       __imp__SetTextColor@8      1001604c     gdi32:GDI32.dll
 0002:00000050       __imp__SetBkColor@8        10016050     gdi32:GDI32.dll
 0002:00000054       __imp__CreatePen@12        10016054     gdi32:GDI32.dll
 0002:00000058       __imp__MoveToEx@16         10016058     gdi32:GDI32.dll
 0002:0000005c       __imp__LineTo@12           1001605c     gdi32:GDI32.dll
 0002:00000060       __imp__GetStockObject@4    10016060     gdi32:GDI32.dll
 0002:00000064       __imp__CreateSolidBrush@4  10016064     gdi32:GDI32.dll
 0002:00000068       __imp__DeleteObject@4      10016068     gdi32:GDI32.dll
 0002:0000006c       \177GDI32_NULL_THUNK_DATA  1001606c     gdi32:GDI32.dll
 0002:00000070       __imp__lstrcatW@8          10016070     kernel32:KERNEL32.dll
 0002:00000074       __imp__lstrcpyW@8          10016074     kernel32:KERNEL32.dll
 0002:00000078       __imp__Thread32Next@8      10016078     kernel32:KERNEL32.dll
 0002:0000007c       __imp__Thread32First@8     1001607c     kernel32:KERNEL32.dll
 0002:00000080       __imp__CreateToolhelp32Snapshot@8 10016080     kernel32:KERNEL32.dll
 0002:00000084       __imp__VirtualProtect@16   10016084     kernel32:KERNEL32.dll
 0002:00000088       __imp__WriteConsoleInputW@16 10016088     kernel32:KERNEL32.dll
 0002:0000008c       __imp__GetStdHandle@4      1001608c     kernel32:KERNEL32.dll
 0002:00000090       __imp__WideCharToMultiByte@32 10016090     kernel32:KERNEL32.dll
 0002:00000094       __imp__LocalFree@4         10016094     kernel32:KERNEL32.dll
 0002:00000098       __imp__ReadConsoleInputW@16 10016098     kernel32:KERNEL32.dll
 0002:0000009c       __imp__lstrcpynA@12        1001609c     kernel32:KERNEL32.dll
 0002:000000a0       __imp__MultiByteToWideChar@24 100160a0     kernel32:KERNEL32.dll
 0002:000000a4       __imp__lstrlenA@4          100160a4     kernel32:KERNEL32.dll
 0002:000000a8       __imp__LocalAlloc@8        100160a8     kernel32:KERNEL32.dll
 0002:000000ac       __imp__FileTimeToSystemTime@8 100160ac     kernel32:KERNEL32.dll
 0002:000000b0       __imp__GetExitCodeThread@8 100160b0     kernel32:KERNEL32.dll
 0002:000000b4       __imp__WaitForMultipleObjects@16 100160b4     kernel32:KERNEL32.dll
 0002:000000b8       __imp__CreateEventW@16     100160b8     kernel32:KERNEL32.dll
 0002:000000bc       __imp__SetEvent@4          100160bc     kernel32:KERNEL32.dll
 0002:000000c0       __imp__FindClose@4         100160c0     kernel32:KERNEL32.dll
 0002:000000c4       __imp__FindNextFileW@8     100160c4     kernel32:KERNEL32.dll
 0002:000000c8       __imp__FreeLibrary@4       100160c8     kernel32:KERNEL32.dll
 0002:000000cc       __imp__FindFirstFileW@8    100160cc     kernel32:KERNEL32.dll
 0002:000000d0       __imp__GetTempPathW@8      100160d0     kernel32:KERNEL32.dll
 0002:000000d4       __imp__IsBadReadPtr@8      100160d4     kernel32:KERNEL32.dll
 0002:000000d8       __imp__ResetEvent@4        100160d8     kernel32:KERNEL32.dll
 0002:000000dc       __imp__HeapCreate@12       100160dc     kernel32:KERNEL32.dll
 0002:000000e0       __imp__HeapDestroy@4       100160e0     kernel32:KERNEL32.dll
 0002:000000e4       __imp__HeapAlloc@12        100160e4     kernel32:KERNEL32.dll
 0002:000000e8       __imp__HeapReAlloc@16      100160e8     kernel32:KERNEL32.dll
 0002:000000ec       __imp__HeapFree@12         100160ec     kernel32:KERNEL32.dll
 0002:000000f0       __imp__OpenThread@12       100160f0     kernel32:KERNEL32.dll
 0002:000000f4       __imp__InitializeCriticalSection@4 100160f4     kernel32:KERNEL32.dll
 0002:000000f8       __imp__DeleteCriticalSection@4 100160f8     kernel32:KERNEL32.dll
 0002:000000fc       __imp__EnterCriticalSection@4 100160fc     kernel32:KERNEL32.dll
 0002:00000100       __imp__LeaveCriticalSection@4 10016100     kernel32:KERNEL32.dll
 0002:00000104       __imp__TryEnterCriticalSection@4 10016104     kernel32:KERNEL32.dll
 0002:00000108       __imp__VerifyVersionInfoW@16 10016108     kernel32:KERNEL32.dll
 0002:0000010c       __imp__VerSetConditionMask@16 1001610c     kernel32:KERNEL32.dll
 0002:00000110       __imp__ReadConsoleOutputW@20 10016110     kernel32:KERNEL32.dll
 0002:00000114       __imp__GetConsoleScreenBufferInfo@8 10016114     kernel32:KERNEL32.dll
 0002:00000118       __imp__GetFileInformationByHandle@8 10016118     kernel32:KERNEL32.dll
 0002:0000011c       __imp__GetCurrentProcess@0 1001611c     kernel32:KERNEL32.dll
 0002:00000120       __imp__Process32NextW@8    10016120     kernel32:KERNEL32.dll
 0002:00000124       __imp__Process32FirstW@8   10016124     kernel32:KERNEL32.dll
 0002:00000128       __imp__CreateFileMappingW@24 10016128     kernel32:KERNEL32.dll
 0002:0000012c       __imp__VirtualAlloc@16     1001612c     kernel32:KERNEL32.dll
 0002:00000130       __imp__GetSystemInfo@4     10016130     kernel32:KERNEL32.dll
 0002:00000134       __imp__ExpandEnvironmentStringsW@12 10016134     kernel32:KERNEL32.dll
 0002:00000138       __imp__GetEnvironmentVariableW@12 10016138     kernel32:KERNEL32.dll
 0002:0000013c       __imp__TerminateThread@8   1001613c     kernel32:KERNEL32.dll
 0002:00000140       __imp__RaiseException@16   10016140     kernel32:KERNEL32.dll
 0002:00000144       __imp__ResumeThread@4      10016144     kernel32:KERNEL32.dll
 0002:00000148       __imp__CreateThread@24     10016148     kernel32:KERNEL32.dll
 0002:0000014c       __imp__GetCommandLineA@0   1001614c     kernel32:KERNEL32.dll
 0002:00000150       __imp__GetVersionExA@4     10016150     kernel32:KERNEL32.dll
 0002:00000154       __imp__RtlUnwind@16        10016154     kernel32:KERNEL32.dll
 0002:00000158       __imp__VirtualQuery@12     10016158     kernel32:KERNEL32.dll
 0002:0000015c       __imp__InterlockedExchange@8 1001615c     kernel32:KERNEL32.dll
 0002:00000160       __imp__GetModuleHandleA@4  10016160     kernel32:KERNEL32.dll
 0002:00000164       __imp__ExitProcess@4       10016164     kernel32:KERNEL32.dll
 0002:00000168       __imp__TlsGetValue@4       10016168     kernel32:KERNEL32.dll
 0002:0000016c       __imp__TlsAlloc@0          1001616c     kernel32:KERNEL32.dll
 0002:00000170       __imp__TlsSetValue@8       10016170     kernel32:KERNEL32.dll
 0002:00000174       __imp__TlsFree@4           10016174     kernel32:KERNEL32.dll
 0002:00000178       __imp__InterlockedIncrement@4 10016178     kernel32:KERNEL32.dll
 0002:0000017c       __imp__InterlockedDecrement@4 1001617c     kernel32:KERNEL32.dll
 0002:00000180       __imp__SetHandleCount@4    10016180     kernel32:KERNEL32.dll
 0002:00000184       __imp__GetFileType@4       10016184     kernel32:KERNEL32.dll
 0002:00000188       __imp__LoadLibraryW@4      10016188     kernel32:KERNEL32.dll
 0002:0000018c       __imp__GetModuleFileNameA@12 1001618c     kernel32:KERNEL32.dll
 0002:00000190       __imp__FreeEnvironmentStringsA@4 10016190     kernel32:KERNEL32.dll
 0002:00000194       __imp__GetEnvironmentStrings@0 10016194     kernel32:KERNEL32.dll
 0002:00000198       __imp__FreeEnvironmentStringsW@4 10016198     kernel32:KERNEL32.dll
 0002:0000019c       __imp__GetEnvironmentStringsW@0 1001619c     kernel32:KERNEL32.dll
 0002:000001a0       __imp__QueryPerformanceCounter@4 100161a0     kernel32:KERNEL32.dll
 0002:000001a4       __imp__GetSystemTimeAsFileTime@4 100161a4     kernel32:KERNEL32.dll
 0002:000001a8       __imp__OutputDebugStringA@4 100161a8     kernel32:KERNEL32.dll
 0002:000001ac       __imp__LoadLibraryExA@12   100161ac     kernel32:KERNEL32.dll
 0002:000001b0       __imp__GetCPInfo@8         100161b0     kernel32:KERNEL32.dll
 0002:000001b4       __imp__GetACP@0            100161b4     kernel32:KERNEL32.dll
 0002:000001b8       __imp__GetOEMCP@0          100161b8     kernel32:KERNEL32.dll
 0002:000001bc       __imp__TerminateProcess@8  100161bc     kernel32:KERNEL32.dll
 0002:000001c0       __imp__UnhandledExceptionFilter@4 100161c0     kernel32:KERNEL32.dll
 0002:000001c4       __imp__SetUnhandledExceptionFilter@4 100161c4     kernel32:KERNEL32.dll
 0002:000001c8       __imp__GetLocaleInfoA@16   100161c8     kernel32:KERNEL32.dll
 0002:000001cc       __imp__GetStringTypeA@20   100161cc     kernel32:KERNEL32.dll
 0002:000001d0       __imp__GetStringTypeW@16   100161d0     kernel32:KERNEL32.dll
 0002:000001d4       __imp__LCMapStringA@24     100161d4     kernel32:KERNEL32.dll
 0002:000001d8       __imp__LCMapStringW@24     100161d8     kernel32:KERNEL32.dll
 0002:000001dc       __imp__WriteFile@20        100161dc     kernel32:KERNEL32.dll
 0002:000001e0       __imp__TransactNamedPipe@28 100161e0     kernel32:KERNEL32.dll
 0002:000001e4       __imp__ReadFile@20         100161e4     kernel32:KERNEL32.dll
 0002:000001e8       __imp__CreateFileW@28      100161e8     kernel32:KERNEL32.dll
 0002:000001ec       __imp__WaitForSingleObject@8 100161ec     kernel32:KERNEL32.dll
 0002:000001f0       __imp__WaitNamedPipeW@8    100161f0     kernel32:KERNEL32.dll
 0002:000001f4       __imp__Sleep@4             100161f4     kernel32:KERNEL32.dll
 0002:000001f8       __imp__SetNamedPipeHandleState@16 100161f8     kernel32:KERNEL32.dll
 0002:000001fc       __imp__GetModuleFileNameW@12 100161fc     kernel32:KERNEL32.dll
 0002:00000200       __imp__OpenFileMappingW@12 10016200     kernel32:KERNEL32.dll
 0002:00000204       __imp__MapViewOfFile@20    10016204     kernel32:KERNEL32.dll
 0002:00000208       __imp__UnmapViewOfFile@4   10016208     kernel32:KERNEL32.dll
 0002:0000020c       __imp__CloseHandle@4       1001620c     kernel32:KERNEL32.dll
 0002:00000210       __imp__SetLastError@4      10016210     kernel32:KERNEL32.dll
 0002:00000214       __imp__GetCurrentThreadId@0 10016214     kernel32:KERNEL32.dll
 0002:00000218       __imp__GetCurrentProcessId@0 10016218     kernel32:KERNEL32.dll
 0002:0000021c       __imp__GetTickCount@0      1001621c     kernel32:KERNEL32.dll
 0002:00000220       __imp__GetLastError@0      10016220     kernel32:KERNEL32.dll
 0002:00000224       __imp__IsDebuggerPresent@0 10016224     kernel32:KERNEL32.dll
 0002:00000228       __imp__lstrcmpiW@8         10016228     kernel32:KERNEL32.dll
 0002:0000022c       __imp__lstrcmpW@8          1001622c     kernel32:KERNEL32.dll
 0002:00000230       __imp__GetModuleHandleW@4  10016230     kernel32:KERNEL32.dll
 0002:00000234       __imp__GetProcAddress@8    10016234     kernel32:KERNEL32.dll
 0002:00000238       __imp__lstrcpynW@12        10016238     kernel32:KERNEL32.dll
 0002:0000023c       __imp__lstrlenW@4          1001623c     kernel32:KERNEL32.dll
 0002:00000240       __imp__SetEnvironmentVariableW@8 10016240     kernel32:KERNEL32.dll
 0002:00000244       __imp__VirtualFree@12      10016244     kernel32:KERNEL32.dll
 0002:00000248       __imp__GetStartupInfoA@4   10016248     kernel32:KERNEL32.dll
 0002:0000024c       \177KERNEL32_NULL_THUNK_DATA 1001624c     kernel32:KERNEL32.dll
 0002:00000250       __imp__SHGetFileInfoW@20   10016250     shell32:SHELL32.dll
 0002:00000254       \177SHELL32_NULL_THUNK_DATA 10016254     shell32:SHELL32.dll
 0002:00000258       __imp__RegisterWindowMessageW@4 10016258     user32:USER32.dll
 0002:0000025c       __imp__ReleaseDC@8         1001625c     user32:USER32.dll
 0002:00000260       __imp__GetDC@4             10016260     user32:USER32.dll
 0002:00000264       __imp__DestroyIcon@4       10016264     user32:USER32.dll
 0002:00000268       __imp__DrawIconEx@36       10016268     user32:USER32.dll
 0002:0000026c       __imp__GetIconInfo@8       1001626c     user32:USER32.dll
 0002:00000270       __imp__LoadIconW@8         10016270     user32:USER32.dll
 0002:00000274       __imp__wsprintfA           10016274     user32:USER32.dll
 0002:00000278       __imp__ShowWindow@8        10016278     user32:USER32.dll
 0002:0000027c       __imp__DispatchMessageW@4  1001627c     user32:USER32.dll
 0002:00000280       __imp__LoadCursorW@8       10016280     user32:USER32.dll
 0002:00000284       __imp__RegisterClassW@4    10016284     user32:USER32.dll
 0002:00000288       __imp__CreateWindowExW@48  10016288     user32:USER32.dll
 0002:0000028c       __imp__SetWindowLongW@12   1001628c     user32:USER32.dll
 0002:00000290       __imp__DefWindowProcW@16   10016290     user32:USER32.dll
 0002:00000294       __imp__DestroyWindow@4     10016294     user32:USER32.dll
 0002:00000298       __imp__PostThreadMessageW@16 10016298     user32:USER32.dll
 0002:0000029c       __imp__GetMessageW@16      1001629c     user32:USER32.dll
 0002:000002a0       __imp__EndPaint@8          100162a0     user32:USER32.dll
 0002:000002a4       __imp__InvalidateRect@12   100162a4     user32:USER32.dll
 0002:000002a8       __imp__DrawTextW@20        100162a8     user32:USER32.dll
 0002:000002ac       __imp__FillRect@12         100162ac     user32:USER32.dll
 0002:000002b0       __imp__ShowWindowAsync@8   100162b0     user32:USER32.dll
 0002:000002b4       __imp__PostMessageW@16     100162b4     user32:USER32.dll
 0002:000002b8       __imp__GetWindowThreadProcessId@8 100162b8     user32:USER32.dll
 0002:000002bc       __imp__MessageBoxW@16      100162bc     user32:USER32.dll
 0002:000002c0       __imp__IsWindowVisible@4   100162c0     user32:USER32.dll
 0002:000002c4       __imp__GetClientRect@8     100162c4     user32:USER32.dll
 0002:000002c8       __imp__MapWindowPoints@16  100162c8     user32:USER32.dll
 0002:000002cc       __imp__ChildWindowFromPointEx@16 100162cc     user32:USER32.dll
 0002:000002d0       __imp__WindowFromPoint@8   100162d0     user32:USER32.dll
 0002:000002d4       __imp__IntersectRect@12    100162d4     user32:USER32.dll
 0002:000002d8       __imp__GetKeyState@4       100162d8     user32:USER32.dll
 0002:000002dc       __imp__wsprintfW           100162dc     user32:USER32.dll
 0002:000002e0       __imp__GetClassNameW@12    100162e0     user32:USER32.dll
 0002:000002e4       __imp__GetWindowLongW@8    100162e4     user32:USER32.dll
 0002:000002e8       __imp__IsWindow@4          100162e8     user32:USER32.dll
 0002:000002ec       __imp__MapVirtualKeyW@8    100162ec     user32:USER32.dll
 0002:000002f0       __imp__BeginPaint@8        100162f0     user32:USER32.dll
 0002:000002f4       __imp__UnregisterClassW@8  100162f4     user32:USER32.dll
 0002:000002f8       \177USER32_NULL_THUNK_DATA 100162f8     user32:USER32.dll
 0002:000002fc       __imp__GetFileVersionInfoW@16 100162fc     version:VERSION.dll
 0002:00000300       __imp__VerQueryValueW@16   10016300     version:VERSION.dll
 0002:00000304       __imp__GetFileVersionInfoSizeW@8 10016304     version:VERSION.dll
 0002:00000308       \177VERSION_NULL_THUNK_DATA 10016308     version:VERSION.dll
 0002:0000030c       __imp__CoInitialize@4      1001630c     ole32:ole32.dll
 0002:00000310       __imp__CoUninitialize@0    10016310     ole32:ole32.dll
 0002:00000314       \177ole32_NULL_THUNK_DATA  10016314     ole32:ole32.dll
 0002:00000318       ___xc_a                    10016318     libcmt:crt0init.obj
 0002:0000031c       ___xc_z                    1001631c     libcmt:crt0init.obj
 0002:00000320       ___xi_a                    10016320     libcmt:crt0init.obj
 0002:0000032c       ___xi_z                    1001632c     libcmt:crt0init.obj
 0002:00000330       ___xp_a                    10016330     libcmt:crt0init.obj
 0002:00000334       ___xp_z                    10016334     libcmt:crt0init.obj
 0002:00000338       ___xt_a                    10016338     libcmt:crt0init.obj
 0002:0000033c       ___xt_z                    1001633c     libcmt:crt0init.obj
 0002:00000340       ??_C@_19IJOJOJIB@?$AAP?$AAA?$AAT?$AAH?$AA?$AA@ 10016340     CmdArg.obj
 0002:00000350       ??_C@_1EHK@JMHPNAMN@?$AAA?$AAC?$AAT?$AAI?$AAV?$AAA?$AAT?$AAE?$AA?$AA?$AAA?$AAL?$AAI?$AAA?$AAS?$AA?$AA?$AAA?$AAS?$AAS?$AAO?$AAC?$AA?$AA?$AAA?$AAT?$AAT?$AAR?$AAI?$AAB?$AA?$AA?$AAB?$AAE?$AAE?$AAP@ 10016350     CmdLine.obj
 0002:000007cc       ??_C@_1BK@MGMFAEKH@?$AAk?$AAe?$AAr?$AAn?$AAe?$AAl?$AA3?$AA2?$AA?4?$AAd?$AAl?$AAl?$AA?$AA@ 100167cc     CmdLine.obj
 0002:000007e8       ??_C@_11LOCGONAA@?$AA?$AA@ 100167e8     CmdLine.obj
 0002:000007ec       ??_C@_13FPGAJAPJ@?$AA?2?$AA?$AA@ 100167ec     CmdLine.obj
 0002:000007f0       ??_C@_19DOGDICKI@?$AA?4?$AAe?$AAx?$AAe?$AA?$AA@ 100167f0     CmdLine.obj
 0002:000007fc       ??_C@_1BA@LEPJIIOK@?$AAU?$AAn?$AAk?$AAn?$AAo?$AAw?$AAn?$AA?$AA@ 100167fc     ConEmuCheck.obj
 0002:00000810       ??_C@_1EM@INHGIPLC@?$AA?$CF?$AAs?$AA?4?$AA?$CF?$AAu?$AA?3?$AA?5?$AAC?$AAr?$AAe?$AAa?$AAt?$AAe?$AAF?$AAi?$AAl?$AAe?$AA?$CI?$AA?$CF?$AAs?$AA?$CJ?$AA?5?$AAf?$AAa?$AAi?$AAl?$AAe?$AAd?$AA?0?$AA?5?$AAc?$AAo@ 10016810     ConEmuCheck.obj
 0002:0000085c       ??_C@_1DC@MJLCOFMA@?$AA?2?$AA?2?$AA?$CF?$AAs?$AA?2?$AAp?$AAi?$AAp?$AAe?$AA?2?$AAC?$AAo?$AAn?$AAE?$AAm?$AAu?$AAG?$AAu?$AAi?$AA?4?$AA?$CF?$AA0?$AA8?$AAX?$AA?$AA@ 1001685c     ConEmuCheck.obj
 0002:00000890       ??_C@_13JOFGPIOO@?$AA?4?$AA?$AA@ 10016890     ConEmuCheck.obj
 0002:00000898       ??_C@_1FO@BGAPBIGG@?$AAC?$AAa?$AAn?$AA?8?$AAt?$AA?5?$AAm?$AAa?$AAp?$AA?5?$AAc?$AAo?$AAn?$AAs?$AAo?$AAl?$AAe?$AA?5?$AAi?$AAn?$AAf?$AAo?$AA?5?$AA?$CI?$AA?$CF?$AAs?$AA?$CJ?$AA?4?$AA?5?$AAE?$AAr?$AAr@ 10016898     ConEmuCheck.obj
 0002:000008f8       ??_C@_19EOHDNDII@?$AAR?$AAe?$AAa?$AAd?$AA?$AA@ 100168f8     ConEmuCheck.obj
 0002:00000904       ??_C@_1BE@HADLJAO@?$AAR?$AAe?$AAa?$AAd?$AAW?$AAr?$AAi?$AAt?$AAe?$AA?$AA@ 10016904     ConEmuCheck.obj
 0002:00000918       ??_C@_1GM@LGOLGABE@?$AAC?$AAa?$AAn?$AA?8?$AAt?$AA?5?$AA?$CF?$AAs?$AA?5?$AAc?$AAo?$AAn?$AAs?$AAo?$AAl?$AAe?$AA?5?$AAd?$AAa?$AAt?$AAa?$AA?5?$AAf?$AAi?$AAl?$AAe?$AA?5?$AAm?$AAa?$AAp?$AAp?$AAi@ 10016918     ConEmuCheck.obj
 0002:00000984       ??_C@_19BDAJEHDN@?$AAo?$AAp?$AAe?$AAn?$AA?$AA@ 10016984     ConEmuCheck.obj
 0002:00000990       ??_C@_1O@KBENBEFG@?$AAc?$AAr?$AAe?$AAa?$AAt?$AAe?$AA?$AA@ 10016990     ConEmuCheck.obj
 0002:000009a0       ??_C@_1GK@OGACKIKJ@?$AAI?$AAn?$AAt?$AAe?$AAr?$AAn?$AAa?$AAl?$AA?5?$AAe?$AAr?$AAr?$AAo?$AAr?$AA?4?$AA?5?$AAM?$AAa?$AAp?$AAp?$AAi?$AAn?$AAg?$AA?5?$AAf?$AAi?$AAl?$AAe?$AA?5?$AAn?$AAa?$AAm@ 100169a0     ConEmuCheck.obj
 0002:00000a0c       ??_C@_0BF@NLPJFAHE@ProcessSynchroEventW?$AA@ 10016a0c     ConEmuTh.obj
 0002:00000a24       ??_C@_08BCACMCCB@ExitFARW?$AA@ 10016a24     ConEmuTh.obj
 0002:00000a30       ??_C@_1CA@GGFPMHLH@?$AA?6?$AAE?$AAr?$AAr?$AAC?$AAo?$AAd?$AAe?$AA?$DN?$AA0?$AAx?$AA?$CF?$AA0?$AA8?$AAX?$AA?$AA@ 10016a30     ConEmuTh.obj
 0002:00000a50       ??_C@_1DM@GMMDGAJC@?$AAI?$AAn?$AAv?$AAa?$AAl?$AAi?$AAd?$AA?5?$AAA?$AAp?$AAp?$AAP?$AAa?$AAt?$AAh?$AA?5?$AAw?$AAa?$AAs?$AA?5?$AAs?$AAp?$AAe?$AAc?$AAi?$AAf?$AAi?$AAe?$AAd?$AA?$AA@ 10016a50     ConEmuTh.obj
 0002:00000a90       ??_C@_1GC@CPPHDKJK@?$AAL?$AAo?$AAa?$AAd?$AAA?$AAp?$AAp?$AAV?$AAe?$AAr?$AAs?$AAi?$AAo?$AAn?$AA?4?$AAG?$AAe?$AAt?$AAF?$AAi?$AAl?$AAe?$AAV?$AAe?$AAr?$AAs?$AAi?$AAo?$AAn?$AAI?$AAn?$AAf@ 10016a90     ConEmuTh.obj
 0002:00000af8       ??_C@_1GC@BINFLBDC@?$AAL?$AAo?$AAa?$AAd?$AAA?$AAp?$AAp?$AAV?$AAe?$AAr?$AAs?$AAi?$AAo?$AAn?$AA?5?$AAf?$AAa?$AAi?$AAl?$AAe?$AAd?$AA?$CB?$AA?5?$AAC?$AAa?$AAn?$AA?8?$AAt?$AA?5?$AAa?$AAl?$AAl@ 10016af8     ConEmuTh.obj
 0002:00000b60       ??_C@_1FK@HILEEFML@?$AAL?$AAo?$AAa?$AAd?$AAA?$AAp?$AAp?$AAV?$AAe?$AAr?$AAs?$AAi?$AAo?$AAn?$AA?4?$AAG?$AAe?$AAt?$AAF?$AAi?$AAl?$AAe?$AAV?$AAe?$AAr?$AAs?$AAi?$AAo?$AAn?$AAI?$AAn?$AAf@ 10016b60     ConEmuTh.obj
 0002:00000bc0       ??_C@_1FG@DPPGENBC@?$AAL?$AAo?$AAa?$AAd?$AAA?$AAp?$AAp?$AAV?$AAe?$AAr?$AAs?$AAi?$AAo?$AAn?$AA?4?$AAV?$AAe?$AAr?$AAQ?$AAu?$AAe?$AAr?$AAy?$AAV?$AAa?$AAl?$AAu?$AAe?$AA?$CI?$AA?$CC?$AA?2?$AA?$CC@ 10016bc0     ConEmuTh.obj
 0002:00000c18       ??_C@_1FG@LNADFPCE@?$AAL?$AAo?$AAa?$AAd?$AAF?$AAa?$AAr?$AAV?$AAe?$AAr?$AAs?$AAi?$AAo?$AAn?$AA?4?$AAG?$AAe?$AAt?$AAM?$AAo?$AAd?$AAu?$AAl?$AAe?$AAF?$AAi?$AAl?$AAe?$AAN?$AAa?$AAm?$AAe@ 10016c18     ConEmuTh.obj
 0002:00000c70       ??_C@_1BO@KCLMEFLE@?$AAR?$AAi?$AAg?$AAh?$AAt?$AAP?$AAa?$AAn?$AAe?$AAl?$AAV?$AAi?$AAe?$AAw?$AA?$AA@ 10016c70     ConEmuTh.obj
 0002:00000c90       ??_C@_1BM@HEIDIPPL@?$AAL?$AAe?$AAf?$AAt?$AAP?$AAa?$AAn?$AAe?$AAl?$AAV?$AAi?$AAe?$AAw?$AA?$AA@ 10016c90     ConEmuTh.obj
 0002:00000cac       ??_C@_1DC@FOGHAECG@?$AAF?$AAa?$AAr?$AAM?$AAu?$AAl?$AAt?$AAi?$AAV?$AAi?$AAe?$AAw?$AAC?$AAo?$AAn?$AAt?$AAr?$AAo?$AAl?$AAC?$AAl?$AAa?$AAs?$AAs?$AA?$AA@ 10016cac     ConEmuTh.obj
 0002:00000ce0       ??_C@_1DG@DBEAEOKG@?$AAF?$AAa?$AAr?$AAP?$AAi?$AAc?$AAt?$AAu?$AAr?$AAe?$AAV?$AAi?$AAe?$AAw?$AAC?$AAo?$AAn?$AAt?$AAr?$AAo?$AAl?$AAC?$AAl?$AAa?$AAs?$AAs?$AA?$AA@ 10016ce0     ConEmuTh.obj
 0002:00000d18       ??_C@_1BI@GILFJGEK@?$AAB?$AAu?$AAt?$AAt?$AAo?$AAn?$AAC?$AAo?$AAl?$AAo?$AAr?$AA?$AA@ 10016d18     ConEmuTh.obj
 0002:00000d30       ??_C@_1BK@NFAPLMGI@?$AAS?$AAe?$AAp?$AAa?$AAr?$AAa?$AAt?$AAe?$AAT?$AAa?$AAb?$AAs?$AA?$AA@ 10016d30     ConEmuTh.obj
 0002:00000d4c       ??_C@_1CG@HOMCPCN@?$AA?2?$AAP?$AAl?$AAu?$AAg?$AAi?$AAn?$AAs?$AA?2?$AAP?$AAa?$AAn?$AAe?$AAl?$AAT?$AAa?$AAb?$AAs?$AA?$AA@ 10016d4c     ConEmuTh.obj
 0002:00000d74       ??_C@_1BM@OLHABKH@?$AAF?$AAa?$AAr?$AAT?$AAh?$AAu?$AAm?$AAb?$AAn?$AAa?$AAi?$AAl?$AAs?$AA?$AA@ 10016d74     ConEmuTh.obj
 0002:00000d90       ??_C@_1O@EMLLFJNI@?$AAA?$AAc?$AAt?$AAi?$AAv?$AAe?$AA?$AA@ 10016d90     ConEmuTh.obj
 0002:00000da0       ??_C@_0N@IGDGKHAB@ConEmuTh?4cpp?$AA@ 10016da0     ConEmuTh.obj
 0002:00000db0       ??_C@_1DM@JLCDNDHD@?$AAC?$AAo?$AAn?$AAE?$AAm?$AAu?$AAP?$AAa?$AAn?$AAe?$AAl?$AAV?$AAi?$AAe?$AAw?$AAD?$AAl?$AAg?$AAs?$AAM?$AAa?$AAp?$AAp?$AAi?$AAn?$AAg?$AA?4?$AA?$CF?$AAu?$AA?$AA@ 10016db0     ConEmuTh.obj
 0002:00000dec       ??_C@_1DM@OLPDHEPA@?$AAF?$AAa?$AAi?$AAl?$AAe?$AAd?$AA?5?$AAt?$AAo?$AA?5?$AAg?$AAe?$AAt?$AA?5?$AAC?$AAo?$AAn?$AAE?$AAm?$AAu?$AA?5?$AAp?$AAa?$AAl?$AAe?$AAt?$AAt?$AAe?$AA?$CB?$AA?$AA@ 10016dec     ConEmuTh.obj
 0002:00000e28       ??_C@_1BC@DJOGOIHN@?$AAC?$AAo?$AAn?$AAE?$AAm?$AAu?$AAT?$AAh?$AA?$AA@ 10016e28     ConEmuTh.obj
 0002:00000e3c       ??_C@_1DA@BMIFHIMF@?$AAC?$AAo?$AAn?$AAE?$AAm?$AAu?$AAV?$AAi?$AAe?$AAw?$AAS?$AAe?$AAt?$AAM?$AAa?$AAp?$AAp?$AAi?$AAn?$AAg?$AA?4?$AA?$CF?$AAu?$AA?$AA@ 10016e3c     ConEmuTh.obj
 0002:00000e6c       ??_C@_0M@FMNOKGGE@GetFarHWND2?$AA@ 10016e6c     ConEmuTh.obj
 0002:00000e78       ??_C@_0BC@MKJHPCEO@RegisterPanelView?$AA@ 10016e78     ConEmuTh.obj
 0002:00000e8c       ??_C@_1BG@NBIHKCLP@?$AAC?$AAo?$AAn?$AAE?$AAm?$AAu?$AA?4?$AAd?$AAl?$AAl?$AA?$AA@ 10016e8c     ConEmuTh.obj
 0002:00000ea4       ??_C@_17JLFEDMMI@?$AA?$DP?$AA?$DP?$AA?$DP?$AA?$AA@ 10016ea4     ConEmuTh1900.obj
 0002:00000eac       ??_C@_1BC@IALIJCAM@?$AAS?$AAo?$AAr?$AAt?$AAM?$AAo?$AAd?$AAe?$AA?$AA@ 10016eac     ConEmuTh1900.obj
 0002:00000ec0       ??_C@_1BG@MHMKAABO@?$AAS?$AAt?$AAa?$AAt?$AAu?$AAs?$AAL?$AAi?$AAn?$AAe?$AA?$AA@ 10016ec0     ConEmuTh1900.obj
 0002:00000ed8       ??_C@_1BK@MBFACEDG@?$AAC?$AAo?$AAl?$AAu?$AAm?$AAn?$AAT?$AAi?$AAt?$AAl?$AAe?$AAs?$AA?$AA@ 10016ed8     ConEmuTh1900.obj
 0002:00000ef4       ??_C@_1O@PDEOIOBG@?$AAK?$AAe?$AAy?$AAB?$AAa?$AAr?$AA?$AA@ 10016ef4     ConEmuTh1900.obj
 0002:00000f04       ??_C@_1BI@EKLHEFDO@?$AAS?$AAh?$AAo?$AAw?$AAM?$AAe?$AAn?$AAu?$AAB?$AAa?$AAr?$AA?$AA@ 10016f04     ConEmuTh1900.obj
 0002:00000f1c       ??_C@_1DE@DJEAMLPH@?$AAC?$AAo?$AAn?$AAE?$AAm?$AAu?$AA?4?$AAM?$AAa?$AAx?$AAi?$AAm?$AAu?$AAs?$AA5?$AA?$EA?$AAg?$AAm?$AAa?$AAi?$AAl?$AA?4?$AAc?$AAo?$AAm?$AA?$AA@ 10016f1c     ConEmuTh2800.obj
 0002:00000f50       ??_C@_1EM@OOFEGLCO@?$AAT?$AAh?$AAu?$AAm?$AAb?$AAn?$AAa?$AAi?$AAl?$AAs?$AA?5?$AAa?$AAn?$AAd?$AA?5?$AAT?$AAi?$AAl?$AAe?$AAs?$AA?5?$AAi?$AAn?$AA?5?$AAC?$AAo?$AAn?$AAE?$AAm?$AAu?$AA?5?$AAw@ 10016f50     ConEmuTh2800.obj
 0002:00000f9c       ??_C@_1CG@DMGPLFKD@?$AAC?$AAo?$AAn?$AAE?$AAm?$AAu?$AA?5?$AAP?$AAa?$AAn?$AAe?$AAl?$AA?5?$AAV?$AAi?$AAe?$AAw?$AAs?$AA?$AA@ 10016f9c     ConEmuTh2800.obj
 0002:00000fc8       ??_C@_1HI@BNDPAPFP@?$AA?$CF?$AAs?$AA?5?$AA?$CF?$AAs?$AA?$CI?$AA?$CC?$AAb?$AAd?$AA4?$AA5?$AA4?$AAd?$AA4?$AA8?$AA?9?$AA4?$AA4?$AA8?$AAe?$AA?9?$AA4?$AA6?$AAc?$AAc?$AA?9?$AA9?$AA0?$AA9?$AAd?$AA?9?$AAb@ 10016fc8     ConEmuTh2800.obj
 0002:00001040       ??_C@_1BG@LBJCGLOJ@?$AAS?$AAe?$AAt?$AAC?$AAu?$AAr?$AAI?$AAt?$AAe?$AAm?$AA?$AA@ 10017040     ConEmuTh2800.obj
 0002:00001058       ??_C@_1BG@PKDGNNAF@?$AAc?$AAa?$AAl?$AAl?$AAp?$AAl?$AAu?$AAg?$AAi?$AAn?$AA?$AA@ 10017058     ConEmuTh2800.obj
 0002:00001070       ??_C@_1CM@IICFOBPI@?$AA$?$AAi?$AAf?$AA?5?$AA?$CI?$AAS?$AAe?$AAa?$AAr?$AAc?$AAh?$AA?$CJ?$AA?5?$AAE?$AAs?$AAc?$AA?5?$AA$?$AAe?$AAn?$AAd?$AA?$AA@ 10017070     ConEmuTh2800.obj
 0002:0000109c       ??_C@_1CA@GIGEMLLA@?$AAP?$AAl?$AAu?$AAg?$AAi?$AAn?$AA?4?$AAS?$AAy?$AAn?$AAc?$AAC?$AAa?$AAl?$AAl?$AA?$AA@ 1001709c     ConEmuTh2800.obj
 0002:000010c0       ??_C@_1EI@PNMHLKGC@?$AAi?$AAf?$AA?5?$AAA?$AAr?$AAe?$AAa?$AA?4?$AAS?$AAe?$AAa?$AAr?$AAc?$AAh?$AA?5?$AAt?$AAh?$AAe?$AAn?$AA?5?$AAK?$AAe?$AAy?$AAs?$AA?$CI?$AA?$CC?$AAE?$AAs?$AAc?$AA?$CC?$AA?$CJ?$AA?5@ 100170c0     ConEmuTh2800.obj
 0002:00001108       ??_C@_1BE@LFJLOEAN@?$AAC?$AAo?$AAn?$AAE?$AAm?$AAu?$AAT?$AAh?$AA?2?$AA?$AA@ 10017108     ConEmuTh995.obj
 0002:0000113c       ??_C@_1DI@DLGGKEIH@?$AA$?$AAI?$AAf?$AA?5?$AA?$CI?$AA?$CF?$AAc?$AAP?$AAa?$AAn?$AAe?$AAl?$AA?4?$AAL?$AAe?$AAf?$AAt?$AA?$CJ?$AA?5?$AAT?$AAa?$AAb?$AA?5?$AA$?$AAE?$AAn?$AAd?$AA?$AA@ 1001713c     Display.obj
 0002:00001178       ??_C@_1EK@NOCLDABL@?$AAi?$AAf?$AA?5?$AA?$CF?$AAc?$AAP?$AAa?$AAn?$AAe?$AAl?$AA?4?$AAL?$AAe?$AAf?$AAt?$AA?5?$AAt?$AAh?$AAe?$AAn?$AA?5?$AAK?$AAe?$AAy?$AAs?$AA?$CI?$AA?$CC?$AAT?$AAa?$AAb?$AA?$CC?$AA?$CJ@ 10017178     Display.obj
 0002:000011c4       ??_C@_1M@KOMOBEPM@?$AA?$CF?$AAi?$AA?5?$AA?$CF?$AAc?$AA?$AA@ 100171c4     Display.obj
 0002:000011d0       ??_C@_1BG@NLGHAGA@?$AA?$CF?$AAi?$AA?0?$AA?$CF?$AA0?$AA3?$AAi?$AA?5?$AA?$CF?$AAc?$AA?$AA@ 100171d0     Display.obj
 0002:000011e8       ??_C@_1O@NLGMKEDN@?$AAB?$AAK?$AAM?$AAG?$AAT?$AAP?$AA?$AA@ 100171e8     Display.obj
 0002:000011f8       ??_C@_1CO@LEOKLKOD@?$AA?$CF?$AA0?$AA2?$AAi?$AA?4?$AA?$CF?$AA0?$AA2?$AAi?$AA?4?$AA?$CF?$AA0?$AA2?$AAi?$AA?5?$AA?$CF?$AAi?$AA?3?$AA?$CF?$AA0?$AA2?$AAi?$AA?$AA@ 100171f8     Display.obj
 0002:00001228       ??_C@_1CM@MJKKOLFD@?$AAC?$AAo?$AAn?$AAE?$AAm?$AAu?$AA?4?$AA?$CF?$AAs?$AAP?$AAa?$AAn?$AAe?$AAl?$AAV?$AAi?$AAe?$AAw?$AA?4?$AA?$CF?$AAi?$AA?$AA@ 10017228     Display.obj
 0002:00001254       ??_C@_1M@KDEMMBOH@?$AAR?$AAi?$AAg?$AAh?$AAt?$AA?$AA@ 10017254     Display.obj
 0002:00001260       ??_C@_19DKAIAFPE@?$AAL?$AAe?$AAf?$AAt?$AA?$AA@ 10017260     Display.obj
 0002:0000126c       ??_C@_0BG@FGMCOIHO@Thumbs?3?3DisplayThread?$AA@ 1001726c     Display.obj
 0002:00001284       ??_C@_1CI@GNBJKMME@?$AAC?$AAo?$AAn?$AAE?$AAm?$AAu?$AAT?$AAh?$AA?3?$AA?3?$AAM?$AAa?$AAp?$AAC?$AAo?$AAo?$AAr?$AAd?$AAs?$AA?$AA@ 10017284     Display.obj
 0002:000012ac       ??_C@_1CG@OILEFJJN@?$AAC?$AAo?$AAn?$AAE?$AAm?$AAu?$AAT?$AAh?$AA?3?$AA?3?$AAS?$AAe?$AAt?$AAt?$AAi?$AAn?$AAg?$AAs?$AA?$AA@ 100172ac     Display.obj
 0002:000012d4       ??_C@_1BO@IPKBELC@?$AAC?$AAo?$AAn?$AAE?$AAm?$AAu?$AAT?$AAh?$AA?3?$AA?3?$AAF?$AAa?$AAd?$AAe?$AA?$AA@ 100172d4     Display.obj
 0002:000012f4       ??_C@_0L@DOHHADLD@CET_Cancel?$AA@ 100172f4     ImgCache.obj
 0002:00001300       ??_C@_08PFMFDMEL@CET_Free?$AA@ 10017300     ImgCache.obj
 0002:0000130c       ??_C@_08DBEDCDF@CET_Load?$AA@ 1001730c     ImgCache.obj
 0002:00001318       ??_C@_08CBCDAPII@CET_Done?$AA@ 10017318     ImgCache.obj
 0002:00001324       ??_C@_08DHJJJJMJ@CET_Init?$AA@ 10017324     ImgCache.obj
 0002:00001330       ??_C@_1M@NHGOODCJ@?$AA?$CK?$AA?4?$AAt?$AA3?$AA2?$AA?$AA@ 10017330     ImgCache.obj
 0002:0000133c       ??_C@_1BO@EOFABIPH@?$AAC?$AAo?$AAn?$AAE?$AAm?$AAu?$AAT?$AAh?$AA?4?$AAc?$AAa?$AAc?$AAh?$AAe?$AA?$AA@ 1001733c     ImgCache.obj
 0002:0000135c       ??_C@_15DDHGOCBH@?$AA?4?$AA?4?$AA?$AA@ 1001735c     ImgCache.obj
 0002:00001364       ??_C@_19DDLLJDOO@?$AAF?$AAi?$AAl?$AAe?$AA?$AA@ 10017364     ImgCache.obj
 0002:00001370       ??_C@_0N@DDFPJHDO@_GetFileData?$AA@ 10017370     ImgCache.obj
 0002:00001380       ??_C@_1BE@DFPCIADA@?$AAP?$AAB?$AAF?$AAa?$AAr?$AA?4?$AAd?$AAl?$AAl?$AA?$AA@ 10017380     ImgCache.obj
 0002:00001394       ??_C@_19EBFDIIDI@?$AA?4?$AAw?$AAm?$AAf?$AA?$AA@ 10017394     ImgCache.obj
 0002:000013a0       ??_C@_19HFLOJEOK@?$AA?4?$AAp?$AAn?$AAg?$AA?$AA@ 100173a0     ImgCache.obj
 0002:000013ac       ??_C@_19GPGAIFNL@?$AA?4?$AAi?$AAc?$AAo?$AA?$AA@ 100173ac     ImgCache.obj
 0002:000013b8       ??_C@_19KGHJPLAF@?$AA?4?$AAg?$AAi?$AAf?$AA?$AA@ 100173b8     ImgCache.obj
 0002:000013c4       ??_C@_19HKLPDE@?$AA?4?$AAb?$AAm?$AAp?$AA?$AA@ 100173c4     ImgCache.obj
 0002:000013d0       ??_7?$CQueueProcessor@PAUIMAGE_CACHE_INFO@@@@6B@ 100173d0     ImgCache.obj
 0002:00001404       ??_C@_0DL@DGFCHJEK@t?3?2vcproject?2maximus5?2conemu?2src@ 10017404     ImgCache.obj
 0002:00001440       ??_7CImgLoader@@6B@        10017440     ImgCache.obj
 0002:0000147c       ??_C@_0BJ@KDNBOADC@Thumbs?3?3ProcessingThread?$AA@ 1001747c     ImgCache.obj
 0002:00001498       ??_C@_0BK@DNNLOFO@SetSecurityDescriptorDacl?$AA@ 10017498     MSecurity.obj
 0002:000014b4       ??_C@_0BN@FNLANPJJ@InitializeSecurityDescriptor?$AA@ 100174b4     MSecurity.obj
 0002:000014d4       ??_C@_0O@GKCEJBAA@InitializeAcl?$AA@ 100174d4     MSecurity.obj
 0002:000014e4       ??_C@_0N@HBKDHKNL@GetLengthSid?$AA@ 100174e4     MSecurity.obj
 0002:000014f4       ??_C@_0BJ@ECIKFEOL@AllocateAndInitializeSid?$AA@ 100174f4     MSecurity.obj
 0002:00001510       ??_C@_0BD@EIGAJLOG@AddAccessDeniedAce?$AA@ 10017510     MSecurity.obj
 0002:00001524       ??_C@_0BE@IPKPLIM@AddAccessAllowedAce?$AA@ 10017524     MSecurity.obj
 0002:00001538       ??_C@_1BK@BIGILECK@?$AAA?$AAd?$AAv?$AAa?$AAp?$AAi?$AA3?$AA2?$AA?4?$AAd?$AAl?$AAl?$AA?$AA@ 10017538     MSecurity.obj
 0002:00001554       ??_C@_1BO@HJHEFHMO@?$AAK?$AAe?$AAr?$AAn?$AAe?$AAl?$AAB?$AAa?$AAs?$AAe?$AA?4?$AAd?$AAl?$AAl?$AA?$AA@ 10017554     MSecurity.obj
 0002:00001574       ??_C@_15LKGMKBFA@?$AA0?$AA0?$AA?$AA@ 10017574     MStrSafe.obj
 0002:0000157c       ??_C@_1BC@LMIJMNIA@?$AA0?$AA0?$AA0?$AA0?$AA0?$AA0?$AA0?$AA0?$AA?$AA@ 1001757c     MStrSafe.obj
 0002:00001590       ??_C@_1CA@DHOHMJCG@?$AAU?$AAn?$AAi?$AAc?$AAo?$AAd?$AAe?$AA?5?$AAC?$AAh?$AAa?$AAr?$AAM?$AAa?$AAp?$AA?$AA@ 10017590     RgnDetect.obj
 0002:000015b0       ??_C@_13PJJBFPED@?$AA?$DL?$AA?$AA@ 100175b0     WFiles.obj
 0002:000015b8       ??_C@_1GK@PPEHOOAL@?$AAS?$AAO?$AAF?$AAT?$AAW?$AAA?$AAR?$AAE?$AA?2?$AAM?$AAi?$AAc?$AAr?$AAo?$AAs?$AAo?$AAf?$AAt?$AA?2?$AAW?$AAi?$AAn?$AAd?$AAo?$AAw?$AAs?$AA?2?$AAC?$AAu?$AAr?$AAr?$AAe@ 100175b8     WFiles.obj
 0002:00001624       ??_C@_0P@LKABJJMO@IsWow64Process?$AA@ 10017624     WObjects.obj
 0002:00001634       ??_C@_1BI@MPDCNJBA@?$AAt?$AAl?$AAn?$AAt?$AAs?$AAv?$AAr?$AA?4?$AAe?$AAx?$AAe?$AA?$AA@ 10017634     WObjects.obj
 0002:0000164c       ??_C@_1BK@HHKNEJDC@?$AAt?$AAl?$AAn?$AAt?$AAs?$AAe?$AAs?$AAs?$AA?4?$AAe?$AAx?$AAe?$AA?$AA@ 1001764c     WObjects.obj
 0002:00001668       ??_C@_05LCABBMOG@?$CFs?3?$CFi?$AA@ 10017668     WThreads.obj
 0002:00001670       __pDefaultRawDllMain       10017670     libcmt:dllcrt0.obj
 0002:00001674       ??_C@_0P@MIGLKIOC@CorExitProcess?$AA@ 10017674     libcmt:crt0dat.obj
 0002:00001684       ??_C@_0M@MBOPBNBK@mscoree?4dll?$AA@ 10017684     libcmt:crt0dat.obj
 0002:00001690       ??_C@_0O@NLDKAIKN@EncodePointer?$AA@ 10017690     libcmt:tidtable.obj
 0002:000016a0       ??_C@_1BK@DBDEIDLH@?$AAK?$AAE?$AAR?$AAN?$AAE?$AAL?$AA3?$AA2?$AA?4?$AAD?$AAL?$AAL?$AA?$AA@ 100176a0     libcmt:tidtable.obj
 0002:000016bc       ??_C@_1BO@DACJGIGO@?$AAK?$AAE?$AAR?$AAN?$AAE?$AAL?$AAB?$AAA?$AAS?$AAE?$AA?4?$AAD?$AAL?$AAL?$AA?$AA@ 100176bc     libcmt:tidtable.obj
 0002:000016dc       ??_C@_0O@KBPMFGHI@DecodePointer?$AA@ 100176dc     libcmt:tidtable.obj
 0002:000016ec       ??_C@_07PEJMOBNF@FlsFree?$AA@ 100176ec     libcmt:tidtable.obj
 0002:000016f4       ??_C@_0M@JCPCPOEF@FlsSetValue?$AA@ 100176f4     libcmt:tidtable.obj
 0002:00001700       ??_C@_0M@GDNOONDI@FlsGetValue?$AA@ 10017700     libcmt:tidtable.obj
 0002:0000170c       ??_C@_08KNHFBNJ@FlsAlloc?$AA@ 1001770c     libcmt:tidtable.obj
 0002:00001718       ??_C@_0P@GGKDKEEG@runtime?5error?5?$AA@ 10017718     libcmt:crt0msg.obj
 0002:00001728       ??_C@_02PCIJFNDE@?$AN?6?$AA@ 10017728     libcmt:crt0msg.obj
[...]
 0002:00002948       ??_C@_08INBOOONO@Saturday?$AA@ 10018948     libcmt:_strftime.obj
 0002:00002954       ??_C@_06JECMNKMI@Friday?$AA@ 10018954     libcmt:_strftime.obj
 0002:0000295c       ??_C@_08HACCIKIA@Thursday?$AA@ 1001895c     libcmt:_strftime.obj
 0002:00002968       ??_C@_09DLIGFAKA@Wednesday?$AA@ 10018968     libcmt:_strftime.obj
 0002:00002974       ??_C@_07BAAGCFCM@Tuesday?$AA@ 10018974     libcmt:_strftime.obj
 0002:0000297c       ??_C@_06JLEDEDGH@Monday?$AA@ 1001897c     libcmt:_strftime.obj
 0002:00002984       ??_C@_06OOPIFAJ@Sunday?$AA@ 10018984     libcmt:_strftime.obj
 0002:0000298c       ??_C@_03FEFJNEK@Sat?$AA@   1001898c     libcmt:_strftime.obj
 0002:00002990       ??_C@_03IDIOELNC@Fri?$AA@  10018990     libcmt:_strftime.obj
 0002:00002994       ??_C@_03IOFIKPDN@Thu?$AA@  10018994     libcmt:_strftime.obj
 0002:00002998       ??_C@_03MHOMLAJA@Wed?$AA@  10018998     libcmt:_strftime.obj
 0002:0000299c       ??_C@_03NAGEINEP@Tue?$AA@  1001899c     libcmt:_strftime.obj
 0002:000029a0       ??_C@_03PDAGKDH@Mon?$AA@   100189a0     libcmt:_strftime.obj
 0002:000029a4       ??_C@_03KOEHGMDN@Sun?$AA@  100189a4     libcmt:_strftime.obj
 0002:000029a8       ??_C@_13NOLLCAOD@?$AA?$AA?$AA?$AA@ 100189a8     libcmt:_a_str.obj
 0002:000029ac       ___dnames                  100189ac     libcmt:timeset.obj
 0002:000029c4       ___mnames                  100189c4     libcmt:timeset.obj
 0002:000029ec       ??_C@_0BI@BKLFFAPO@SetThreadStackGuarantee?$AA@ 100189ec     libcmt:resetstk.obj
 0002:00002d7c       __IMPORT_DESCRIPTOR_VERSION 10018d7c     version:VERSION.dll
 0002:00002d90       __IMPORT_DESCRIPTOR_KERNEL32 10018d90     kernel32:KERNEL32.dll
 0002:00002da4       __IMPORT_DESCRIPTOR_USER32 10018da4     user32:USER32.dll
 0002:00002db8       __IMPORT_DESCRIPTOR_GDI32  10018db8     gdi32:GDI32.dll
 0002:00002dcc       __IMPORT_DESCRIPTOR_ADVAPI32 10018dcc     advapi32:ADVAPI32.dll
 0002:00002de0       __IMPORT_DESCRIPTOR_SHELL32 10018de0     shell32:SHELL32.dll
 0002:00002df4       __IMPORT_DESCRIPTOR_ole32  10018df4     ole32:ole32.dll
 0002:00002e08       __NULL_IMPORT_DESCRIPTOR   10018e08     version:VERSION.dll
 0003:00000000       ?gsInternalCommands@@3PB_WB 1001b000     CmdLine.obj
 0003:00000004       ?gbPreloadByDefault@@3HA   1001b004     ConEmuTh.obj
 0003:00000008       ?gcrCurColors@@3PAKA       1001b008     ConEmuTh.obj
 0003:0000000c       ?Far3Func@@3PAUExportFunc@@A 1001b00c     ConEmuTh.obj
 0003:00000030       ?StdPalette@?1??GetStdPalette@Far3Color@@SIPBKXZ@4PAKA 1001b030     ConEmuTh1900.obj
 0003:00000070       ?guid_ConEmuTh@@3U_GUID@@A 1001b070     ConEmuTh2800.obj
 0003:00000080       ?guid_ConEmuThPluginMenu@@3U_GUID@@A 1001b080     ConEmuTh2800.obj
 0003:00000090       ?g_TerminatedThreadIdx@@3JA 1001b090     WThreads.obj
 0003:000000a0       __NLG_Destination          1001b0a0     libcmt:exsup.obj
 0003:000000b0       __XcptActTab               1001b0b0     libcmt:winxfltr.obj
 0003:00000128       __First_FPE_Indx           1001b128     libcmt:winxfltr.obj
 0003:0000012c       __Num_FPE                  1001b12c     libcmt:winxfltr.obj
 0003:00000130       __XcptActTabSize           1001b130     libcmt:winxfltr.obj
 0003:00000134       __XcptActTabCount          1001b134     libcmt:winxfltr.obj
 0003:00000138       __aexit_rtn                1001b138     libcmt:crt0dat.obj
 0003:0000013c       ___getvalueindex           1001b13c     libcmt:tidtable.obj
 0003:00000140       ___flsindex                1001b140     libcmt:tidtable.obj
 0003:00000144       ___badioinfo               1001b144     libcmt:ioinit.obj
 0003:00000168       __amblksiz                 1001b168     libcmt:heapinit.obj
 0003:0000016c       ___security_cookie         1001b16c     libcmt:gs_cookie.obj
 0003:00000170       ___security_cookie_complement 1001b170     libcmt:gs_cookie.obj
 0003:000004c0       __cfltcvt_tab              1001b4c0     libcmt:cmiscdat.obj
 0003:000004f0       ___clocalestr              1001b4f0     libcmt:nlsdata2.obj
 0003:000004f8       ___initiallocinfo          1001b4f8     libcmt:nlsdata2.obj
 0003:000005d0       ___ptlocinfo               1001b5d0     libcmt:nlsdata2.obj
 0003:000005d4       ___lc_clike                1001b5d4     libcmt:nlsdata2.obj
 0003:000005d8       ___initiallocalestructinfo 1001b5d8     libcmt:nlsdata2.obj
 0003:000005e0       ___initialmbcinfo          1001b5e0     libcmt:mbctype.obj
 0003:00000800       __mbctype                  1001b800     libcmt:mbctype.obj
 0003:00000908       __mbcasemap                1001b908     libcmt:mbctype.obj
 0003:00000a08       ___ptmbcinfo               1001ba08     libcmt:mbctype.obj
 0003:00000b00       ___abort_behavior          1001bb00     libcmt:abort.obj
 0003:00000b04       __pctype                   1001bb04     libcmt:ctype.obj
 0003:00000b08       __pwctype                  1001bb08     libcmt:ctype.obj
 0003:00000b10       ___lc_time_c               1001bb10     libcmt:_strftime.obj
 0003:00000c74       ___lc_time_curr            1001bc74     libcmt:_strftime.obj
 0003:00000c78       ___lconv_static_decimal    1001bc78     libcmt:lconv.obj
 0003:00000c7c       ___lconv_static_W_decimal  1001bc7c     libcmt:lconv.obj
 0003:00000c80       ___lconv_c                 1001bc80     libcmt:lconv.obj
 0003:00000cd0       ___lconv                   1001bcd0     libcmt:lconv.obj
 0003:00000cd4       ___globallocalestatus      1001bcd4     libcmt:glstatus.obj
 0003:00000cd8       ___mb_cur_max              1001bcd8     libcmt:nlsdata1.obj
 0003:00000cdc       ___decimal_point           1001bcdc     libcmt:nlsdata1.obj
 0003:00000ce0       ___decimal_point_length    1001bce0     libcmt:nlsdata1.obj
 0003:00000cf0       __timezone                 1001bcf0     libcmt:timeset.obj
 0003:00000cf4       __daylight                 1001bcf4     libcmt:timeset.obj
 0003:00000cf8       __dstbias                  1001bcf8     libcmt:timeset.obj
 0003:00000d80       __tzname                   1001bd80     libcmt:timeset.obj
 0003:00000da0       __lpdays                   1001bda0     libcmt:days.obj
 0003:00000dd4       __days                     1001bdd4     libcmt:days.obj
 0003:00000e20       ?gbInCommonShutdown@@3HA   1001be20     Common.obj
 0003:00000e24       ?OnShutdownConsole@@3P6GXXZA 1001be24     Common.obj
 0003:00000e28       ?gpLocalSecurity@@3PAU_SECURITY_ATTRIBUTES@@A 1001be28     ConEmuCheck.obj
 0003:00000e2c       ?gfGetRealConsoleWindow@@3P6GPAUHWND__@@XZA 1001be2c     ConEmuCheck.obj
 0003:00000e30       ?ghWorkingModule@@3_KA     1001be30     ConEmuCheck.obj
 0003:00000e78       ?gsHardLink@@3PA_WA        1001be78     ConEmuTh.obj
 0003:00000ef8       ?gsJunction@@3PA_WA        1001bef8     ConEmuTh.obj
 0003:00000f78       ?gsSymLink@@3PA_WA         1001bf78     ConEmuTh.obj
 0003:00000ff8       ?gsTitleThumbs@@3PA_WA     1001bff8     ConEmuTh.obj
 0003:00001078       ?gsTitleTiles@@3PA_WA      1001c078     ConEmuTh.obj
 0003:000010f8       ?gsFolder@@3PA_WA          1001c0f8     ConEmuTh.obj
 0003:00001178       ?gdwModes@@3PAKA           1001c178     ConEmuTh.obj
 0003:00001180       ?gThSet@@3UPanelViewSetMapping@@A 1001c180     ConEmuTh.obj
 0003:00001398       ?ghConEmuRoot@@3PAUHWND__@@A 1001c398     ConEmuTh.obj
 0003:0000139c       ?ghConEmuWnd@@3PAUHWND__@@A 1001c39c     ConEmuTh.obj
 0003:000013a0       ?ghPluginModule@@3PAUHINSTANCE__@@A 1001c3a0     ConEmuTh.obj
 0003:000013a4       ?TerminalMode@@3HA         1001c3a4     ConEmuTh.obj
 0003:000013a8       ?gnSelfPID@@3KA            1001c3a8     ConEmuTh.obj
 0003:000013ac       ?gnMainThreadId@@3KA       1001c3ac     ConEmuTh.obj
 0003:000013b0       ?gnMainThreadIdInitial@@3KA 1001c3b0     ConEmuTh.obj
 0003:000013b4       ?ghDisplayThread@@3PAXA    1001c3b4     ConEmuTh.obj
 0003:000013b8       ?gnDisplayThreadId@@3KA    1001c3b8     ConEmuTh.obj
 0003:000013bc       ?gFarVersion@@3UFarVersion@@A 1001c3bc     ConEmuTh.obj
 0003:000013c8       ?gfRegisterPanelView@@3P6GHPAUPanelViewInit@@@ZA 1001c3c8     ConEmuTh.obj
 0003:000013cc       ?gfGetFarHWND2@@3P6GPAUHWND__@@H@ZA 1001c3cc     ConEmuTh.obj
 0003:000013d0       ?pviLeft@@3UCeFullPanelInfo@@A 1001c3d0     ConEmuTh.obj
 0003:00001638       ?pviRight@@3UCeFullPanelInfo@@A 1001c638     ConEmuTh.obj
 0003:000018a0       ?gpRgnDetect@@3PAVCRgnDetect@@A 1001c8a0     ConEmuTh.obj
 0003:000018a4       ?gpImgCache@@3PAVCImgCache@@A 1001c8a4     ConEmuTh.obj
 0003:000018a8       ?gFarInfo@@3UCEFAR_INFO_MAPPING@@A 1001c8a8     ConEmuTh.obj
 0003:00021be0       ?gThPal@@3UCESERVER_PALETTE@@A 1003cbe0     ConEmuTh.obj
 0003:00021c60       ?gbFadeColors@@3_NA        1003cc60     ConEmuTh.obj
 0003:00021c61       ?gbFarPanelsReady@@3_NA    1003cc61     ConEmuTh.obj
 0003:00021c62       ?gbConsoleChangesSyncho@@3_NA 1003cc62     ConEmuTh.obj
 0003:00021c63       ?gbSynchoRedrawPanelRequested@@3_NA 1003cc63     ConEmuTh.obj
 0003:00021c64       ?gnRgnDetectFlags@@3KA     1003cc64     ConEmuTh.obj
 0003:00021c68       ?gFarPanelSettings@@3UCEFarPanelSettings@@A 1003cc68     ConEmuTh.obj
 0003:00021c6c       ?gFarInterfaceSettings@@3UCEFarInterfaceSettings@@A 1003cc6c     ConEmuTh.obj
 0003:00021c70       ?gnWaitForKeySeqTick@@3KA  1003cc70     ConEmuTh.obj
 0003:00021c74       ?wScanCodeUp@@3GA          1003cc74     ConEmuTh.obj
 0003:00021c78       ?wScanCodeDown@@3GA        1003cc78     ConEmuTh.obj
 0003:00021c7c       ?gnConsoleChanges@@3KA     1003cc7c     ConEmuTh.obj
 0003:00021c80       ?gpLastSynchroArg@@3PAUConEmuThSynchroArg@@A 1003cc80     ConEmuTh.obj
 0003:00021c84       ?gpDbgDlg@@3PAV?$MFileMapping@Utag_DetectedDialog@@@@A 1003cc84     ConEmuTh.obj
 0003:00021c88       ?gbInfoW_OK@@3HA           1003cc88     ConEmuTh.obj
 0003:00021c90       ?InfoW1900@@3PAUPluginStartupInfo@@A 1003cc90     ConEmuTh1900.obj
 0003:00021c94       ?FSFW1900@@3PAUFarStandardFunctions@@A 1003cc94     ConEmuTh1900.obj
 0003:00021c98       ?LastIndex@?1??Color2FgIndex@Far3Color@@SIXKAAGPBK@Z@4HA 1003cc98     ConEmuTh1900.obj
 0003:00021c9c       ?LastColor@?1??Color2FgIndex@Far3Color@@SIXKAAGPBK@Z@4KA 1003cc9c     ConEmuTh1900.obj
 0003:00021ca0       ?LastIndex@?1??Color2BgIndex@Far3Color@@SIXKHAAGPBK@Z@4HA 1003cca0     ConEmuTh1900.obj
 0003:00021ca4       ?LastColor@?1??Color2BgIndex@Far3Color@@SIXKHAAGPBK@Z@4KA 1003cca4     ConEmuTh1900.obj
 0003:00021eb0       ?InfoW2800@@3PAUPluginStartupInfo@@A 1003ceb0     ConEmuTh2800.obj
 0003:00021eb4       ?FSFW2800@@3PAUFarStandardFunctions@@A 1003ceb4     ConEmuTh2800.obj
 0003:000220c0       ?InfoW995@@3PAUPluginStartupInfo@@A 1003d0c0     ConEmuTh995.obj
 0003:000220c4       ?FSFW995@@3PAUFarStandardFunctions@@A 1003d0c4     ConEmuTh995.obj
 0003:000222d0       ?InfoA@@3PAUPluginStartupInfo@@A 1003d2d0     ConEmuThA.obj
 0003:000222d4       ?FSFA@@3PAUFarStandardFunctions@@A 1003d2d4     ConEmuThA.obj
 0003:000223e4       ?ghCreateEvent@@3PAXA      1003d3e4     Display.obj
 0003:000223e8       ?gnCreateViewError@@3HA    1003d3e8     Display.obj
 0003:000223ec       ?gnWin32Error@@3KA         1003d3ec     Display.obj
 0003:000223f0       ?gbCancelAll@@3HA          1003d3f0     Display.obj
 0003:000223f4       ?gnConEmuFadeMsg@@3IA      1003d3f4     Display.obj
 0003:000223f8       ?gnConEmuSettingsMsg@@3IA  1003d3f8     Display.obj
 0003:000223fc       ?gnMapCoordMsg@@3IA        1003d3fc     Display.obj
 0003:00022400       ?ghUpIcon@@3PAUHICON__@@A  1003d400     ImgCache.obj
 0003:00022404       ?AssertMsgBox@@3P6IHPB_WI0PAUHWND__@@_N@ZA 1003d404     MAssert.obj
 0003:00022408       ?ghHeap@@3PAXA             1003d408     Memory.obj
 0003:0002240c       ?gNullDesc@@3PAVMNullDesc@@A 1003d40c     MSecurity.obj
 0003:00022414       ?gfnSearchAppPaths@@3P6I_NPB_WAAUCmdArg@@_NPAU1@@ZA 1003d414     WObjects.obj
 0003:00022418       ?gfVirtualAlloc@@3P6GPAXPAXKKK@ZA 1003d418     WObjects.obj
 0003:00029820       ?g_ThreadsIdx@@3JA         10044820     WThreads.obj
 0003:0002982c       __aenvptr                  1004482c     libcmt:dllcrt0.obj
 0003:00029830       __wenvptr                  10044830     libcmt:dllcrt0.obj
 0003:00029834       ___error_mode              10044834     libcmt:dllcrt0.obj
 0003:00029838       ___app_type                10044838     libcmt:dllcrt0.obj
 0003:000298c8       __umaskval                 100448c8     libcmt:crt0dat.obj
 0003:000298cc       __osplatform               100448cc     libcmt:crt0dat.obj
 0003:000298d0       __osver                    100448d0     libcmt:crt0dat.obj
 0003:000298d4       __winver                   100448d4     libcmt:crt0dat.obj
 0003:000298d8       __winmajor                 100448d8     libcmt:crt0dat.obj
 0003:000298dc       __winminor                 100448dc     libcmt:crt0dat.obj
 0003:000298e0       ___argc                    100448e0     libcmt:crt0dat.obj
 0003:000298e4       ___argv                    100448e4     libcmt:crt0dat.obj
 0003:000298e8       ___wargv                   100448e8     libcmt:crt0dat.obj
 0003:000298ec       __environ                  100448ec     libcmt:crt0dat.obj
 0003:000298f0       ___initenv                 100448f0     libcmt:crt0dat.obj
 0003:000298f4       __wenviron                 100448f4     libcmt:crt0dat.obj
 0003:000298f8       ___winitenv                100448f8     libcmt:crt0dat.obj
 0003:000298fc       __pgmptr                   100448fc     libcmt:crt0dat.obj
 0003:00029900       __wpgmptr                  10044900     libcmt:crt0dat.obj
 0003:00029904       __exitflag                 10044904     libcmt:crt0dat.obj
 0003:00029908       __C_Termination_Done       10044908     libcmt:crt0dat.obj
 0003:0002990c       __C_Exit_Done              1004490c     libcmt:crt0dat.obj
 0003:00029910       _gpFlsAlloc                10044910     libcmt:tidtable.obj
 0003:00029914       _gpFlsGetValue             10044914     libcmt:tidtable.obj
 0003:00029918       _gpFlsSetValue             10044918     libcmt:tidtable.obj
 0003:0002991c       _gpFlsFree                 1004491c     libcmt:tidtable.obj
 0003:00029a2c       __crtheap                  10044a2c     libcmt:heapinit.obj
 0003:00029e98       ?__pInconsistency@@3P6AXXZA 10044e98     libcmt:hooks.obj
 0003:00029eb8       ?_pnhHeap@@3P6AHI@ZA       10044eb8     libcmt:handler.obj
 0003:00029ebc       ___locale_changed          10044ebc     libcmt:setlocal.obj
 0003:00029ec0       ___lc_handle               10044ec0     libcmt:nlsdata2.obj
 0003:00029ed8       ___lc_codepage             10044ed8     libcmt:nlsdata2.obj
 0003:00029edc       ___lc_collate_cp           10044edc     libcmt:nlsdata2.obj
 0003:00029ee4       ___mbulinfo                10044ee4     libcmt:mbctype.obj
 0003:00029ef0       ___mbcodepage              10044ef0     libcmt:mbctype.obj
 0003:00029ef4       ___ismbcodepage            10044ef4     libcmt:mbctype.obj
 0003:00029ef8       ___mblcid                  10044ef8     libcmt:mbctype.obj
 0003:00029efc       __maxwait                  10044efc     libcmt:crtheap.obj
 0003:00029f00       ___sbh_pHeaderDefer        10044f00     libcmt:sbheap.obj
 0003:00029f04       __newmode                  10044f04     libcmt:_newmode.obj
 0003:0002a238       ___lconv_static_null       10045238     libcmt:lconv.obj
 0003:0002a23c       ___lconv_static_W_null     1004523c     libcmt:lconv.obj
 0003:0002a300       ___sbh_cntHeaderList       10045300     <common>
 0003:0002a304       ___sbh_pHeaderList         10045304     <common>
 0003:0002a308       ___sbh_threshold           10045308     <common>
 0003:0002a30c       ___sbh_pHeaderScan         1004530c     <common>
 0003:0002a310       ___sbh_sizeHeaderList      10045310     <common>
 0003:0002a314       ___sbh_indGroupDefer       10045314     <common>
 0003:0002a318       ___active_heap             10045318     <common>
 0003:0002a31c       __nhandle                  1004531c     <common>
 0003:0002a320       ___pioinfo                 10045320     <common>
 0003:0002a420       ___env_initialized         10045420     <common>
 0003:0002a424       ___onexitend               10045424     <common>
 0003:0002a428       ___onexitbegin             10045428     <common>
 0003:0002a42c       ___mbctype_initialized     1004542c     <common>
 0003:0002a430       __FPinit                   10045430     <common>
 0003:0002a434       ___initenv_end             10045434     <common>
 0003:0002a438       ___dyn_tls_init_callback   10045438     <common>
 0003:0002a43c       __pDestructExceptionObject 1004543c     <common>
 0003:0002a440       ___sse2_available          10045440     <common>
 0003:0002a444       __acmdln                   10045444     <common>
 0003:0002a448       __pRawDllMain              10045448     <common>

 entry point at        0001:0000f0d6

 Static symbols

 0001:000002fb       ?StringCopyWorkerW@@YGJPA_WIPAIPB_WI@Z 100012fb f   ConEmuCheck.obj
 0001:000007fb       ?LoadAppVersion@@YI_NPB_WAAUtagVS_FIXEDFILEINFO@@AAY0CAA@_W@Z 100017fb f   ConEmuTh.obj
 0001:0000096b       ?LoadFarVersion@@YI_NPB_WAAUFarVersion@@AAY0CAA@_W@Z 1000196b f   ConEmuTh.obj
 0001:000009d2       ?LoadFarVersion@@YI_NAAUFarVersion@@AAY0CAA@_W@Z 100019d2 f   ConEmuTh.obj
 0001:00000aee       ?ChangeExports@@YI_NPBUExportFunc@@PAUHINSTANCE__@@@Z 10001aee f   ConEmuTh.obj
 0001:000032d0       ?GetFarSetting@@YIHPAXIPB_W@Z 100042d0 f   ConEmuTh1900.obj
 0001:00003316       ?LoadFarSettingsW1900@@YIXPAUCEFarInterfaceSettings@@PAUCEFarPanelSettings@@@Z 10004316 f   ConEmuTh1900.obj
 0001:0000423f       ?GetFarSetting@@YIHPAXIPB_W@Z 1000523f f   ConEmuTh2800.obj
 0001:00004288       ?LoadFarSettingsW2800@@YIXPAUCEFarInterfaceSettings@@PAUCEFarPanelSettings@@@Z 10005288 f   ConEmuTh2800.obj
 0001:00005155       ?LoadFarSettingsW995@@YIXPAUCEFarInterfaceSettings@@PAUCEFarPanelSettings@@@Z 10006155 f   ConEmuTh995.obj
 0001:000059a2       ?LoadFarSettingsA@@YIXPAUCEFarInterfaceSettings@@PAUCEFarPanelSettings@@@Z 100069a2 f   ConEmuThA.obj
 0001:0000ee8b       ___DllMainCRTStartup@12    1000fe8b f   libcmt:dllcrt0.obj
 0001:0000f0ec       _has_osfxsr_set            100100ec f   libcmt:cpu_disp.obj
 0001:0000f204       __unwind_handler           10010204 f   libcmt:exsup.obj
 0001:0000f320       _ValidateScopeTableHandlers 10010320 f   libcmt:eh3valid.obj
 0001:0000f938       __initterm                 10010938 f   libcmt:crt0dat.obj
 0001:0000fa5a       _doexit                    10010a5a f   libcmt:crt0dat.obj
 0001:0001074d       _parse_cmdline             1001174d f   libcmt:stdargv.obj
 0001:00011512       _siglookup                 10012512 f   libcmt:winsig.obj
 0001:00011724       ___crtInitCritSecNoSpinCount@8 10012724 f   libcmt:initcrit.obj
 0001:00011ac9       __updatetlocinfoEx_nolock  10012ac9 f   libcmt:setlocal.obj
 0001:00011b82       ?CPtoLCID@@YAHH@Z          10012b82 f   libcmt:mbctype.obj
 0001:00011bb1       ?setSBCS@@YAXPAUthreadmbcinfostruct@@@Z 10012bb1 f   libcmt:mbctype.obj
 0001:00011c15       ?setSBUpLow@@YAXPAUthreadmbcinfostruct@@@Z 10012c15 f   libcmt:mbctype.obj
 0001:00011ef4       ?getSystemCP@@YAHH@Z       10012ef4 f   libcmt:mbctype.obj
 0001:00012bc4       ?x_ismbbtype_l@@YAHPAUlocaleinfo_struct@@IHH@Z 10013bc4 f   libcmt:ismbbyte.obj
 0001:00013228       __unwind_handler4          10014228 f   libcmt:exsup4.obj
 0001:00013bc6       ?__crtGetStringTypeA_stat@@YAHPAUlocaleinfo_struct@@KPBDHPAGHHH@Z 10014bc6 f   libcmt:_a_str.obj
 0001:00013dc2       ?__crtLCMapStringA_stat@@YAHPAUlocaleinfo_struct@@KKPBDHPADHHH@Z 10014dc2 f   libcmt:_a_map.obj
 0001:000142bc       _fastcopy_I                100152bc f   libcmt:p4_memcpy.obj
 0001:000148fb       ?strtoxlX@@YAKPAUlocaleinfo_struct@@PBDPAPBDHHH@Z 100158fb f   libcmt:_strtol.obj
